Archive member included because of file (symbol)

C:/Freescale/CW MCU v10.5/MCU/ARM_GCC_Support/ewl/lib/armv6-m\libc.a(exit.o)
                              ./Project_Settings/Startup_Code/__arm_start.o (exit)
C:/Freescale/CW MCU v10.5/MCU/ARM_GCC_Support/ewl/lib/armv6-m\libc.a(rand.o)
                              ./Sources/SnakeLogic.o (rand)
C:/Freescale/CW MCU v10.5/MCU/ARM_GCC_Support/ewl/lib/armv6-m\libc.a(memset.o)
                              ./Project_Settings/Startup_Code/__arm_start.o (memset)
C:/Freescale/CW MCU v10.5/MCU/ARM_GCC_Support/ewl/lib/armv6-m\libc.a(printformat_.o)
                              (__pformatter_)
C:/Freescale/CW MCU v10.5/MCU/ARM_GCC_Support/ewl/lib/armv6-m\libc.a(scanformat_.o)
                              (__sformatter)
C:/Freescale/CW MCU v10.5/MCU/ARM_GCC_Support/ewl/lib/armv6-m\libc.a(ctype_aeabi.o)
                              C:/Freescale/CW MCU v10.5/MCU/ARM_GCC_Support/ewl/lib/armv6-m\libc.a(scanformat_.o) (isspace)
C:/Freescale/CW MCU v10.5/MCU/ARM_GCC_Support/ewl/lib/armv6-m\libc.a(__strtoul.o)
                              C:/Freescale/CW MCU v10.5/MCU/ARM_GCC_Support/ewl/lib/armv6-m\libc.a(scanformat_.o) (__strtoul)
C:/Freescale/CW MCU v10.5/MCU/ARM_GCC_Support/ewl/lib/armv6-m\libc.a(__filll_mem.o)
                              C:/Freescale/CW MCU v10.5/MCU/ARM_GCC_Support/ewl/lib/armv6-m\libc.a(memset.o) (__fill_mem)
C:/Freescale/CW MCU v10.5/MCU/ARM_GCC_Support/ewl/lib/armv6-m\libc.a(memchr.o)
                              C:/Freescale/CW MCU v10.5/MCU/ARM_GCC_Support/ewl/lib/armv6-m\libc.a(printformat_.o) (memchr)
C:/Freescale/CW MCU v10.5/MCU/ARM_GCC_Support/ewl/lib/armv6-m\libc.a(memcpy.o)
                              C:/Freescale/CW MCU v10.5/MCU/ARM_GCC_Support/ewl/lib/armv6-m\libc.a(scanformat_.o) (memcpy)
C:/Freescale/CW MCU v10.5/MCU/ARM_GCC_Support/ewl/lib/armv6-m\libc.a(strchr.o)
                              C:/Freescale/CW MCU v10.5/MCU/ARM_GCC_Support/ewl/lib/armv6-m\libc.a(printformat_.o) (strchr)
C:/Freescale/CW MCU v10.5/MCU/ARM_GCC_Support/ewl/lib/armv6-m\libc.a(strlen.o)
                              C:/Freescale/CW MCU v10.5/MCU/ARM_GCC_Support/ewl/lib/armv6-m\libc.a(printformat_.o) (strlen)
C:/Freescale/CW MCU v10.5/MCU/ARM_GCC_Support/ewl/lib/armv6-m\libm.a(round.o)
                              ./Sources/OLEDFB.o (round)
C:/Freescale/CW MCU v10.5/MCU/ARM_GCC_Support/ewl/lib/armv6-m\libm.a(s_cos.o)
                              ./Sources/OLEDFB3D.o (cos)
C:/Freescale/CW MCU v10.5/MCU/ARM_GCC_Support/ewl/lib/armv6-m\libm.a(s_modf.o)
                              C:/Freescale/CW MCU v10.5/MCU/ARM_GCC_Support/ewl/lib/armv6-m\libm.a(round.o) (modf)
C:/Freescale/CW MCU v10.5/MCU/ARM_GCC_Support/ewl/lib/armv6-m\libm.a(s_sin.o)
                              ./Sources/OLEDFB3D.o (sin)
C:/Freescale/CW MCU v10.5/MCU/ARM_GCC_Support/ewl/lib/armv6-m\libm.a(w_sqrt.o)
                              ./Sources/OLEDFB.o (sqrt)
C:/Freescale/CW MCU v10.5/MCU/ARM_GCC_Support/ewl/lib/armv6-m\libm.a(e_rem_pio2.o)
                              C:/Freescale/CW MCU v10.5/MCU/ARM_GCC_Support/ewl/lib/armv6-m\libm.a(s_cos.o) (__ieee754_rem_pio2)
C:/Freescale/CW MCU v10.5/MCU/ARM_GCC_Support/ewl/lib/armv6-m\libm.a(e_sqrt.o)
                              C:/Freescale/CW MCU v10.5/MCU/ARM_GCC_Support/ewl/lib/armv6-m\libm.a(w_sqrt.o) (__ieee754_sqrt)
C:/Freescale/CW MCU v10.5/MCU/ARM_GCC_Support/ewl/lib/armv6-m\libm.a(float.o)
                              C:/Freescale/CW MCU v10.5/MCU/ARM_GCC_Support/ewl/lib/armv6-m\libm.a(e_sqrt.o) (__double_nan)
C:/Freescale/CW MCU v10.5/MCU/ARM_GCC_Support/ewl/lib/armv6-m\libm.a(k_cos.o)
                              C:/Freescale/CW MCU v10.5/MCU/ARM_GCC_Support/ewl/lib/armv6-m\libm.a(s_cos.o) (__kernel_cos)
C:/Freescale/CW MCU v10.5/MCU/ARM_GCC_Support/ewl/lib/armv6-m\libm.a(k_rem_pio2.o)
                              C:/Freescale/CW MCU v10.5/MCU/ARM_GCC_Support/ewl/lib/armv6-m\libm.a(e_rem_pio2.o) (__kernel_rem_pio2)
C:/Freescale/CW MCU v10.5/MCU/ARM_GCC_Support/ewl/lib/armv6-m\libm.a(k_sin.o)
                              C:/Freescale/CW MCU v10.5/MCU/ARM_GCC_Support/ewl/lib/armv6-m\libm.a(s_cos.o) (__kernel_sin)
C:/Freescale/CW MCU v10.5/MCU/ARM_GCC_Support/ewl/lib/armv6-m\libm.a(math_api.o)
                              C:/Freescale/CW MCU v10.5/MCU/ARM_GCC_Support/ewl/lib/armv6-m\libm.a(round.o) (__fpclassifyd)
C:/Freescale/CW MCU v10.5/MCU/ARM_GCC_Support/ewl/lib/armv6-m\libm.a(s_floor.o)
                              C:/Freescale/CW MCU v10.5/MCU/ARM_GCC_Support/ewl/lib/armv6-m\libm.a(k_rem_pio2.o) (floor)
C:/Freescale/CW MCU v10.5/MCU/ARM_GCC_Support/ewl/lib/armv6-m\libm.a(scalbn.o)
                              C:/Freescale/CW MCU v10.5/MCU/ARM_GCC_Support/ewl/lib/armv6-m\libm.a(k_rem_pio2.o) (scalbn)
C:/Freescale/CW MCU v10.5/MCU/ARM_GCC_Support/ewl/lib/armv6-m\libm.a(s_frexp.o)
                              C:/Freescale/CW MCU v10.5/MCU/ARM_GCC_Support/ewl/lib/armv6-m\libm.a(scalbn.o) (frexp)
[...]
Memory Configuration

Name             Origin             Length             Attributes
m_interrupts     0x00000000         0x000000c0         xr
m_cfmprotrom     0x00000400         0x00000010         xr
m_text           0x00000800         0x0001f800         xr
m_data           0x1ffff000         0x00004000         xrw
*default*        0x00000000         0xffffffff

Linker script and memory map

LOAD ./Project_Settings/Startup_Code/kinetis_sysinit.o
LOAD ./Project_Settings/Startup_Code/__arm_start.o
LOAD ./Project_Settings/Startup_Code/__arm_end.o
LOAD ./Sources/sa_mtb.o
LOAD ./Sources/main.o
LOAD ./Sources/Timer.o
LOAD ./Sources/SnakeLogic.o
LOAD ./Sources/OLEDFONT.o
LOAD ./Sources/OLEDFB3D.o
LOAD ./Sources/OLEDFB.o
LOAD ./Sources/OLED.o
LOAD ./Sources/Buzzer.o
LOAD ./Sources/Button.o
LOAD ./Sources/AppReactionTime.o
LOAD ./Sources/AppFramework.o
LOAD ./Sources/Algorithm.o
                0x00005dbc                __pformatter = __pformatter_
                [0x000061e4]                __sformatter = __sformatter
START GROUP
LOAD C:/Freescale/CW MCU v10.5/MCU/ARM_GCC_Support/ewl/lib/armv6-m\libc.a
LOAD C:/Freescale/CW MCU v10.5/MCU/ARM_GCC_Support/ewl/lib/armv6-m\libm.a
LOAD c:/freescale/cw mcu v10.5/cross_tools/arm-none-eabi-gcc-4_7_3/bin/../lib/gcc/arm-none-eabi/4.7.3/armv6-m\libgcc.a
LOAD C:/Freescale/CW MCU v10.5/MCU/ARM_GCC_Support/ewl/lib/armv6-m\librt.a
LOAD C:/Freescale/CW MCU v10.5/MCU/ARM_GCC_Support/ewl/lib/armv6-m\libuart.a
END GROUP
                0x20003000                _estack = 0x20003000
                0x20003000                __SP_INIT = _estack
                0x00000400                __heap_size = 0x400
                0x00000400                __stack_size = 0x400

.interrupts     0x00000000       0xc0
                0x00000000                __vector_table = .
                0x00000000                . = ALIGN (0x4)
 *(.vectortable)
 .vectortable   0x00000000       0xc0 ./Project_Settings/Startup_Code/kinetis_sysinit.o
                0x00000000                InterruptVector
                0x000000c0                . = ALIGN (0x4)

.cfmprotect     0x00000400        0x0
                0x00000400                . = ALIGN (0x4)
 *(.cfmconfig)
                0x00000400                . = ALIGN (0x4)

.text           0x00000800     0x7ea8
                0x00000800                . = ALIGN (0x4)
 *(.text)
 .text          0x00000800       0x14 c:/freescale/cw mcu v10.5/cross_tools/arm-none-eabi-gcc-4_7_3/bin/../lib/gcc/arm-none-eabi/4.7.3/armv6-m\libgcc.a(_thumb1_case_sqi.o)
                0x00000800                __gnu_thumb1_case_sqi
 .text          0x00000814       0x14 c:/freescale/cw mcu v10.5/cross_tools/arm-none-eabi-gcc-4_7_3/bin/../lib/gcc/arm-none-eabi/4.7.3/armv6-m\libgcc.a(_thumb1_case_uqi.o)
                0x00000814                __gnu_thumb1_case_uqi
 .text          0x00000828       0x9c c:/freescale/cw mcu v10.5/cross_tools/arm-none-eabi-gcc-4_7_3/bin/../lib/gcc/arm-none-eabi/4.7.3/armv6-m\libgcc.a(_udivsi3.o)
                0x00000828                __aeabi_uidiv
                0x00000828                __udivsi3
                0x000008b0                __aeabi_uidivmod
 .text          0x000008c4       0xc0 c:/freescale/cw mcu v10.5/cross_tools/arm-none-eabi-gcc-4_7_3/bin/../lib/gcc/arm-none-eabi/4.7.3/armv6-m\libgcc.a(_divsi3.o)
                0x000008c4                __divsi3
                0x000008c4                __aeabi_idiv
                0x00000970                __aeabi_idivmod
 .text          0x00000984        0x4 c:/freescale/cw mcu v10.5/cross_tools/arm-none-eabi-gcc-4_7_3/bin/../lib/gcc/arm-none-eabi/4.7.3/armv6-m\libgcc.a(_dvmd_tls.o)
                0x00000984                __aeabi_idiv0
                0x00000984                __aeabi_ldiv0
 .text          0x00000988       0x7c c:/freescale/cw mcu v10.5/cross_tools/arm-none-eabi-gcc-4_7_3/bin/../lib/gcc/arm-none-eabi/4.7.3/armv6-m\libgcc.a(_arm_cmpdf2.o)
                0x00000988                __aeabi_cdrcmple
                0x00000998                __aeabi_cdcmple
                0x00000998                __aeabi_cdcmpeq
                0x000009a8                __aeabi_dcmpeq
                0x000009b4                __aeabi_dcmplt
                0x000009c8                __aeabi_dcmple
                0x000009dc                __aeabi_dcmpgt
                0x000009f0                __aeabi_dcmpge
 .text          0x00000a04      0x3a4 c:/freescale/cw mcu v10.5/cross_tools/arm-none-eabi-gcc-4_7_3/bin/../lib/gcc/arm-none-eabi/4.7.3/armv6-m\libgcc.a(addsf3.o)
                0x00000a04                __aeabi_fadd
 .text          0x00000da8      0x274 c:/freescale/cw mcu v10.5/cross_tools/arm-none-eabi-gcc-4_7_3/bin/../lib/gcc/arm-none-eabi/4.7.3/armv6-m\libgcc.a(divsf3.o)
                0x00000da8                __aeabi_fdiv
 .text          0x0000101c      0x260 c:/freescale/cw mcu v10.5/cross_tools/arm-none-eabi-gcc-4_7_3/bin/../lib/gcc/arm-none-eabi/4.7.3/armv6-m\libgcc.a(mulsf3.o)
                0x0000101c                __aeabi_fmul
 .text          0x0000127c      0x3ac c:/freescale/cw mcu v10.5/cross_tools/arm-none-eabi-gcc-4_7_3/bin/../lib/gcc/arm-none-eabi/4.7.3/armv6-m\libgcc.a(subsf3.o)
                0x0000127c                __aeabi_fsub
 .text          0x00001628       0x40 c:/freescale/cw mcu v10.5/cross_tools/arm-none-eabi-gcc-4_7_3/bin/../lib/gcc/arm-none-eabi/4.7.3/armv6-m\libgcc.a(fixsfsi.o)
                0x00001628                __aeabi_f2iz
 .text          0x00001668       0xa8 c:/freescale/cw mcu v10.5/cross_tools/arm-none-eabi-gcc-4_7_3/bin/../lib/gcc/arm-none-eabi/4.7.3/armv6-m\libgcc.a(floatsisf.o)
                0x00001668                __aeabi_i2f
 .text          0x00001710      0x758 c:/freescale/cw mcu v10.5/cross_tools/arm-none-eabi-gcc-4_7_3/bin/../lib/gcc/arm-none-eabi/4.7.3/armv6-m\libgcc.a(adddf3.o)
                0x00001710                __aeabi_dadd
 .text          0x00001e68      0x5b8 c:/freescale/cw mcu v10.5/cross_tools/arm-none-eabi-gcc-4_7_3/bin/../lib/gcc/arm-none-eabi/4.7.3/armv6-m\libgcc.a(divdf3.o)
                0x00001e68                __aeabi_ddiv
 .text          0x00002420       0x7c c:/freescale/cw mcu v10.5/cross_tools/arm-none-eabi-gcc-4_7_3/bin/../lib/gcc/arm-none-eabi/4.7.3/armv6-m\libgcc.a(eqdf2.o)
                0x00002420                __nedf2
                0x00002420                __eqdf2
 .text          0x0000249c       0xe8 c:/freescale/cw mcu v10.5/cross_tools/arm-none-eabi-gcc-4_7_3/bin/../lib/gcc/arm-none-eabi/4.7.3/armv6-m\libgcc.a(gedf2.o)
                0x0000249c                __gedf2
                0x0000249c                __gtdf2
 .text          0x00002584       0xd8 c:/freescale/cw mcu v10.5/cross_tools/arm-none-eabi-gcc-4_7_3/bin/../lib/gcc/arm-none-eabi/4.7.3/armv6-m\libgcc.a(ledf2.o)
                0x00002584                __ledf2
                0x00002584                __ltdf2
 .text          0x0000265c      0x4e4 c:/freescale/cw mcu v10.5/cross_tools/arm-none-eabi-gcc-4_7_3/bin/../lib/gcc/arm-none-eabi/4.7.3/armv6-m\libgcc.a(muldf3.o)
                0x0000265c                __aeabi_dmul
 .text          0x00002b40      0x6f8 c:/freescale/cw mcu v10.5/cross_tools/arm-none-eabi-gcc-4_7_3/bin/../lib/gcc/arm-none-eabi/4.7.3/armv6-m\libgcc.a(subdf3.o)
                0x00002b40                __aeabi_dsub
 .text          0x00003238       0x68 c:/freescale/cw mcu v10.5/cross_tools/arm-none-eabi-gcc-4_7_3/bin/../lib/gcc/arm-none-eabi/4.7.3/armv6-m\libgcc.a(fixdfsi.o)
                0x00003238                __aeabi_d2iz
 .text          0x000032a0       0x74 c:/freescale/cw mcu v10.5/cross_tools/arm-none-eabi-gcc-4_7_3/bin/../lib/gcc/arm-none-eabi/4.7.3/armv6-m\libgcc.a(floatsidf.o)
                0x000032a0                __aeabi_i2d
 .text          0x00003314       0xa8 c:/freescale/cw mcu v10.5/cross_tools/arm-none-eabi-gcc-4_7_3/bin/../lib/gcc/arm-none-eabi/4.7.3/armv6-m\libgcc.a(extendsfdf2.o)
                0x00003314                __aeabi_f2d
 .text          0x000033bc      0x134 c:/freescale/cw mcu v10.5/cross_tools/arm-none-eabi-gcc-4_7_3/bin/../lib/gcc/arm-none-eabi/4.7.3/armv6-m\libgcc.a(truncdfsf2.o)
                0x000033bc                __aeabi_d2f
 .text          0x000034f0       0x3c c:/freescale/cw mcu v10.5/cross_tools/arm-none-eabi-gcc-4_7_3/bin/../lib/gcc/arm-none-eabi/4.7.3/armv6-m\libgcc.a(_clzsi2.o)
                0x000034f0                __clzsi2
 *(.text*)
 .text.Default_Handler
                0x0000352c        0x4 ./Project_Settings/Startup_Code/kinetis_sysinit.o
                0x0000352c                RTC_Alarm_IRQHandler
                0x0000352c                I2C0_IRQHandler
                0x0000352c                HardFault_Handler
                0x0000352c                PendSV_Handler
                0x0000352c                NMI_Handler
                0x0000352c                I2C1_IRQHandler
                0x0000352c                UART1_IRQHandler
                0x0000352c                DMA2_IRQHandler
                0x0000352c                TSI0_IRQHandler
                0x0000352c                UART0_IRQHandler
                0x0000352c                ADC0_IRQHandler
                0x0000352c                SPI1_IRQHandler
                0x0000352c                PORTD_IRQHandler
                0x0000352c                LPTimer_IRQHandler
                0x0000352c                FTM1_IRQHandler
                0x0000352c                RTC_Seconds_IRQHandler
                0x0000352c                MCG_IRQHandler
                0x0000352c                UART2_IRQHandler
                0x0000352c                Default_Handler
                0x0000352c                LLW_IRQHandler
                0x0000352c                PIT_IRQHandler
                0x0000352c                SVC_Handler
                0x0000352c                USBOTG_IRQHandler
                0x0000352c                DMA3_IRQHandler
                0x0000352c                DMA0_IRQHandler
                0x0000352c                DAC0_IRQHandler
                0x0000352c                PMC_IRQHandler
                0x0000352c                SPI0_IRQHandler
                0x0000352c                FTM0_IRQHandler
                0x0000352c                PORTA_IRQHandler
                0x0000352c                MCM_IRQHandler
                0x0000352c                FTFL_IRQHandler
                0x0000352c                FTM2_IRQHandler
                0x0000352c                CMP0_IRQHandler
                0x0000352c                DMA1_IRQHandler
 .text.__init_hardware
                0x00003530       0x24 ./Project_Settings/Startup_Code/kinetis_sysinit.o
                0x00003530                __init_hardware
 .text.__thumb_startup
                0x00003554       0x38 ./Project_Settings/Startup_Code/__arm_start.o
                0x00003554                __thumb_startup
 .text._ExitProcess
                0x0000358c        0x4 ./Project_Settings/Startup_Code/__arm_end.o
                0x0000358c                _ExitProcess
 .text.updateCounter
                0x00003590       0x18 ./Sources/main.o
                0x00003590                updateCounter
 .text.updateCounter2
                0x000035a8       0x10 ./Sources/main.o
                0x000035a8                updateCounter2
 .text.startup.main
                0x000035b8       0xe8 ./Sources/main.o
                0x000035b8                main
 .text.Timer_init
                0x000036a0       0x2c ./Sources/Timer.o
                0x000036a0                Timer_init
 .text.Timer_set
                0x000036cc       0x50 ./Sources/Timer.o
                0x000036cc                Timer_set
 .text.SysTick_Handler
                0x0000371c       0xa0 ./Sources/Timer.o
                0x0000371c                SysTick_Handler
 .text.Snake_init
                0x000037bc      0x124 ./Sources/SnakeLogic.o
                0x000037bc                Snake_init
 .text.Snake_drawTerrain
                0x000038e0      0x3d0 ./Sources/SnakeLogic.o
                0x000038e0                Snake_drawTerrain
 .text.Snake_drawSnake
                0x00003cb0      0x2d8 ./Sources/SnakeLogic.o
                0x00003cb0                Snake_drawSnake
 .text.Snake_onDrawHandler
                0x00003f88       0x20 ./Sources/SnakeLogic.o
                0x00003f88                Snake_onDrawHandler
 .text.Snake_eventHandler
                0x00003fa8       0x5c ./Sources/SnakeLogic.o
                0x00003fa8                Snake_eventHandler
 *fill*         0x00004004        0x4 00
 .text.OLEDFB3D_buildRotationMatrix
                0x00004008      0x3b0 ./Sources/OLEDFB3D.o
                0x00004008                OLEDFB3D_buildRotationMatrix
 .text.OLEDFB3D_setCamera
                0x000043b8       0x2c ./Sources/OLEDFB3D.o
                0x000043b8                OLEDFB3D_setCamera
 .text.OLEDFB3D_drawLine3D
                0x000043e4      0x23c ./Sources/OLEDFB3D.o
                0x000043e4                OLEDFB3D_drawLine3D
 .text.OLEDFB3D_drawQuad3D
                0x00004620       0x30 ./Sources/OLEDFB3D.o
                0x00004620                OLEDFB3D_drawQuad3D
 .text.OLEDFB_init
                0x00004650       0x58 ./Sources/OLEDFB.o
                0x00004650                OLEDFB_init
 .text.OLEDFB_clear
                0x000046a8       0x20 ./Sources/OLEDFB.o
                0x000046a8                OLEDFB_clear
 .text.OLEDFB_flush
                0x000046c8       0x44 ./Sources/OLEDFB.o
                0x000046c8                OLEDFB_flush
 .text.OLEDFB_drawText
                0x0000470c      0x4c8 ./Sources/OLEDFB.o
                0x0000470c                OLEDFB_drawText
 .text.OLEDFB_drawLine
                0x00004bd4      0x75c ./Sources/OLEDFB.o
                0x00004bd4                OLEDFB_drawLine
 .text.OLED_W_Ctl
                0x00005330       0x3c ./Sources/OLED.o
                0x00005330                OLED_W_Ctl
 .text.OLED_W_Dat
                0x0000536c       0x3c ./Sources/OLED.o
                0x0000536c                OLED_W_Dat
 .text.OLED_Clr
                0x000053a8       0xb8 ./Sources/OLED.o
                0x000053a8                OLED_Clr
 .text.OLED_Init
                0x00005460      0x4c4 ./Sources/OLED.o
                0x00005460                OLED_Init
 .text.Buzzer_init
                0x00005924       0x68 ./Sources/Buzzer.o
                0x00005924                Buzzer_init
 .text.Buzzer_set
                0x0000598c       0x2c ./Sources/Buzzer.o
                0x0000598c                Buzzer_set
 .text.Button_onTimer
                0x000059b8      0x124 ./Sources/Button.o
                0x000059b8                Button_onTimer
 .text.Button_init
                0x00005adc       0xb0 ./Sources/Button.o
                0x00005adc                Button_init
 .text.App_create
                0x00005b8c        0x4 ./Sources/AppFramework.o
                0x00005b8c                App_create
 .text.App_switchTo
                0x00005b90        0xc ./Sources/AppFramework.o
                0x00005b90                App_switchTo
 .text.App_sendMessage
                0x00005b9c       0x10 ./Sources/AppFramework.o
                0x00005b9c                App_sendMessage
 .text.App_repaint
                0x00005bac       0x10 ./Sources/AppFramework.o
                0x00005bac                App_repaint
 .text.exit     0x00005bbc       0x38 C:/Freescale/CW MCU v10.5/MCU/ARM_GCC_Support/ewl/lib/armv6-m\libc.a(exit.o)
                0x00005bbc                exit
 .text.rand     0x00005bf4       0x20 C:/Freescale/CW MCU v10.5/MCU/ARM_GCC_Support/ewl/lib/armv6-m\libc.a(rand.o)
                0x00005bf4                rand
 .text.memset   0x00005c14        0xc C:/Freescale/CW MCU v10.5/MCU/ARM_GCC_Support/ewl/lib/armv6-m\libc.a(memset.o)
                0x00005c14                memset
 .text.long2str.isra.0
                0x00005c20      0x19c C:/Freescale/CW MCU v10.5/MCU/ARM_GCC_Support/ewl/lib/armv6-m\libc.a(printformat_.o)
 .text.__pformatter_
                0x00005dbc      0x428 C:/Freescale/CW MCU v10.5/MCU/ARM_GCC_Support/ewl/lib/armv6-m\libc.a(printformat_.o)
                0x00005dbc                __pformatter_
 .text.__sformatter
                0x000061e4      0x698 C:/Freescale/CW MCU v10.5/MCU/ARM_GCC_Support/ewl/lib/armv6-m\libc.a(scanformat_.o)
                0x000061e4                __sformatter
 .text.isalpha  0x0000687c       0x20 C:/Freescale/CW MCU v10.5/MCU/ARM_GCC_Support/ewl/lib/armv6-m\libc.a(ctype_aeabi.o)
                0x0000687c                isalpha
 .text.isspace  0x0000689c       0x20 C:/Freescale/CW MCU v10.5/MCU/ARM_GCC_Support/ewl/lib/armv6-m\libc.a(ctype_aeabi.o)
                0x0000689c                isspace
 .text.toupper  0x000068bc        0xe C:/Freescale/CW MCU v10.5/MCU/ARM_GCC_Support/ewl/lib/armv6-m\libc.a(ctype_aeabi.o)
                0x000068bc                toupper
 .text.__strtoul
                0x000068ca      0x1ce C:/Freescale/CW MCU v10.5/MCU/ARM_GCC_Support/ewl/lib/armv6-m\libc.a(__strtoul.o)
                0x000068ca                __strtoul
 .text.__fill_mem
                0x00006a98       0x7e C:/Freescale/CW MCU v10.5/MCU/ARM_GCC_Support/ewl/lib/armv6-m\libc.a(__filll_mem.o)
                0x00006a98                __fill_mem
 .text.memchr   0x00006b16       0x1a C:/Freescale/CW MCU v10.5/MCU/ARM_GCC_Support/ewl/lib/armv6-m\libc.a(memchr.o)
                0x00006b16                memchr
 .text.memcpy   0x00006b30       0x12 C:/Freescale/CW MCU v10.5/MCU/ARM_GCC_Support/ewl/lib/armv6-m\libc.a(memcpy.o)
                0x00006b30                memcpy
 .text.strchr   0x00006b42       0x1e C:/Freescale/CW MCU v10.5/MCU/ARM_GCC_Support/ewl/lib/armv6-m\libc.a(strchr.o)
                0x00006b42                strchr
 .text.strlen   0x00006b60       0x10 C:/Freescale/CW MCU v10.5/MCU/ARM_GCC_Support/ewl/lib/armv6-m\libc.a(strlen.o)
                0x00006b60                strlen
 .text.cos      0x00006b70       0xa8 C:/Freescale/CW MCU v10.5/MCU/ARM_GCC_Support/ewl/lib/armv6-m\libm.a(s_cos.o)
                0x00006b70                cos
 .text.sin      0x00006c18       0xa8 C:/Freescale/CW MCU v10.5/MCU/ARM_GCC_Support/ewl/lib/armv6-m\libm.a(s_sin.o)
                0x00006c18                sin
 .text.__ieee754_rem_pio2
                0x00006cc0      0x408 C:/Freescale/CW MCU v10.5/MCU/ARM_GCC_Support/ewl/lib/armv6-m\libm.a(e_rem_pio2.o)
                0x00006cc0                __ieee754_rem_pio2
 .text.__kernel_cos
                0x000070c8      0x1e0 C:/Freescale/CW MCU v10.5/MCU/ARM_GCC_Support/ewl/lib/armv6-m\libm.a(k_cos.o)
                0x000070c8                __kernel_cos
 .text.__kernel_rem_pio2
                0x000072a8      0x730 C:/Freescale/CW MCU v10.5/MCU/ARM_GCC_Support/ewl/lib/armv6-m\libm.a(k_rem_pio2.o)
                0x000072a8                __kernel_rem_pio2
 .text.__kernel_sin
                0x000079d8      0x178 C:/Freescale/CW MCU v10.5/MCU/ARM_GCC_Support/ewl/lib/armv6-m\libm.a(k_sin.o)
                0x000079d8                __kernel_sin
 .text.__fpclassifyd
                0x00007b50       0x38 C:/Freescale/CW MCU v10.5/MCU/ARM_GCC_Support/ewl/lib/armv6-m\libm.a(math_api.o)
                0x00007b50                __fpclassifyd
 .text.floor    0x00007b88      0x118 C:/Freescale/CW MCU v10.5/MCU/ARM_GCC_Support/ewl/lib/armv6-m\libm.a(s_floor.o)
                0x00007b88                floor
 .text.scalbn   0x00007ca0       0x14 C:/Freescale/CW MCU v10.5/MCU/ARM_GCC_Support/ewl/lib/armv6-m\libm.a(scalbn.o)
                0x00007ca0                scalbn
 *fill*         0x00007cb4        0x4 00
 .text.frexp    0x00007cb8       0x80 C:/Freescale/CW MCU v10.5/MCU/ARM_GCC_Support/ewl/lib/armv6-m\libm.a(s_frexp.o)
                0x00007cb8                frexp
 .text.ldexp    0x00007d38      0x148 C:/Freescale/CW MCU v10.5/MCU/ARM_GCC_Support/ewl/lib/armv6-m\libm.a(s_ldexp.o)
                0x00007d38                ldexp
 .text.__init_cpp
                0x00007e80       0x48 C:/Freescale/CW MCU v10.5/MCU/ARM_GCC_Support/ewl/lib/armv6-m\librt.a(gcc_ctor_dtor.o)
                0x00007e80                __init_cpp
 .text.__fini_cpp
                0x00007ec8       0x34 C:/Freescale/CW MCU v10.5/MCU/ARM_GCC_Support/ewl/lib/armv6-m\librt.a(gcc_ctor_dtor.o)
                0x00007ec8                __fini_cpp
 .text.__copy_rom_section
                0x00007efc       0x48 C:/Freescale/CW MCU v10.5/MCU/ARM_GCC_Support/ewl/lib/armv6-m\librt.a(ROMCopy.o)
                0x00007efc                __copy_rom_section
 .text.__copy_rom_sections_to_ram
                0x00007f44       0x34 C:/Freescale/CW MCU v10.5/MCU/ARM_GCC_Support/ewl/lib/armv6-m\librt.a(ROMCopy.o)
                0x00007f44                __copy_rom_sections_to_ram
 .text.__destroy_global_chain
                0x00007f78       0x1c C:/Freescale/CW MCU v10.5/MCU/ARM_GCC_Support/ewl/lib/armv6-m\librt.a(__arm_eabi_init.o)
                0x00007f78                __destroy_global_chain
 .text.__init_registers
                0x00007f94       0x1c C:/Freescale/CW MCU v10.5/MCU/ARM_GCC_Support/ewl/lib/armv6-m\librt.a(__arm_eabi_init.o)
                0x00007f94                __init_registers
 .text.__init_user
                0x00007fb0        0x4 C:/Freescale/CW MCU v10.5/MCU/ARM_GCC_Support/ewl/lib/armv6-m\librt.a(__arm_eabi_init.o)
                0x00007fb0                __init_user
 *(.rodata)
 .rodata        0x00007fb4        0xc ./Sources/main.o
 .rodata        0x00007fc0       0x40 c:/freescale/cw mcu v10.5/cross_tools/arm-none-eabi-gcc-4_7_3/bin/../lib/gcc/arm-none-eabi/4.7.3/armv6-m\libgcc.a(divsf3.o)
 .rodata        0x00008000       0x40 c:/freescale/cw mcu v10.5/cross_tools/arm-none-eabi-gcc-4_7_3/bin/../lib/gcc/arm-none-eabi/4.7.3/armv6-m\libgcc.a(mulsf3.o)
 .rodata        0x00008040       0x40 c:/freescale/cw mcu v10.5/cross_tools/arm-none-eabi-gcc-4_7_3/bin/../lib/gcc/arm-none-eabi/4.7.3/armv6-m\libgcc.a(divdf3.o)
 .rodata        0x00008080       0x40 c:/freescale/cw mcu v10.5/cross_tools/arm-none-eabi-gcc-4_7_3/bin/../lib/gcc/arm-none-eabi/4.7.3/armv6-m\libgcc.a(muldf3.o)
 *(.rodata*)
 .rodata.OLEDFONT
                0x000080c0      0x300 ./Sources/OLEDFONT.o
                0x000080c0                OLEDFONT
 .rodata.str1.1
                0x000083c0        0x1 C:/Freescale/CW MCU v10.5/MCU/ARM_GCC_Support/ewl/lib/armv6-m\libc.a(printformat_.o)
 .rodata.CSWTCH.20
                0x000083c1        0x5 C:/Freescale/CW MCU v10.5/MCU/ARM_GCC_Support/ewl/lib/armv6-m\libc.a(printformat_.o)
 .rodata.CSWTCH.21
                0x000083c6        0x5 C:/Freescale/CW MCU v10.5/MCU/ARM_GCC_Support/ewl/lib/armv6-m\libc.a(printformat_.o)
 .rodata.__aeabi_ctype_table_C
                0x000083cb      0x101 C:/Freescale/CW MCU v10.5/MCU/ARM_GCC_Support/ewl/lib/armv6-m\libc.a(ctype_aeabi.o)
                0x000083cb                __aeabi_ctype_table_C
 .rodata.npio2_hw
                0x000084cc       0x80 C:/Freescale/CW MCU v10.5/MCU/ARM_GCC_Support/ewl/lib/armv6-m\libm.a(e_rem_pio2.o)
 .rodata.two_over_pi
                0x0000854c      0x108 C:/Freescale/CW MCU v10.5/MCU/ARM_GCC_Support/ewl/lib/armv6-m\libm.a(e_rem_pio2.o)
 .rodata.init_jk
                0x00008654       0x10 C:/Freescale/CW MCU v10.5/MCU/ARM_GCC_Support/ewl/lib/armv6-m\libm.a(k_rem_pio2.o)
 *fill*         0x00008664        0x4 00
 .rodata.PIo2   0x00008668       0x40 C:/Freescale/CW MCU v10.5/MCU/ARM_GCC_Support/ewl/lib/armv6-m\libm.a(k_rem_pio2.o)
 *(.glue_7)
 .glue_7        0x00000000        0x0 linker stubs
 *(.glue_7t)
 .glue_7t       0x00000000        0x0 linker stubs
 *(.eh_frame)
 *(.init)
 *(.fini)
                0x000086a8                . = ALIGN (0x4)
                0x000086a8                _etext = .

.vfp11_veneer   0x000086a8        0x0
 .vfp11_veneer  0x00000000        0x0 linker stubs

.v4_bx          0x000086a8        0x0
 .v4_bx         0x00000000        0x0 linker stubs

.iplt           0x000086a8        0x0
 .iplt          0x00000000        0x0 ./Project_Settings/Startup_Code/kinetis_sysinit.o

.rel.dyn        0x000086a8        0x0
 .rel.iplt      0x00000000        0x0 ./Project_Settings/Startup_Code/kinetis_sysinit.o

.ARM.extab
 *(.ARM.extab* .gnu.linkonce.armextab.*)

.ARM            0x000086a8        0x0
                0x000086a8                __exidx_start = .
 *(.ARM.exidx*)
                0x000086a8                __exidx_end = .

.ctors          0x000086a8        0x0
                0x000086a8                __CTOR_LIST__ = .
 *crtbegin.o(.ctors)
 *(EXCLUDE_FILE(*crtend.o) .ctors)
 *(SORT(.ctors.*))
 *(.ctors)
                0x000086a8                __CTOR_END__ = .

.dtors          0x000086a8        0x0
                0x000086a8                __DTOR_LIST__ = .
 *crtbegin.o(.dtors)
 *(EXCLUDE_FILE(*crtend.o) .dtors)
 *(SORT(.dtors.*))
 *(.dtors)
                0x000086a8                __DTOR_END__ = .

.preinit_array  0x000086a8        0x0
                0x000086a8                PROVIDE (__preinit_array_start, .)
 *(.preinit_array*)
                0x000086a8                PROVIDE (__preinit_array_end, .)

.init_array     0x000086a8        0x0
                0x000086a8                PROVIDE (__init_array_start, .)
 *(SORT(.init_array.*))
 *(.init_array*)
                0x000086a8                PROVIDE (__init_array_end, .)

.fini_array     0x000086a8        0x0
                0x000086a8                PROVIDE (__fini_array_start, .)
 *(SORT(.fini_array.*))
 *(.fini_array*)
                0x000086a8                PROVIDE (__fini_array_end, .)
                0x000086a8                ___ROM_AT = .

.mtb            0x1ffff000        0x0
                0x1ffff000                . = ALIGN (0x8)
                0x1ffff000                _mtb_start = .
 *(.mtb_buf)
                0x1ffff000                . = ALIGN (0x8)
                0x1ffff000                _mtb_end = .

.data           0x1ffff000        0x4 load address 0x000086a8
                0x1ffff000                . = ALIGN (0x4)
                0x1ffff000                _sdata = .
 *(.data)
 *(.data*)
 .data.random_next
                0x1ffff000        0x4 C:/Freescale/CW MCU v10.5/MCU/ARM_GCC_Support/ewl/lib/armv6-m\libc.a(rand.o)
                0x1ffff004                . = ALIGN (0x4)
                0x1ffff004                _edata = .
                0x00000004                ___data_size = (_edata - _sdata)

.igot.plt       0x1ffff004        0x0 load address 0x000086ac
 .igot.plt      0x00000000        0x0 ./Project_Settings/Startup_Code/kinetis_sysinit.o
                0x1ffff004                . = ALIGN (0x4)

.bss            0x1ffff004      0x654 load address 0x000086ac
                0x1ffff004                __START_BSS = .
                0x1ffff004                PROVIDE (__bss_start__, __START_BSS)
 *(.bss)
 *(.bss*)
 .bss.argv      0x1ffff004        0x4 ./Project_Settings/Startup_Code/__arm_start.o
 .bss.counter2  0x1ffff008        0x4 ./Sources/main.o
                0x1ffff008                counter2
 .bss.counter   0x1ffff00c        0x4 ./Sources/main.o
                0x1ffff00c                counter
 .bss.currentApp
                0x1ffff010        0x4 ./Sources/AppFramework.o
                0x1ffff010                currentApp
 .bss.__stdio_exit
                0x1ffff014        0x4 C:/Freescale/CW MCU v10.5/MCU/ARM_GCC_Support/ewl/lib/armv6-m\libc.a(exit.o)
                0x1ffff014                __stdio_exit
 .bss.__console_exit
                0x1ffff018        0x4 C:/Freescale/CW MCU v10.5/MCU/ARM_GCC_Support/ewl/lib/armv6-m\libc.a(exit.o)
                0x1ffff018                __console_exit
 .bss.__S_romp  0x1ffff01c        0xc C:/Freescale/CW MCU v10.5/MCU/ARM_GCC_Support/ewl/lib/armv6-m\librt.a(ROMCopy.o)
 .bss.__global_destructor_chain
                0x1ffff028        0x4 C:/Freescale/CW MCU v10.5/MCU/ARM_GCC_Support/ewl/lib/armv6-m\librt.a(__arm_eabi_init.o)
                0x1ffff028                __global_destructor_chain
 *(COMMON)
 COMMON         0x1ffff02c       0x28 ./Sources/Timer.o
                0x1ffff02c                Timer_data
 COMMON         0x1ffff054      0x1bc ./Sources/SnakeLogic.o
                0x1ffff054                snakeGame
 COMMON         0x1ffff210       0x40 ./Sources/OLEDFB3D.o
                0x1ffff210                camera
 COMMON         0x1ffff250      0x400 ./Sources/OLEDFB.o
                0x1ffff250                OLEDFB_frameBuffer
 COMMON         0x1ffff650        0x8 ./Sources/Button.o
                0x1ffff650                keyStatus
                0x1ffff658                . = ALIGN (0x4)
                0x1ffff658                __END_BSS = .
                0x1ffff658                PROVIDE (__bss_end__, __END_BSS)
                0x000086ac                _romp_at = (___ROM_AT + SIZEOF (.data))

.romp           0x1ffff658       0x18 load address 0x000086ac
                0x000086ac                __S_romp = _romp_at
                0x1ffff658        0x4 LONG 0x86a8 ___ROM_AT
                0x1ffff65c        0x4 LONG 0x1ffff000 _sdata
                0x1ffff660        0x4 LONG 0x4 ___data_size
                0x1ffff664        0x4 LONG 0x0
                0x1ffff668        0x4 LONG 0x0
                0x1ffff66c        0x4 LONG 0x0

._user_heap_stack
                0x1ffff670      0x800 load address 0x000086c4
                0x1ffff670                . = ALIGN (0x4)
                0x1ffff670                PROVIDE (end, .)
                0x1ffff670                PROVIDE (_end, .)
                0x1ffff670                __heap_addr = .
                0x1ffffa70                . = (. + __heap_size)
 *fill*         0x1ffff670      0x400 00
                0x1ffffe70                . = (. + __stack_size)
 *fill*         0x1ffffa70      0x400 00
                0x1ffffe70                . = ALIGN (0x4)

.ARM.attributes
                0x00000000       0x31
 *(.ARM.attributes)
 .ARM.attributes
                0x00000000       0x31 ./Project_Settings/Startup_Code/kinetis_sysinit.o
 .ARM.attributes
                0x00000031       0x31 ./Project_Settings/Startup_Code/__arm_start.o
 .ARM.attributes
                0x00000062       0x31 ./Project_Settings/Startup_Code/__arm_end.o
 .ARM.attributes
                0x00000093       0x31 ./Sources/main.o
 .ARM.attributes
                0x000000c4       0x31 ./Sources/Timer.o
 .ARM.attributes
                0x000000f5       0x31 ./Sources/SnakeLogic.o
 .ARM.attributes
                0x00000126       0x31 ./Sources/OLEDFONT.o
 .ARM.attributes
                0x00000157       0x31 ./Sources/OLEDFB3D.o
 .ARM.attributes
                0x00000188       0x31 ./Sources/OLEDFB.o
 .ARM.attributes
                0x000001b9       0x31 ./Sources/OLED.o
 .ARM.attributes
                0x000001ea       0x31 ./Sources/Buzzer.o
 .ARM.attributes
                0x0000021b       0x31 ./Sources/Button.o
 .ARM.attributes
                0x0000024c       0x31 ./Sources/AppFramework.o
 .ARM.attributes
                0x0000027d       0x31 C:/Freescale/CW MCU v10.5/MCU/ARM_GCC_Support/ewl/lib/armv6-m\libc.a(exit.o)
 .ARM.attributes
                0x000002ae       0x31 C:/Freescale/CW MCU v10.5/MCU/ARM_GCC_Support/ewl/lib/armv6-m\libc.a(rand.o)
 .ARM.attributes
                0x000002df       0x31 C:/Freescale/CW MCU v10.5/MCU/ARM_GCC_Support/ewl/lib/armv6-m\libc.a(memset.o)
 .ARM.attributes
                0x00000310       0x31 C:/Freescale/CW MCU v10.5/MCU/ARM_GCC_Support/ewl/lib/armv6-m\libc.a(printformat_.o)
 .ARM.attributes
                0x00000341       0x31 C:/Freescale/CW MCU v10.5/MCU/ARM_GCC_Support/ewl/lib/armv6-m\libc.a(scanformat_.o)
 .ARM.attributes
                0x00000372       0x31 C:/Freescale/CW MCU v10.5/MCU/ARM_GCC_Support/ewl/lib/armv6-m\libc.a(ctype_aeabi.o)
 .ARM.attributes
                0x000003a3       0x31 C:/Freescale/CW MCU v10.5/MCU/ARM_GCC_Support/ewl/lib/armv6-m\libc.a(__strtoul.o)
 .ARM.attributes
                0x000003d4       0x31 C:/Freescale/CW MCU v10.5/MCU/ARM_GCC_Support/ewl/lib/armv6-m\libc.a(__filll_mem.o)
 .ARM.attributes
                0x00000405       0x31 C:/Freescale/CW MCU v10.5/MCU/ARM_GCC_Support/ewl/lib/armv6-m\libc.a(memchr.o)
 .ARM.attributes
                0x00000436       0x31 C:/Freescale/CW MCU v10.5/MCU/ARM_GCC_Support/ewl/lib/armv6-m\libc.a(memcpy.o)
 .ARM.attributes
                0x00000467       0x31 C:/Freescale/CW MCU v10.5/MCU/ARM_GCC_Support/ewl/lib/armv6-m\libc.a(strchr.o)
 .ARM.attributes
                0x00000498       0x31 C:/Freescale/CW MCU v10.5/MCU/ARM_GCC_Support/ewl/lib/armv6-m\libc.a(strlen.o)
 .ARM.attributes
                0x000004c9       0x31 C:/Freescale/CW MCU v10.5/MCU/ARM_GCC_Support/ewl/lib/armv6-m\libm.a(s_cos.o)
 .ARM.attributes
                0x000004fa       0x31 C:/Freescale/CW MCU v10.5/MCU/ARM_GCC_Support/ewl/lib/armv6-m\libm.a(s_sin.o)
 .ARM.attributes
                0x0000052b       0x31 C:/Freescale/CW MCU v10.5/MCU/ARM_GCC_Support/ewl/lib/armv6-m\libm.a(e_rem_pio2.o)
 .ARM.attributes
                0x0000055c       0x31 C:/Freescale/CW MCU v10.5/MCU/ARM_GCC_Support/ewl/lib/armv6-m\libm.a(k_cos.o)
 .ARM.attributes
                0x0000058d       0x31 C:/Freescale/CW MCU v10.5/MCU/ARM_GCC_Support/ewl/lib/armv6-m\libm.a(k_rem_pio2.o)
 .ARM.attributes
                0x000005be       0x31 C:/Freescale/CW MCU v10.5/MCU/ARM_GCC_Support/ewl/lib/armv6-m\libm.a(k_sin.o)
 .ARM.attributes
                0x000005ef       0x31 C:/Freescale/CW MCU v10.5/MCU/ARM_GCC_Support/ewl/lib/armv6-m\libm.a(math_api.o)
 .ARM.attributes
                0x00000620       0x31 C:/Freescale/CW MCU v10.5/MCU/ARM_GCC_Support/ewl/lib/armv6-m\libm.a(s_floor.o)
 .ARM.attributes
                0x00000651       0x31 C:/Freescale/CW MCU v10.5/MCU/ARM_GCC_Support/ewl/lib/armv6-m\libm.a(scalbn.o)
 .ARM.attributes
                0x00000682       0x31 C:/Freescale/CW MCU v10.5/MCU/ARM_GCC_Support/ewl/lib/armv6-m\libm.a(s_frexp.o)
 .ARM.attributes
                0x000006b3       0x31 C:/Freescale/CW MCU v10.5/MCU/ARM_GCC_Support/ewl/lib/armv6-m\libm.a(s_ldexp.o)
 .ARM.attributes
                0x000006e4       0x1e c:/freescale/cw mcu v10.5/cross_tools/arm-none-eabi-gcc-4_7_3/bin/../lib/gcc/arm-none-eabi/4.7.3/armv6-m\libgcc.a(_thumb1_case_sqi.o)
 .ARM.attributes
                0x00000702       0x1e c:/freescale/cw mcu v10.5/cross_tools/arm-none-eabi-gcc-4_7_3/bin/../lib/gcc/arm-none-eabi/4.7.3/armv6-m\libgcc.a(_thumb1_case_uqi.o)
 .ARM.attributes
                0x00000720       0x1e c:/freescale/cw mcu v10.5/cross_tools/arm-none-eabi-gcc-4_7_3/bin/../lib/gcc/arm-none-eabi/4.7.3/armv6-m\libgcc.a(_udivsi3.o)
 .ARM.attributes
                0x0000073e       0x1e c:/freescale/cw mcu v10.5/cross_tools/arm-none-eabi-gcc-4_7_3/bin/../lib/gcc/arm-none-eabi/4.7.3/armv6-m\libgcc.a(_divsi3.o)
 .ARM.attributes
                0x0000075c       0x1e c:/freescale/cw mcu v10.5/cross_tools/arm-none-eabi-gcc-4_7_3/bin/../lib/gcc/arm-none-eabi/4.7.3/armv6-m\libgcc.a(_dvmd_tls.o)
 .ARM.attributes
                0x0000077a       0x1e c:/freescale/cw mcu v10.5/cross_tools/arm-none-eabi-gcc-4_7_3/bin/../lib/gcc/arm-none-eabi/4.7.3/armv6-m\libgcc.a(_arm_cmpdf2.o)
 .ARM.attributes
                0x00000798       0x2c c:/freescale/cw mcu v10.5/cross_tools/arm-none-eabi-gcc-4_7_3/bin/../lib/gcc/arm-none-eabi/4.7.3/armv6-m\libgcc.a(addsf3.o)
 .ARM.attributes
                0x000007c4       0x2c c:/freescale/cw mcu v10.5/cross_tools/arm-none-eabi-gcc-4_7_3/bin/../lib/gcc/arm-none-eabi/4.7.3/armv6-m\libgcc.a(divsf3.o)
 .ARM.attributes
                0x000007f0       0x2c c:/freescale/cw mcu v10.5/cross_tools/arm-none-eabi-gcc-4_7_3/bin/../lib/gcc/arm-none-eabi/4.7.3/armv6-m\libgcc.a(mulsf3.o)
 .ARM.attributes
                0x0000081c       0x2c c:/freescale/cw mcu v10.5/cross_tools/arm-none-eabi-gcc-4_7_3/bin/../lib/gcc/arm-none-eabi/4.7.3/armv6-m\libgcc.a(subsf3.o)
 .ARM.attributes
                0x00000848       0x2c c:/freescale/cw mcu v10.5/cross_tools/arm-none-eabi-gcc-4_7_3/bin/../lib/gcc/arm-none-eabi/4.7.3/armv6-m\libgcc.a(fixsfsi.o)
 .ARM.attributes
                0x00000874       0x2c c:/freescale/cw mcu v10.5/cross_tools/arm-none-eabi-gcc-4_7_3/bin/../lib/gcc/arm-none-eabi/4.7.3/armv6-m\libgcc.a(floatsisf.o)
 .ARM.attributes
                0x000008a0       0x2c c:/freescale/cw mcu v10.5/cross_tools/arm-none-eabi-gcc-4_7_3/bin/../lib/gcc/arm-none-eabi/4.7.3/armv6-m\libgcc.a(adddf3.o)
 .ARM.attributes
                0x000008cc       0x2c c:/freescale/cw mcu v10.5/cross_tools/arm-none-eabi-gcc-4_7_3/bin/../lib/gcc/arm-none-eabi/4.7.3/armv6-m\libgcc.a(divdf3.o)
 .ARM.attributes
                0x000008f8       0x2c c:/freescale/cw mcu v10.5/cross_tools/arm-none-eabi-gcc-4_7_3/bin/../lib/gcc/arm-none-eabi/4.7.3/armv6-m\libgcc.a(eqdf2.o)
 .ARM.attributes
                0x00000924       0x2c c:/freescale/cw mcu v10.5/cross_tools/arm-none-eabi-gcc-4_7_3/bin/../lib/gcc/arm-none-eabi/4.7.3/armv6-m\libgcc.a(gedf2.o)
 .ARM.attributes
                0x00000950       0x2c c:/freescale/cw mcu v10.5/cross_tools/arm-none-eabi-gcc-4_7_3/bin/../lib/gcc/arm-none-eabi/4.7.3/armv6-m\libgcc.a(ledf2.o)
 .ARM.attributes
                0x0000097c       0x2c c:/freescale/cw mcu v10.5/cross_tools/arm-none-eabi-gcc-4_7_3/bin/../lib/gcc/arm-none-eabi/4.7.3/armv6-m\libgcc.a(muldf3.o)
 .ARM.attributes
                0x000009a8       0x2c c:/freescale/cw mcu v10.5/cross_tools/arm-none-eabi-gcc-4_7_3/bin/../lib/gcc/arm-none-eabi/4.7.3/armv6-m\libgcc.a(subdf3.o)
 .ARM.attributes
                0x000009d4       0x2c c:/freescale/cw mcu v10.5/cross_tools/arm-none-eabi-gcc-4_7_3/bin/../lib/gcc/arm-none-eabi/4.7.3/armv6-m\libgcc.a(fixdfsi.o)
 .ARM.attributes
                0x00000a00       0x2c c:/freescale/cw mcu v10.5/cross_tools/arm-none-eabi-gcc-4_7_3/bin/../lib/gcc/arm-none-eabi/4.7.3/armv6-m\libgcc.a(floatsidf.o)
 .ARM.attributes
                0x00000a2c       0x2c c:/freescale/cw mcu v10.5/cross_tools/arm-none-eabi-gcc-4_7_3/bin/../lib/gcc/arm-none-eabi/4.7.3/armv6-m\libgcc.a(extendsfdf2.o)
 .ARM.attributes
                0x00000a58       0x2c c:/freescale/cw mcu v10.5/cross_tools/arm-none-eabi-gcc-4_7_3/bin/../lib/gcc/arm-none-eabi/4.7.3/armv6-m\libgcc.a(truncdfsf2.o)
 .ARM.attributes
                0x00000a84       0x1e c:/freescale/cw mcu v10.5/cross_tools/arm-none-eabi-gcc-4_7_3/bin/../lib/gcc/arm-none-eabi/4.7.3/armv6-m\libgcc.a(_clzsi2.o)
 .ARM.attributes
                0x00000aa2       0x31 C:/Freescale/CW MCU v10.5/MCU/ARM_GCC_Support/ewl/lib/armv6-m\librt.a(gcc_ctor_dtor.o)
 .ARM.attributes
                0x00000ad3       0x31 C:/Freescale/CW MCU v10.5/MCU/ARM_GCC_Support/ewl/lib/armv6-m\librt.a(ROMCopy.o)
 .ARM.attributes
                0x00000b04       0x31 C:/Freescale/CW MCU v10.5/MCU/ARM_GCC_Support/ewl/lib/armv6-m\librt.a(__arm_eabi_init.o)
OUTPUT(Snake3D.elf elf32-littlearm)

.debug_info     0x00000000     0x72f4
 .debug_info    0x00000000      0x445 ./Project_Settings/Startup_Code/kinetis_sysinit.o
 .debug_info    0x00000445      0x148 ./Project_Settings/Startup_Code/__arm_start.o
 .debug_info    0x0000058d       0x53 ./Project_Settings/Startup_Code/__arm_end.o
 .debug_info    0x000005e0      0x1c6 ./Sources/main.o
 .debug_info    0x000007a6      0x24e ./Sources/Timer.o
 .debug_info    0x000009f4      0x63f ./Sources/SnakeLogic.o
 .debug_info    0x00001033       0x86 ./Sources/OLEDFONT.o
 .debug_info    0x000010b9      0xaf2 ./Sources/OLEDFB3D.o
 .debug_info    0x00001bab      0xf68 ./Sources/OLEDFB.o
 .debug_info    0x00002b13      0x99c ./Sources/OLED.o
 .debug_info    0x000034af      0x48f ./Sources/Buzzer.o
 .debug_info    0x0000393e      0x411 ./Sources/Button.o
 .debug_info    0x00003d4f      0x187 ./Sources/AppFramework.o
 .debug_info    0x00003ed6       0xe8 C:/Freescale/CW MCU v10.5/MCU/ARM_GCC_Support/ewl/lib/armv6-m\libc.a(exit.o)
 .debug_info    0x00003fbe      0x100 C:/Freescale/CW MCU v10.5/MCU/ARM_GCC_Support/ewl/lib/armv6-m\libc.a(rand.o)
 .debug_info    0x000040be       0xec C:/Freescale/CW MCU v10.5/MCU/ARM_GCC_Support/ewl/lib/armv6-m\libc.a(memset.o)
 .debug_info    0x000041aa      0x50d C:/Freescale/CW MCU v10.5/MCU/ARM_GCC_Support/ewl/lib/armv6-m\libc.a(printformat_.o)
 .debug_info    0x000046b7      0x568 C:/Freescale/CW MCU v10.5/MCU/ARM_GCC_Support/ewl/lib/armv6-m\libc.a(scanformat_.o)
 .debug_info    0x00004c1f      0x313 C:/Freescale/CW MCU v10.5/MCU/ARM_GCC_Support/ewl/lib/armv6-m\libc.a(ctype_aeabi.o)
 .debug_info    0x00004f32      0x1d6 C:/Freescale/CW MCU v10.5/MCU/ARM_GCC_Support/ewl/lib/armv6-m\libc.a(__strtoul.o)
 .debug_info    0x00005108      0x137 C:/Freescale/CW MCU v10.5/MCU/ARM_GCC_Support/ewl/lib/armv6-m\libc.a(__filll_mem.o)
 .debug_info    0x0000523f      0x121 C:/Freescale/CW MCU v10.5/MCU/ARM_GCC_Support/ewl/lib/armv6-m\libc.a(memchr.o)
 .debug_info    0x00005360      0x10f C:/Freescale/CW MCU v10.5/MCU/ARM_GCC_Support/ewl/lib/armv6-m\libc.a(memcpy.o)
 .debug_info    0x0000546f      0x10b C:/Freescale/CW MCU v10.5/MCU/ARM_GCC_Support/ewl/lib/armv6-m\libc.a(strchr.o)
 .debug_info    0x0000557a       0xea C:/Freescale/CW MCU v10.5/MCU/ARM_GCC_Support/ewl/lib/armv6-m\libc.a(strlen.o)
 .debug_info    0x00005664      0x1a0 C:/Freescale/CW MCU v10.5/MCU/ARM_GCC_Support/ewl/lib/armv6-m\libm.a(s_cos.o)
 .debug_info    0x00005804      0x1a0 C:/Freescale/CW MCU v10.5/MCU/ARM_GCC_Support/ewl/lib/armv6-m\libm.a(s_sin.o)
 .debug_info    0x000059a4      0x343 C:/Freescale/CW MCU v10.5/MCU/ARM_GCC_Support/ewl/lib/armv6-m\libm.a(e_rem_pio2.o)
 .debug_info    0x00005ce7      0x22d C:/Freescale/CW MCU v10.5/MCU/ARM_GCC_Support/ewl/lib/armv6-m\libm.a(k_cos.o)
 .debug_info    0x00005f14      0x30a C:/Freescale/CW MCU v10.5/MCU/ARM_GCC_Support/ewl/lib/armv6-m\libm.a(k_rem_pio2.o)
 .debug_info    0x0000621e      0x222 C:/Freescale/CW MCU v10.5/MCU/ARM_GCC_Support/ewl/lib/armv6-m\libm.a(k_sin.o)
 .debug_info    0x00006440      0x305 C:/Freescale/CW MCU v10.5/MCU/ARM_GCC_Support/ewl/lib/armv6-m\libm.a(math_api.o)
 .debug_info    0x00006745      0x1a9 C:/Freescale/CW MCU v10.5/MCU/ARM_GCC_Support/ewl/lib/armv6-m\libm.a(s_floor.o)
 .debug_info    0x000068ee       0xf9 C:/Freescale/CW MCU v10.5/MCU/ARM_GCC_Support/ewl/lib/armv6-m\libm.a(scalbn.o)
 .debug_info    0x000069e7      0x1a1 C:/Freescale/CW MCU v10.5/MCU/ARM_GCC_Support/ewl/lib/armv6-m\libm.a(s_frexp.o)
 .debug_info    0x00006b88      0x1e2 C:/Freescale/CW MCU v10.5/MCU/ARM_GCC_Support/ewl/lib/armv6-m\libm.a(s_ldexp.o)
 .debug_info    0x00006d6a      0x136 C:/Freescale/CW MCU v10.5/MCU/ARM_GCC_Support/ewl/lib/armv6-m\librt.a(gcc_ctor_dtor.o)
 .debug_info    0x00006ea0      0x19b C:/Freescale/CW MCU v10.5/MCU/ARM_GCC_Support/ewl/lib/armv6-m\librt.a(ROMCopy.o)
 .debug_info    0x0000703b      0x2b9 C:/Freescale/CW MCU v10.5/MCU/ARM_GCC_Support/ewl/lib/armv6-m\librt.a(__arm_eabi_init.o)

.debug_abbrev   0x00000000     0x24c4
 .debug_abbrev  0x00000000       0xe7 ./Project_Settings/Startup_Code/kinetis_sysinit.o
 .debug_abbrev  0x000000e7       0xc2 ./Project_Settings/Startup_Code/__arm_start.o
 .debug_abbrev  0x000001a9       0x4c ./Project_Settings/Startup_Code/__arm_end.o
 .debug_abbrev  0x000001f5      0x12a ./Sources/main.o
 .debug_abbrev  0x0000031f      0x167 ./Sources/Timer.o
 .debug_abbrev  0x00000486      0x1c7 ./Sources/SnakeLogic.o
 .debug_abbrev  0x0000064d       0x5f ./Sources/OLEDFONT.o
 .debug_abbrev  0x000006ac      0x1b6 ./Sources/OLEDFB3D.o
 .debug_abbrev  0x00000862      0x261 ./Sources/OLEDFB.o
 .debug_abbrev  0x00000ac3      0x154 ./Sources/OLED.o
 .debug_abbrev  0x00000c17       0xed ./Sources/Buzzer.o
 .debug_abbrev  0x00000d04       0xcd ./Sources/Button.o
 .debug_abbrev  0x00000dd1      0x11b ./Sources/AppFramework.o
 .debug_abbrev  0x00000eec       0x7a C:/Freescale/CW MCU v10.5/MCU/ARM_GCC_Support/ewl/lib/armv6-m\libc.a(exit.o)
 .debug_abbrev  0x00000f66       0x8e C:/Freescale/CW MCU v10.5/MCU/ARM_GCC_Support/ewl/lib/armv6-m\libc.a(rand.o)
 .debug_abbrev  0x00000ff4       0x62 C:/Freescale/CW MCU v10.5/MCU/ARM_GCC_Support/ewl/lib/armv6-m\libc.a(memset.o)
 .debug_abbrev  0x00001056      0x200 C:/Freescale/CW MCU v10.5/MCU/ARM_GCC_Support/ewl/lib/armv6-m\libc.a(printformat_.o)
 .debug_abbrev  0x00001256      0x1f0 C:/Freescale/CW MCU v10.5/MCU/ARM_GCC_Support/ewl/lib/armv6-m\libc.a(scanformat_.o)
 .debug_abbrev  0x00001446       0x9e C:/Freescale/CW MCU v10.5/MCU/ARM_GCC_Support/ewl/lib/armv6-m\libc.a(ctype_aeabi.o)
 .debug_abbrev  0x000014e4       0xc2 C:/Freescale/CW MCU v10.5/MCU/ARM_GCC_Support/ewl/lib/armv6-m\libc.a(__strtoul.o)
 .debug_abbrev  0x000015a6       0x78 C:/Freescale/CW MCU v10.5/MCU/ARM_GCC_Support/ewl/lib/armv6-m\libc.a(__filll_mem.o)
 .debug_abbrev  0x0000161e       0x95 C:/Freescale/CW MCU v10.5/MCU/ARM_GCC_Support/ewl/lib/armv6-m\libc.a(memchr.o)
 .debug_abbrev  0x000016b3       0x95 C:/Freescale/CW MCU v10.5/MCU/ARM_GCC_Support/ewl/lib/armv6-m\libc.a(memcpy.o)
 .debug_abbrev  0x00001748       0x7a C:/Freescale/CW MCU v10.5/MCU/ARM_GCC_Support/ewl/lib/armv6-m\libc.a(strchr.o)
 .debug_abbrev  0x000017c2       0x7a C:/Freescale/CW MCU v10.5/MCU/ARM_GCC_Support/ewl/lib/armv6-m\libc.a(strlen.o)
 .debug_abbrev  0x0000183c       0xd7 C:/Freescale/CW MCU v10.5/MCU/ARM_GCC_Support/ewl/lib/armv6-m\libm.a(s_cos.o)
 .debug_abbrev  0x00001913       0xd7 C:/Freescale/CW MCU v10.5/MCU/ARM_GCC_Support/ewl/lib/armv6-m\libm.a(s_sin.o)
 .debug_abbrev  0x000019ea       0xfc C:/Freescale/CW MCU v10.5/MCU/ARM_GCC_Support/ewl/lib/armv6-m\libm.a(e_rem_pio2.o)
 .debug_abbrev  0x00001ae6       0xcc C:/Freescale/CW MCU v10.5/MCU/ARM_GCC_Support/ewl/lib/armv6-m\libm.a(k_cos.o)
 .debug_abbrev  0x00001bb2       0xf3 C:/Freescale/CW MCU v10.5/MCU/ARM_GCC_Support/ewl/lib/armv6-m\libm.a(k_rem_pio2.o)
 .debug_abbrev  0x00001ca5       0xea C:/Freescale/CW MCU v10.5/MCU/ARM_GCC_Support/ewl/lib/armv6-m\libm.a(k_sin.o)
 .debug_abbrev  0x00001d8f       0xe8 C:/Freescale/CW MCU v10.5/MCU/ARM_GCC_Support/ewl/lib/armv6-m\libm.a(math_api.o)
 .debug_abbrev  0x00001e77       0xbf C:/Freescale/CW MCU v10.5/MCU/ARM_GCC_Support/ewl/lib/armv6-m\libm.a(s_floor.o)
 .debug_abbrev  0x00001f36       0x86 C:/Freescale/CW MCU v10.5/MCU/ARM_GCC_Support/ewl/lib/armv6-m\libm.a(scalbn.o)
 .debug_abbrev  0x00001fbc       0xce C:/Freescale/CW MCU v10.5/MCU/ARM_GCC_Support/ewl/lib/armv6-m\libm.a(s_frexp.o)
 .debug_abbrev  0x0000208a       0xce C:/Freescale/CW MCU v10.5/MCU/ARM_GCC_Support/ewl/lib/armv6-m\libm.a(s_ldexp.o)
 .debug_abbrev  0x00002158       0x99 C:/Freescale/CW MCU v10.5/MCU/ARM_GCC_Support/ewl/lib/armv6-m\librt.a(gcc_ctor_dtor.o)
 .debug_abbrev  0x000021f1      0x120 C:/Freescale/CW MCU v10.5/MCU/ARM_GCC_Support/ewl/lib/armv6-m\librt.a(ROMCopy.o)
 .debug_abbrev  0x00002311      0x1b3 C:/Freescale/CW MCU v10.5/MCU/ARM_GCC_Support/ewl/lib/armv6-m\librt.a(__arm_eabi_init.o)

.debug_aranges  0x00000000      0x790
 .debug_aranges
                0x00000000       0x28 ./Project_Settings/Startup_Code/kinetis_sysinit.o
 .debug_aranges
                0x00000028       0x28 ./Project_Settings/Startup_Code/__arm_start.o
 .debug_aranges
                0x00000050       0x20 ./Project_Settings/Startup_Code/__arm_end.o
 .debug_aranges
                0x00000070       0x30 ./Sources/main.o
 .debug_aranges
                0x000000a0       0x40 ./Sources/Timer.o
 .debug_aranges
                0x000000e0       0x50 ./Sources/SnakeLogic.o
 .debug_aranges
                0x00000130       0x18 ./Sources/OLEDFONT.o
 .debug_aranges
                0x00000148       0x90 ./Sources/OLEDFB3D.o
 .debug_aranges
                0x000001d8       0xa0 ./Sources/OLEDFB.o
 .debug_aranges
                0x00000278       0x40 ./Sources/OLED.o
 .debug_aranges
                0x000002b8       0x28 ./Sources/Buzzer.o
 .debug_aranges
                0x000002e0       0x28 ./Sources/Button.o
 .debug_aranges
                0x00000308       0x40 ./Sources/AppFramework.o
 .debug_aranges
                0x00000348       0x20 C:/Freescale/CW MCU v10.5/MCU/ARM_GCC_Support/ewl/lib/armv6-m\libc.a(exit.o)
 .debug_aranges
                0x00000368       0x28 C:/Freescale/CW MCU v10.5/MCU/ARM_GCC_Support/ewl/lib/armv6-m\libc.a(rand.o)
 .debug_aranges
                0x00000390       0x20 C:/Freescale/CW MCU v10.5/MCU/ARM_GCC_Support/ewl/lib/armv6-m\libc.a(memset.o)
 .debug_aranges
                0x000003b0       0x28 C:/Freescale/CW MCU v10.5/MCU/ARM_GCC_Support/ewl/lib/armv6-m\libc.a(printformat_.o)
 .debug_aranges
                0x000003d8       0x20 C:/Freescale/CW MCU v10.5/MCU/ARM_GCC_Support/ewl/lib/armv6-m\libc.a(scanformat_.o)
 .debug_aranges
                0x000003f8       0x88 C:/Freescale/CW MCU v10.5/MCU/ARM_GCC_Support/ewl/lib/armv6-m\libc.a(ctype_aeabi.o)
 .debug_aranges
                0x00000480       0x20 C:/Freescale/CW MCU v10.5/MCU/ARM_GCC_Support/ewl/lib/armv6-m\libc.a(__strtoul.o)
 .debug_aranges
                0x000004a0       0x20 C:/Freescale/CW MCU v10.5/MCU/ARM_GCC_Support/ewl/lib/armv6-m\libc.a(__filll_mem.o)
 .debug_aranges
                0x000004c0       0x20 C:/Freescale/CW MCU v10.5/MCU/ARM_GCC_Support/ewl/lib/armv6-m\libc.a(memchr.o)
 .debug_aranges
                0x000004e0       0x20 C:/Freescale/CW MCU v10.5/MCU/ARM_GCC_Support/ewl/lib/armv6-m\libc.a(memcpy.o)
 .debug_aranges
                0x00000500       0x20 C:/Freescale/CW MCU v10.5/MCU/ARM_GCC_Support/ewl/lib/armv6-m\libc.a(strchr.o)
 .debug_aranges
                0x00000520       0x20 C:/Freescale/CW MCU v10.5/MCU/ARM_GCC_Support/ewl/lib/armv6-m\libc.a(strlen.o)
 .debug_aranges
                0x00000540       0x20 C:/Freescale/CW MCU v10.5/MCU/ARM_GCC_Support/ewl/lib/armv6-m\libm.a(s_cos.o)
 .debug_aranges
                0x00000560       0x20 C:/Freescale/CW MCU v10.5/MCU/ARM_GCC_Support/ewl/lib/armv6-m\libm.a(s_sin.o)
 .debug_aranges
                0x00000580       0x20 C:/Freescale/CW MCU v10.5/MCU/ARM_GCC_Support/ewl/lib/armv6-m\libm.a(e_rem_pio2.o)
 .debug_aranges
                0x000005a0       0x20 C:/Freescale/CW MCU v10.5/MCU/ARM_GCC_Support/ewl/lib/armv6-m\libm.a(k_cos.o)
 .debug_aranges
                0x000005c0       0x20 C:/Freescale/CW MCU v10.5/MCU/ARM_GCC_Support/ewl/lib/armv6-m\libm.a(k_rem_pio2.o)
 .debug_aranges
                0x000005e0       0x20 C:/Freescale/CW MCU v10.5/MCU/ARM_GCC_Support/ewl/lib/armv6-m\libm.a(k_sin.o)
 .debug_aranges
                0x00000600       0x60 C:/Freescale/CW MCU v10.5/MCU/ARM_GCC_Support/ewl/lib/armv6-m\libm.a(math_api.o)
 .debug_aranges
                0x00000660       0x20 C:/Freescale/CW MCU v10.5/MCU/ARM_GCC_Support/ewl/lib/armv6-m\libm.a(s_floor.o)
 .debug_aranges
                0x00000680       0x20 C:/Freescale/CW MCU v10.5/MCU/ARM_GCC_Support/ewl/lib/armv6-m\libm.a(scalbn.o)
 .debug_aranges
                0x000006a0       0x20 C:/Freescale/CW MCU v10.5/MCU/ARM_GCC_Support/ewl/lib/armv6-m\libm.a(s_frexp.o)
 .debug_aranges
                0x000006c0       0x20 C:/Freescale/CW MCU v10.5/MCU/ARM_GCC_Support/ewl/lib/armv6-m\libm.a(s_ldexp.o)
 .debug_aranges
                0x000006e0       0x28 C:/Freescale/CW MCU v10.5/MCU/ARM_GCC_Support/ewl/lib/armv6-m\librt.a(gcc_ctor_dtor.o)
 .debug_aranges
                0x00000708       0x30 C:/Freescale/CW MCU v10.5/MCU/ARM_GCC_Support/ewl/lib/armv6-m\librt.a(ROMCopy.o)
 .debug_aranges
                0x00000738       0x58 C:/Freescale/CW MCU v10.5/MCU/ARM_GCC_Support/ewl/lib/armv6-m\librt.a(__arm_eabi_init.o)

.debug_macinfo  0x00000000    0xfca22
 .debug_macinfo
                0x00000000    0x26533 ./Project_Settings/Startup_Code/kinetis_sysinit.o
 .debug_macinfo
                0x00026533     0x3eb0 ./Project_Settings/Startup_Code/__arm_start.o
 .debug_macinfo
                0x0002a3e3     0x3499 ./Project_Settings/Startup_Code/__arm_end.o
 .debug_macinfo
                0x0002d87c    0x26882 ./Sources/main.o
 .debug_macinfo
                0x000540fe    0x26556 ./Sources/Timer.o
 .debug_macinfo
                0x0007a654     0x266c ./Sources/SnakeLogic.o
 .debug_macinfo
                0x0007ccc0     0x2566 ./Sources/OLEDFONT.o
 .debug_macinfo
                0x0007f226     0x58ce ./Sources/OLEDFB3D.o
 .debug_macinfo
                0x00084af4     0x27ac ./Sources/OLEDFB.o
 .debug_macinfo
                0x000872a0    0x266e6 ./Sources/OLED.o
 .debug_macinfo
                0x000ad986    0x26542 ./Sources/Buzzer.o
 .debug_macinfo
                0x000d3ec8    0x265f0 ./Sources/Button.o
 .debug_macinfo
                0x000fa4b8     0x256a ./Sources/AppFramework.o

.debug_line     0x00000000     0x4469
 .debug_line    0x00000000      0x224 ./Project_Settings/Startup_Code/kinetis_sysinit.o
 .debug_line    0x00000224      0x293 ./Project_Settings/Startup_Code/__arm_start.o
 .debug_line    0x000004b7      0x265 ./Project_Settings/Startup_Code/__arm_end.o
 .debug_line    0x0000071c      0x2a4 ./Sources/main.o
 .debug_line    0x000009c0      0x276 ./Sources/Timer.o
 .debug_line    0x00000c36      0x3c9 ./Sources/SnakeLogic.o
 .debug_line    0x00000fff      0x10a ./Sources/OLEDFONT.o
 .debug_line    0x00001109      0x4d0 ./Sources/OLEDFB3D.o
 .debug_line    0x000015d9      0xa35 ./Sources/OLEDFB.o
 .debug_line    0x0000200e      0x375 ./Sources/OLED.o
 .debug_line    0x00002383      0x222 ./Sources/Buzzer.o
 .debug_line    0x000025a5      0x290 ./Sources/Button.o
 .debug_line    0x00002835      0x16f ./Sources/AppFramework.o
 .debug_line    0x000029a4       0x8d C:/Freescale/CW MCU v10.5/MCU/ARM_GCC_Support/ewl/lib/armv6-m\libc.a(exit.o)
 .debug_line    0x00002a31       0x93 C:/Freescale/CW MCU v10.5/MCU/ARM_GCC_Support/ewl/lib/armv6-m\libc.a(rand.o)
 .debug_line    0x00002ac4       0x90 C:/Freescale/CW MCU v10.5/MCU/ARM_GCC_Support/ewl/lib/armv6-m\libc.a(memset.o)
 .debug_line    0x00002b54      0x2c3 C:/Freescale/CW MCU v10.5/MCU/ARM_GCC_Support/ewl/lib/armv6-m\libc.a(printformat_.o)
 .debug_line    0x00002e17      0x2be C:/Freescale/CW MCU v10.5/MCU/ARM_GCC_Support/ewl/lib/armv6-m\libc.a(scanformat_.o)
 .debug_line    0x000030d5      0x1be C:/Freescale/CW MCU v10.5/MCU/ARM_GCC_Support/ewl/lib/armv6-m\libc.a(ctype_aeabi.o)
 .debug_line    0x00003293      0x11e C:/Freescale/CW MCU v10.5/MCU/ARM_GCC_Support/ewl/lib/armv6-m\libc.a(__strtoul.o)
 .debug_line    0x000033b1       0xf6 C:/Freescale/CW MCU v10.5/MCU/ARM_GCC_Support/ewl/lib/armv6-m\libc.a(__filll_mem.o)
 .debug_line    0x000034a7       0x9f C:/Freescale/CW MCU v10.5/MCU/ARM_GCC_Support/ewl/lib/armv6-m\libc.a(memchr.o)
 .debug_line    0x00003546       0x8b C:/Freescale/CW MCU v10.5/MCU/ARM_GCC_Support/ewl/lib/armv6-m\libc.a(memcpy.o)
 .debug_line    0x000035d1       0x7d C:/Freescale/CW MCU v10.5/MCU/ARM_GCC_Support/ewl/lib/armv6-m\libc.a(strchr.o)
 .debug_line    0x0000364e       0x85 C:/Freescale/CW MCU v10.5/MCU/ARM_GCC_Support/ewl/lib/armv6-m\libc.a(strlen.o)
 .debug_line    0x000036d3       0xc7 C:/Freescale/CW MCU v10.5/MCU/ARM_GCC_Support/ewl/lib/armv6-m\libm.a(s_cos.o)
 .debug_line    0x0000379a       0xc4 C:/Freescale/CW MCU v10.5/MCU/ARM_GCC_Support/ewl/lib/armv6-m\libm.a(s_sin.o)
 .debug_line    0x0000385e      0x121 C:/Freescale/CW MCU v10.5/MCU/ARM_GCC_Support/ewl/lib/armv6-m\libm.a(e_rem_pio2.o)
 .debug_line    0x0000397f       0xbe C:/Freescale/CW MCU v10.5/MCU/ARM_GCC_Support/ewl/lib/armv6-m\libm.a(k_cos.o)
 .debug_line    0x00003a3d      0x300 C:/Freescale/CW MCU v10.5/MCU/ARM_GCC_Support/ewl/lib/armv6-m\libm.a(k_rem_pio2.o)
 .debug_line    0x00003d3d       0xb4 C:/Freescale/CW MCU v10.5/MCU/ARM_GCC_Support/ewl/lib/armv6-m\libm.a(k_sin.o)
 .debug_line    0x00003df1      0x173 C:/Freescale/CW MCU v10.5/MCU/ARM_GCC_Support/ewl/lib/armv6-m\libm.a(math_api.o)
 .debug_line    0x00003f64       0xcf C:/Freescale/CW MCU v10.5/MCU/ARM_GCC_Support/ewl/lib/armv6-m\libm.a(s_floor.o)
 .debug_line    0x00004033       0x77 C:/Freescale/CW MCU v10.5/MCU/ARM_GCC_Support/ewl/lib/armv6-m\libm.a(scalbn.o)
 .debug_line    0x000040aa       0xb9 C:/Freescale/CW MCU v10.5/MCU/ARM_GCC_Support/ewl/lib/armv6-m\libm.a(s_frexp.o)
 .debug_line    0x00004163       0xc6 C:/Freescale/CW MCU v10.5/MCU/ARM_GCC_Support/ewl/lib/armv6-m\libm.a(s_ldexp.o)
 .debug_line    0x00004229       0x6c C:/Freescale/CW MCU v10.5/MCU/ARM_GCC_Support/ewl/lib/armv6-m\librt.a(gcc_ctor_dtor.o)
 .debug_line    0x00004295       0xbd C:/Freescale/CW MCU v10.5/MCU/ARM_GCC_Support/ewl/lib/armv6-m\librt.a(ROMCopy.o)
 .debug_line    0x00004352      0x117 C:/Freescale/CW MCU v10.5/MCU/ARM_GCC_Support/ewl/lib/armv6-m\librt.a(__arm_eabi_init.o)

.debug_str      0x00000000     0x17d4
 .debug_str     0x00000000      0x2a3 ./Project_Settings/Startup_Code/kinetis_sysinit.o
                                0x2ca (size before relaxing)
 .debug_str     0x000002a3       0x85 ./Project_Settings/Startup_Code/__arm_start.o
                                0x1a4 (size before relaxing)
 .debug_str     0x00000328       0x41 ./Project_Settings/Startup_Code/__arm_end.o
                                 0xdb (size before relaxing)
 .debug_str     0x00000369       0x82 ./Sources/main.o
                                0x1ae (size before relaxing)
 .debug_str     0x000003eb       0xba ./Sources/Timer.o
                                0x1e2 (size before relaxing)
 .debug_str     0x000004a5      0x223 ./Sources/SnakeLogic.o
                                0x31a (size before relaxing)
 .debug_str     0x000006c8       0x25 ./Sources/OLEDFONT.o
                                 0xff (size before relaxing)
 .debug_str     0x000006ed      0x206 ./Sources/OLEDFB3D.o
                                0x362 (size before relaxing)
 .debug_str     0x000008f3      0x1bb ./Sources/OLEDFB.o
                                0x2d9 (size before relaxing)
 .debug_str     0x00000aae       0xc8 ./Sources/OLED.o
                                0x2cc (size before relaxing)
 .debug_str     0x00000b76       0x65 ./Sources/Buzzer.o
                                0x2b9 (size before relaxing)
 .debug_str     0x00000bdb       0x39 ./Sources/Button.o
                                0x2b5 (size before relaxing)
 .debug_str     0x00000c14       0x6b ./Sources/AppFramework.o
                                0x161 (size before relaxing)
 .debug_str     0x00000c7f       0x48 C:/Freescale/CW MCU v10.5/MCU/ARM_GCC_Support/ewl/lib/armv6-m\libc.a(exit.o)
                                0x157 (size before relaxing)
 .debug_str     0x00000cc7       0x30 C:/Freescale/CW MCU v10.5/MCU/ARM_GCC_Support/ewl/lib/armv6-m\libc.a(rand.o)
                                0x152 (size before relaxing)
 .debug_str     0x00000cf7       0x23 C:/Freescale/CW MCU v10.5/MCU/ARM_GCC_Support/ewl/lib/armv6-m\libc.a(memset.o)
                                0x140 (size before relaxing)
 .debug_str     0x00000d1a      0x23d C:/Freescale/CW MCU v10.5/MCU/ARM_GCC_Support/ewl/lib/armv6-m\libc.a(printformat_.o)
                                0x3b3 (size before relaxing)
 .debug_str     0x00000f57      0x184 C:/Freescale/CW MCU v10.5/MCU/ARM_GCC_Support/ewl/lib/armv6-m\libc.a(scanformat_.o)
                                0x3f9 (size before relaxing)
 .debug_str     0x000010db       0x9d C:/Freescale/CW MCU v10.5/MCU/ARM_GCC_Support/ewl/lib/armv6-m\libc.a(ctype_aeabi.o)
                                0x1bc (size before relaxing)
 .debug_str     0x00001178       0x61 C:/Freescale/CW MCU v10.5/MCU/ARM_GCC_Support/ewl/lib/armv6-m\libc.a(__strtoul.o)
                                0x1fb (size before relaxing)
 .debug_str     0x000011d9       0x25 C:/Freescale/CW MCU v10.5/MCU/ARM_GCC_Support/ewl/lib/armv6-m\libc.a(__filll_mem.o)
                                0x152 (size before relaxing)
 .debug_str     0x000011fe       0x1c C:/Freescale/CW MCU v10.5/MCU/ARM_GCC_Support/ewl/lib/armv6-m\libc.a(memchr.o)
                                0x148 (size before relaxing)
 .debug_str     0x0000121a       0x1c C:/Freescale/CW MCU v10.5/MCU/ARM_GCC_Support/ewl/lib/armv6-m\libc.a(memcpy.o)
                                0x138 (size before relaxing)
 .debug_str     0x00001236       0x1c C:/Freescale/CW MCU v10.5/MCU/ARM_GCC_Support/ewl/lib/armv6-m\libc.a(strchr.o)
                                0x137 (size before relaxing)
 .debug_str     0x00001252       0x1c C:/Freescale/CW MCU v10.5/MCU/ARM_GCC_Support/ewl/lib/armv6-m\libc.a(strlen.o)
                                0x140 (size before relaxing)
 .debug_str     0x0000126e       0x25 C:/Freescale/CW MCU v10.5/MCU/ARM_GCC_Support/ewl/lib/armv6-m\libm.a(s_cos.o)
                                0x14d (size before relaxing)
 .debug_str     0x00001293       0x11 C:/Freescale/CW MCU v10.5/MCU/ARM_GCC_Support/ewl/lib/armv6-m\libm.a(s_sin.o)
                                0x14d (size before relaxing)
 .debug_str     0x000012a4       0x83 C:/Freescale/CW MCU v10.5/MCU/ARM_GCC_Support/ewl/lib/armv6-m\libm.a(e_rem_pio2.o)
                                0x1bf (size before relaxing)
 .debug_str     0x00001327       0x1e C:/Freescale/CW MCU v10.5/MCU/ARM_GCC_Support/ewl/lib/armv6-m\libm.a(k_cos.o)
                                0x151 (size before relaxing)
 .debug_str     0x00001345       0x57 C:/Freescale/CW MCU v10.5/MCU/ARM_GCC_Support/ewl/lib/armv6-m\libm.a(k_rem_pio2.o)
                                0x196 (size before relaxing)
 .debug_str     0x0000139c       0x1e C:/Freescale/CW MCU v10.5/MCU/ARM_GCC_Support/ewl/lib/armv6-m\libm.a(k_sin.o)
                                0x156 (size before relaxing)
 .debug_str     0x000013ba       0xe0 C:/Freescale/CW MCU v10.5/MCU/ARM_GCC_Support/ewl/lib/armv6-m\libm.a(math_api.o)
                                0x228 (size before relaxing)
 .debug_str     0x0000149a       0x19 C:/Freescale/CW MCU v10.5/MCU/ARM_GCC_Support/ewl/lib/armv6-m\libm.a(s_floor.o)
                                0x14c (size before relaxing)
 .debug_str     0x000014b3       0x1e C:/Freescale/CW MCU v10.5/MCU/ARM_GCC_Support/ewl/lib/armv6-m\libm.a(scalbn.o)
                                0x13f (size before relaxing)
 .debug_str     0x000014d1       0x24 C:/Freescale/CW MCU v10.5/MCU/ARM_GCC_Support/ewl/lib/armv6-m\libm.a(s_frexp.o)
                                0x15d (size before relaxing)
 .debug_str     0x000014f5       0x25 C:/Freescale/CW MCU v10.5/MCU/ARM_GCC_Support/ewl/lib/armv6-m\libm.a(s_ldexp.o)
                                0x164 (size before relaxing)
 .debug_str     0x0000151a      0x126 C:/Freescale/CW MCU v10.5/MCU/ARM_GCC_Support/ewl/lib/armv6-m\librt.a(gcc_ctor_dtor.o)
                                0x181 (size before relaxing)
 .debug_str     0x00001640       0xa1 C:/Freescale/CW MCU v10.5/MCU/ARM_GCC_Support/ewl/lib/armv6-m\librt.a(ROMCopy.o)
                                0x13c (size before relaxing)
 .debug_str     0x000016e1       0xf3 C:/Freescale/CW MCU v10.5/MCU/ARM_GCC_Support/ewl/lib/armv6-m\librt.a(__arm_eabi_init.o)
                                0x1b5 (size before relaxing)

.comment        0x00000000       0x79
 .comment       0x00000000       0x79 ./Project_Settings/Startup_Code/kinetis_sysinit.o
                                 0x7a (size before relaxing)
 .comment       0x00000000       0x7a ./Project_Settings/Startup_Code/__arm_start.o
 .comment       0x00000000       0x7a ./Project_Settings/Startup_Code/__arm_end.o
 .comment       0x00000000       0x7a ./Sources/main.o
 .comment       0x00000000       0x7a ./Sources/Timer.o
 .comment       0x00000000       0x7a ./Sources/SnakeLogic.o
 .comment       0x00000000       0x7a ./Sources/OLEDFONT.o
 .comment       0x00000000       0x7a ./Sources/OLEDFB3D.o
 .comment       0x00000000       0x7a ./Sources/OLEDFB.o
 .comment       0x00000000       0x7a ./Sources/OLED.o
 .comment       0x00000000       0x7a ./Sources/Buzzer.o
 .comment       0x00000000       0x7a ./Sources/Button.o
 .comment       0x00000000       0x7a ./Sources/AppFramework.o
 .comment       0x00000000       0x7a C:/Freescale/CW MCU v10.5/MCU/ARM_GCC_Support/ewl/lib/armv6-m\libc.a(exit.o)
 .comment       0x00000000       0x7a C:/Freescale/CW MCU v10.5/MCU/ARM_GCC_Support/ewl/lib/armv6-m\libc.a(rand.o)
 .comment       0x00000000       0x7a C:/Freescale/CW MCU v10.5/MCU/ARM_GCC_Support/ewl/lib/armv6-m\libc.a(memset.o)
 .comment       0x00000000       0x7a C:/Freescale/CW MCU v10.5/MCU/ARM_GCC_Support/ewl/lib/armv6-m\libc.a(printformat_.o)
 .comment       0x00000000       0x7a C:/Freescale/CW MCU v10.5/MCU/ARM_GCC_Support/ewl/lib/armv6-m\libc.a(scanformat_.o)
 .comment       0x00000000       0x7a C:/Freescale/CW MCU v10.5/MCU/ARM_GCC_Support/ewl/lib/armv6-m\libc.a(ctype_aeabi.o)
 .comment       0x00000000       0x7a C:/Freescale/CW MCU v10.5/MCU/ARM_GCC_Support/ewl/lib/armv6-m\libc.a(__strtoul.o)
 .comment       0x00000000       0x7a C:/Freescale/CW MCU v10.5/MCU/ARM_GCC_Support/ewl/lib/armv6-m\libc.a(__filll_mem.o)
 .comment       0x00000000       0x7a C:/Freescale/CW MCU v10.5/MCU/ARM_GCC_Support/ewl/lib/armv6-m\libc.a(memchr.o)
 .comment       0x00000000       0x7a C:/Freescale/CW MCU v10.5/MCU/ARM_GCC_Support/ewl/lib/armv6-m\libc.a(memcpy.o)
 .comment       0x00000000       0x7a C:/Freescale/CW MCU v10.5/MCU/ARM_GCC_Support/ewl/lib/armv6-m\libc.a(strchr.o)
 .comment       0x00000000       0x7a C:/Freescale/CW MCU v10.5/MCU/ARM_GCC_Support/ewl/lib/armv6-m\libc.a(strlen.o)
 .comment       0x00000000       0x7a C:/Freescale/CW MCU v10.5/MCU/ARM_GCC_Support/ewl/lib/armv6-m\libm.a(s_cos.o)
 .comment       0x00000000       0x7a C:/Freescale/CW MCU v10.5/MCU/ARM_GCC_Support/ewl/lib/armv6-m\libm.a(s_sin.o)
 .comment       0x00000000       0x7a C:/Freescale/CW MCU v10.5/MCU/ARM_GCC_Support/ewl/lib/armv6-m\libm.a(e_rem_pio2.o)
 .comment       0x00000000       0x7a C:/Freescale/CW MCU v10.5/MCU/ARM_GCC_Support/ewl/lib/armv6-m\libm.a(k_cos.o)
 .comment       0x00000000       0x7a C:/Freescale/CW MCU v10.5/MCU/ARM_GCC_Support/ewl/lib/armv6-m\libm.a(k_rem_pio2.o)
 .comment       0x00000000       0x7a C:/Freescale/CW MCU v10.5/MCU/ARM_GCC_Support/ewl/lib/armv6-m\libm.a(k_sin.o)
 .comment       0x00000000       0x7a C:/Freescale/CW MCU v10.5/MCU/ARM_GCC_Support/ewl/lib/armv6-m\libm.a(math_api.o)
 .comment       0x00000000       0x7a C:/Freescale/CW MCU v10.5/MCU/ARM_GCC_Support/ewl/lib/armv6-m\libm.a(s_floor.o)
 .comment       0x00000000       0x7a C:/Freescale/CW MCU v10.5/MCU/ARM_GCC_Support/ewl/lib/armv6-m\libm.a(scalbn.o)
 .comment       0x00000000       0x7a C:/Freescale/CW MCU v10.5/MCU/ARM_GCC_Support/ewl/lib/armv6-m\libm.a(s_frexp.o)
 .comment       0x00000000       0x7a C:/Freescale/CW MCU v10.5/MCU/ARM_GCC_Support/ewl/lib/armv6-m\libm.a(s_ldexp.o)
 .comment       0x00000000       0x7a C:/Freescale/CW MCU v10.5/MCU/ARM_GCC_Support/ewl/lib/armv6-m\librt.a(gcc_ctor_dtor.o)
 .comment       0x00000000       0x7a C:/Freescale/CW MCU v10.5/MCU/ARM_GCC_Support/ewl/lib/armv6-m\librt.a(ROMCopy.o)
 .comment       0x00000000       0x7a C:/Freescale/CW MCU v10.5/MCU/ARM_GCC_Support/ewl/lib/armv6-m\librt.a(__arm_eabi_init.o)

.debug_frame    0x00000000     0x1328
 .debug_frame   0x00000000       0x30 ./Project_Settings/Startup_Code/kinetis_sysinit.o
 .debug_frame   0x00000030       0x30 ./Project_Settings/Startup_Code/__arm_start.o
 .debug_frame   0x00000060       0x28 ./Project_Settings/Startup_Code/__arm_end.o
 .debug_frame   0x00000088       0x60 ./Sources/main.o
 .debug_frame   0x000000e8       0x70 ./Sources/Timer.o
 .debug_frame   0x00000158       0xec ./Sources/SnakeLogic.o
 .debug_frame   0x00000244      0x1f0 ./Sources/OLEDFB3D.o
 .debug_frame   0x00000434      0x254 ./Sources/OLEDFB.o
 .debug_frame   0x00000688       0x94 ./Sources/OLED.o
 .debug_frame   0x0000071c       0x3c ./Sources/Buzzer.o
 .debug_frame   0x00000758       0x40 ./Sources/Button.o
 .debug_frame   0x00000798       0x70 ./Sources/AppFramework.o
 .debug_frame   0x00000808       0x2c C:/Freescale/CW MCU v10.5/MCU/ARM_GCC_Support/ewl/lib/armv6-m\libc.a(exit.o)
 .debug_frame   0x00000834       0x30 C:/Freescale/CW MCU v10.5/MCU/ARM_GCC_Support/ewl/lib/armv6-m\libc.a(rand.o)
 .debug_frame   0x00000864       0x28 C:/Freescale/CW MCU v10.5/MCU/ARM_GCC_Support/ewl/lib/armv6-m\libc.a(memset.o)
 .debug_frame   0x0000088c       0x54 C:/Freescale/CW MCU v10.5/MCU/ARM_GCC_Support/ewl/lib/armv6-m\libc.a(printformat_.o)
 .debug_frame   0x000008e0       0x34 C:/Freescale/CW MCU v10.5/MCU/ARM_GCC_Support/ewl/lib/armv6-m\libc.a(scanformat_.o)
 .debug_frame   0x00000914      0x158 C:/Freescale/CW MCU v10.5/MCU/ARM_GCC_Support/ewl/lib/armv6-m\libc.a(ctype_aeabi.o)
 .debug_frame   0x00000a6c       0x30 C:/Freescale/CW MCU v10.5/MCU/ARM_GCC_Support/ewl/lib/armv6-m\libc.a(__strtoul.o)
 .debug_frame   0x00000a9c       0x2c C:/Freescale/CW MCU v10.5/MCU/ARM_GCC_Support/ewl/lib/armv6-m\libc.a(__filll_mem.o)
 .debug_frame   0x00000ac8       0x28 C:/Freescale/CW MCU v10.5/MCU/ARM_GCC_Support/ewl/lib/armv6-m\libc.a(memchr.o)
 .debug_frame   0x00000af0       0x28 C:/Freescale/CW MCU v10.5/MCU/ARM_GCC_Support/ewl/lib/armv6-m\libc.a(memcpy.o)
 .debug_frame   0x00000b18       0x28 C:/Freescale/CW MCU v10.5/MCU/ARM_GCC_Support/ewl/lib/armv6-m\libc.a(strchr.o)
 .debug_frame   0x00000b40       0x28 C:/Freescale/CW MCU v10.5/MCU/ARM_GCC_Support/ewl/lib/armv6-m\libc.a(strlen.o)
 .debug_frame   0x00000b68       0x30 C:/Freescale/CW MCU v10.5/MCU/ARM_GCC_Support/ewl/lib/armv6-m\libm.a(s_cos.o)
 .debug_frame   0x00000b98       0x30 C:/Freescale/CW MCU v10.5/MCU/ARM_GCC_Support/ewl/lib/armv6-m\libm.a(s_sin.o)
 .debug_frame   0x00000bc8       0x30 C:/Freescale/CW MCU v10.5/MCU/ARM_GCC_Support/ewl/lib/armv6-m\libm.a(e_rem_pio2.o)
 .debug_frame   0x00000bf8       0x30 C:/Freescale/CW MCU v10.5/MCU/ARM_GCC_Support/ewl/lib/armv6-m\libm.a(k_cos.o)
 .debug_frame   0x00000c28       0x34 C:/Freescale/CW MCU v10.5/MCU/ARM_GCC_Support/ewl/lib/armv6-m\libm.a(k_rem_pio2.o)
 .debug_frame   0x00000c5c       0x30 C:/Freescale/CW MCU v10.5/MCU/ARM_GCC_Support/ewl/lib/armv6-m\libm.a(k_sin.o)
 .debug_frame   0x00000c8c       0xe0 C:/Freescale/CW MCU v10.5/MCU/ARM_GCC_Support/ewl/lib/armv6-m\libm.a(math_api.o)
 .debug_frame   0x00000d6c       0x30 C:/Freescale/CW MCU v10.5/MCU/ARM_GCC_Support/ewl/lib/armv6-m\libm.a(s_floor.o)
 .debug_frame   0x00000d9c       0x2c C:/Freescale/CW MCU v10.5/MCU/ARM_GCC_Support/ewl/lib/armv6-m\libm.a(scalbn.o)
 .debug_frame   0x00000dc8       0x2c C:/Freescale/CW MCU v10.5/MCU/ARM_GCC_Support/ewl/lib/armv6-m\libm.a(s_frexp.o)
 .debug_frame   0x00000df4       0x30 C:/Freescale/CW MCU v10.5/MCU/ARM_GCC_Support/ewl/lib/armv6-m\libm.a(s_ldexp.o)
 .debug_frame   0x00000e24       0x20 c:/freescale/cw mcu v10.5/cross_tools/arm-none-eabi-gcc-4_7_3/bin/../lib/gcc/arm-none-eabi/4.7.3/armv6-m\libgcc.a(_udivsi3.o)
 .debug_frame   0x00000e44       0x20 c:/freescale/cw mcu v10.5/cross_tools/arm-none-eabi-gcc-4_7_3/bin/../lib/gcc/arm-none-eabi/4.7.3/armv6-m\libgcc.a(_divsi3.o)
 .debug_frame   0x00000e64       0x30 c:/freescale/cw mcu v10.5/cross_tools/arm-none-eabi-gcc-4_7_3/bin/../lib/gcc/arm-none-eabi/4.7.3/armv6-m\libgcc.a(addsf3.o)
 .debug_frame   0x00000e94       0x3c c:/freescale/cw mcu v10.5/cross_tools/arm-none-eabi-gcc-4_7_3/bin/../lib/gcc/arm-none-eabi/4.7.3/armv6-m\libgcc.a(divsf3.o)
 .debug_frame   0x00000ed0       0x3c c:/freescale/cw mcu v10.5/cross_tools/arm-none-eabi-gcc-4_7_3/bin/../lib/gcc/arm-none-eabi/4.7.3/armv6-m\libgcc.a(mulsf3.o)
 .debug_frame   0x00000f0c       0x30 c:/freescale/cw mcu v10.5/cross_tools/arm-none-eabi-gcc-4_7_3/bin/../lib/gcc/arm-none-eabi/4.7.3/armv6-m\libgcc.a(subsf3.o)
 .debug_frame   0x00000f3c       0x28 c:/freescale/cw mcu v10.5/cross_tools/arm-none-eabi-gcc-4_7_3/bin/../lib/gcc/arm-none-eabi/4.7.3/armv6-m\libgcc.a(fixsfsi.o)
 .debug_frame   0x00000f64       0x2c c:/freescale/cw mcu v10.5/cross_tools/arm-none-eabi-gcc-4_7_3/bin/../lib/gcc/arm-none-eabi/4.7.3/armv6-m\libgcc.a(floatsisf.o)
 .debug_frame   0x00000f90       0x3c c:/freescale/cw mcu v10.5/cross_tools/arm-none-eabi-gcc-4_7_3/bin/../lib/gcc/arm-none-eabi/4.7.3/armv6-m\libgcc.a(adddf3.o)
 .debug_frame   0x00000fcc       0x3c c:/freescale/cw mcu v10.5/cross_tools/arm-none-eabi-gcc-4_7_3/bin/../lib/gcc/arm-none-eabi/4.7.3/armv6-m\libgcc.a(divdf3.o)
 .debug_frame   0x00001008       0x34 c:/freescale/cw mcu v10.5/cross_tools/arm-none-eabi-gcc-4_7_3/bin/../lib/gcc/arm-none-eabi/4.7.3/armv6-m\libgcc.a(eqdf2.o)
 .debug_frame   0x0000103c       0x38 c:/freescale/cw mcu v10.5/cross_tools/arm-none-eabi-gcc-4_7_3/bin/../lib/gcc/arm-none-eabi/4.7.3/armv6-m\libgcc.a(gedf2.o)
 .debug_frame   0x00001074       0x38 c:/freescale/cw mcu v10.5/cross_tools/arm-none-eabi-gcc-4_7_3/bin/../lib/gcc/arm-none-eabi/4.7.3/armv6-m\libgcc.a(ledf2.o)
 .debug_frame   0x000010ac       0x3c c:/freescale/cw mcu v10.5/cross_tools/arm-none-eabi-gcc-4_7_3/bin/../lib/gcc/arm-none-eabi/4.7.3/armv6-m\libgcc.a(muldf3.o)
 .debug_frame   0x000010e8       0x38 c:/freescale/cw mcu v10.5/cross_tools/arm-none-eabi-gcc-4_7_3/bin/../lib/gcc/arm-none-eabi/4.7.3/armv6-m\libgcc.a(subdf3.o)
 .debug_frame   0x00001120       0x2c c:/freescale/cw mcu v10.5/cross_tools/arm-none-eabi-gcc-4_7_3/bin/../lib/gcc/arm-none-eabi/4.7.3/armv6-m\libgcc.a(fixdfsi.o)
 .debug_frame   0x0000114c       0x30 c:/freescale/cw mcu v10.5/cross_tools/arm-none-eabi-gcc-4_7_3/bin/../lib/gcc/arm-none-eabi/4.7.3/armv6-m\libgcc.a(floatsidf.o)
 .debug_frame   0x0000117c       0x2c c:/freescale/cw mcu v10.5/cross_tools/arm-none-eabi-gcc-4_7_3/bin/../lib/gcc/arm-none-eabi/4.7.3/armv6-m\libgcc.a(extendsfdf2.o)
 .debug_frame   0x000011a8       0x30 c:/freescale/cw mcu v10.5/cross_tools/arm-none-eabi-gcc-4_7_3/bin/../lib/gcc/arm-none-eabi/4.7.3/armv6-m\libgcc.a(truncdfsf2.o)
 .debug_frame   0x000011d8       0x40 C:/Freescale/CW MCU v10.5/MCU/ARM_GCC_Support/ewl/lib/armv6-m\librt.a(gcc_ctor_dtor.o)
 .debug_frame   0x00001218       0x54 C:/Freescale/CW MCU v10.5/MCU/ARM_GCC_Support/ewl/lib/armv6-m\librt.a(ROMCopy.o)
 .debug_frame   0x0000126c       0xbc C:/Freescale/CW MCU v10.5/MCU/ARM_GCC_Support/ewl/lib/armv6-m\librt.a(__arm_eabi_init.o)

.debug_loc      0x00000000     0x5fd1
 .debug_loc     0x00000000       0x20 ./Project_Settings/Startup_Code/__arm_end.o
 .debug_loc     0x00000020       0x77 ./Sources/main.o
 .debug_loc     0x00000097       0xbd ./Sources/Timer.o
 .debug_loc     0x00000154      0x34b ./Sources/SnakeLogic.o
 .debug_loc     0x0000049f      0x595 ./Sources/OLEDFB3D.o
 .debug_loc     0x00000a34     0x18c4 ./Sources/OLEDFB.o
 .debug_loc     0x000022f8      0x115 ./Sources/OLED.o
 .debug_loc     0x0000240d       0x5c ./Sources/Buzzer.o
 .debug_loc     0x00002469       0x40 ./Sources/Button.o
 .debug_loc     0x000024a9       0x79 ./Sources/AppFramework.o
 .debug_loc     0x00002522       0x3e C:/Freescale/CW MCU v10.5/MCU/ARM_GCC_Support/ewl/lib/armv6-m\libc.a(exit.o)
 .debug_loc     0x00002560       0x6f C:/Freescale/CW MCU v10.5/MCU/ARM_GCC_Support/ewl/lib/armv6-m\libc.a(memset.o)
 .debug_loc     0x000025cf     0x104b C:/Freescale/CW MCU v10.5/MCU/ARM_GCC_Support/ewl/lib/armv6-m\libc.a(printformat_.o)
 .debug_loc     0x0000361a      0x9d8 C:/Freescale/CW MCU v10.5/MCU/ARM_GCC_Support/ewl/lib/armv6-m\libc.a(scanformat_.o)
 .debug_loc     0x00003ff2      0x30d C:/Freescale/CW MCU v10.5/MCU/ARM_GCC_Support/ewl/lib/armv6-m\libc.a(ctype_aeabi.o)
 .debug_loc     0x000042ff      0x305 C:/Freescale/CW MCU v10.5/MCU/ARM_GCC_Support/ewl/lib/armv6-m\libc.a(__strtoul.o)
 .debug_loc     0x00004604      0x14a C:/Freescale/CW MCU v10.5/MCU/ARM_GCC_Support/ewl/lib/armv6-m\libc.a(__filll_mem.o)
 .debug_loc     0x0000474e       0x77 C:/Freescale/CW MCU v10.5/MCU/ARM_GCC_Support/ewl/lib/armv6-m\libc.a(memchr.o)
 .debug_loc     0x000047c5       0x59 C:/Freescale/CW MCU v10.5/MCU/ARM_GCC_Support/ewl/lib/armv6-m\libc.a(memcpy.o)
 .debug_loc     0x0000481e       0xaf C:/Freescale/CW MCU v10.5/MCU/ARM_GCC_Support/ewl/lib/armv6-m\libc.a(strchr.o)
 .debug_loc     0x000048cd       0x33 C:/Freescale/CW MCU v10.5/MCU/ARM_GCC_Support/ewl/lib/armv6-m\libc.a(strlen.o)
 .debug_loc     0x00004900       0xc8 C:/Freescale/CW MCU v10.5/MCU/ARM_GCC_Support/ewl/lib/armv6-m\libm.a(s_cos.o)
 .debug_loc     0x000049c8       0xc8 C:/Freescale/CW MCU v10.5/MCU/ARM_GCC_Support/ewl/lib/armv6-m\libm.a(s_sin.o)
 .debug_loc     0x00004a90      0x316 C:/Freescale/CW MCU v10.5/MCU/ARM_GCC_Support/ewl/lib/armv6-m\libm.a(e_rem_pio2.o)
 .debug_loc     0x00004da6      0x10a C:/Freescale/CW MCU v10.5/MCU/ARM_GCC_Support/ewl/lib/armv6-m\libm.a(k_cos.o)
 .debug_loc     0x00004eb0      0x66c C:/Freescale/CW MCU v10.5/MCU/ARM_GCC_Support/ewl/lib/armv6-m\libm.a(k_rem_pio2.o)
 .debug_loc     0x0000551c       0xf4 C:/Freescale/CW MCU v10.5/MCU/ARM_GCC_Support/ewl/lib/armv6-m\libm.a(k_sin.o)
 .debug_loc     0x00005610      0x2d7 C:/Freescale/CW MCU v10.5/MCU/ARM_GCC_Support/ewl/lib/armv6-m\libm.a(math_api.o)
 .debug_loc     0x000058e7      0x143 C:/Freescale/CW MCU v10.5/MCU/ARM_GCC_Support/ewl/lib/armv6-m\libm.a(s_floor.o)
 .debug_loc     0x00005a2a       0x6e C:/Freescale/CW MCU v10.5/MCU/ARM_GCC_Support/ewl/lib/armv6-m\libm.a(scalbn.o)
 .debug_loc     0x00005a98       0xc1 C:/Freescale/CW MCU v10.5/MCU/ARM_GCC_Support/ewl/lib/armv6-m\libm.a(s_frexp.o)
 .debug_loc     0x00005b59      0x16b C:/Freescale/CW MCU v10.5/MCU/ARM_GCC_Support/ewl/lib/armv6-m\libm.a(s_ldexp.o)
 .debug_loc     0x00005cc4       0x9d C:/Freescale/CW MCU v10.5/MCU/ARM_GCC_Support/ewl/lib/armv6-m\librt.a(gcc_ctor_dtor.o)
 .debug_loc     0x00005d61       0xd9 C:/Freescale/CW MCU v10.5/MCU/ARM_GCC_Support/ewl/lib/armv6-m\librt.a(ROMCopy.o)
 .debug_loc     0x00005e3a      0x197 C:/Freescale/CW MCU v10.5/MCU/ARM_GCC_Support/ewl/lib/armv6-m\librt.a(__arm_eabi_init.o)
