Archive member included because of file (symbol)

C:/Freescale/CW MCU v10.5/MCU/ARM_GCC_Support/ewl/lib/armv6-m\libc.a(exit.o)
                              ./Project_Settings/Startup_Code/__arm_start.o (exit)
C:/Freescale/CW MCU v10.5/MCU/ARM_GCC_Support/ewl/lib/armv6-m\libc.a(rand.o)
                              ./Sources/Apps/AppSensorTest.o (rand)
C:/Freescale/CW MCU v10.5/MCU/ARM_GCC_Support/ewl/lib/armv6-m\libc.a(memset.o)
                              ./Project_Settings/Startup_Code/__arm_start.o (memset)
C:/Freescale/CW MCU v10.5/MCU/ARM_GCC_Support/ewl/lib/armv6-m\libc.a(printformat_.o)
                              (__pformatter_)
C:/Freescale/CW MCU v10.5/MCU/ARM_GCC_Support/ewl/lib/armv6-m\libc.a(scanformat_.o)
                              (__sformatter)
C:/Freescale/CW MCU v10.5/MCU/ARM_GCC_Support/ewl/lib/armv6-m\libc.a(ctype_aeabi.o)
                              C:/Freescale/CW MCU v10.5/MCU/ARM_GCC_Support/ewl/lib/armv6-m\libc.a(scanformat_.o) (isspace)
C:/Freescale/CW MCU v10.5/MCU/ARM_GCC_Support/ewl/lib/armv6-m\libc.a(__strtoul.o)
                              C:/Freescale/CW MCU v10.5/MCU/ARM_GCC_Support/ewl/lib/armv6-m\libc.a(scanformat_.o) (__strtoul)
C:/Freescale/CW MCU v10.5/MCU/ARM_GCC_Support/ewl/lib/armv6-m\libc.a(__filll_mem.o)
                              C:/Freescale/CW MCU v10.5/MCU/ARM_GCC_Support/ewl/lib/armv6-m\libc.a(memset.o) (__fill_mem)
C:/Freescale/CW MCU v10.5/MCU/ARM_GCC_Support/ewl/lib/armv6-m\libc.a(memchr.o)
                              C:/Freescale/CW MCU v10.5/MCU/ARM_GCC_Support/ewl/lib/armv6-m\libc.a(printformat_.o) (memchr)
C:/Freescale/CW MCU v10.5/MCU/ARM_GCC_Support/ewl/lib/armv6-m\libc.a(memcpy.o)
                              C:/Freescale/CW MCU v10.5/MCU/ARM_GCC_Support/ewl/lib/armv6-m\libc.a(scanformat_.o) (memcpy)
C:/Freescale/CW MCU v10.5/MCU/ARM_GCC_Support/ewl/lib/armv6-m\libc.a(strchr.o)
                              C:/Freescale/CW MCU v10.5/MCU/ARM_GCC_Support/ewl/lib/armv6-m\libc.a(printformat_.o) (strchr)
C:/Freescale/CW MCU v10.5/MCU/ARM_GCC_Support/ewl/lib/armv6-m\libc.a(strlen.o)
                              C:/Freescale/CW MCU v10.5/MCU/ARM_GCC_Support/ewl/lib/armv6-m\libc.a(printformat_.o) (strlen)
c:/freescale/cw mcu v10.5/cross_tools/arm-none-eabi-gcc-4_7_3/bin/../lib/gcc/arm-none-eabi/4.7.3/armv6-m\libgcc.a(_thumb1_case_sqi.o)
                              C:/Freescale/CW MCU v10.5/MCU/ARM_GCC_Support/ewl/lib/armv6-m\libc.a(__strtoul.o) (__gnu_thumb1_case_sqi)
c:/freescale/cw mcu v10.5/cross_tools/arm-none-eabi-gcc-4_7_3/bin/../lib/gcc/arm-none-eabi/4.7.3/armv6-m\libgcc.a(_thumb1_case_uqi.o)
                              C:/Freescale/CW MCU v10.5/MCU/ARM_GCC_Support/ewl/lib/armv6-m\libc.a(scanformat_.o) (__gnu_thumb1_case_uqi)
c:/freescale/cw mcu v10.5/cross_tools/arm-none-eabi-gcc-4_7_3/bin/../lib/gcc/arm-none-eabi/4.7.3/armv6-m\libgcc.a(_udivsi3.o)
                              C:/Freescale/CW MCU v10.5/MCU/ARM_GCC_Support/ewl/lib/armv6-m\libc.a(printformat_.o) (__aeabi_uidiv)
c:/freescale/cw mcu v10.5/cross_tools/arm-none-eabi-gcc-4_7_3/bin/../lib/gcc/arm-none-eabi/4.7.3/armv6-m\libgcc.a(_divsi3.o)
                              ./Sources/Peripheral/UART.o (__aeabi_idiv)
c:/freescale/cw mcu v10.5/cross_tools/arm-none-eabi-gcc-4_7_3/bin/../lib/gcc/arm-none-eabi/4.7.3/armv6-m\libgcc.a(_dvmd_tls.o)
                              c:/freescale/cw mcu v10.5/cross_tools/arm-none-eabi-gcc-4_7_3/bin/../lib/gcc/arm-none-eabi/4.7.3/armv6-m\libgcc.a(_udivsi3.o) (__aeabi_idiv0)
c:/freescale/cw mcu v10.5/cross_tools/arm-none-eabi-gcc-4_7_3/bin/../lib/gcc/arm-none-eabi/4.7.3/armv6-m\libgcc.a(floatsisf.o)
                              ./Sources/Peripheral/MMA8451Q.o (__aeabi_i2f)
c:/freescale/cw mcu v10.5/cross_tools/arm-none-eabi-gcc-4_7_3/bin/../lib/gcc/arm-none-eabi/4.7.3/armv6-m\libgcc.a(muldf3.o)
                              ./Sources/Peripheral/MMA8451Q.o (__aeabi_dmul)
c:/freescale/cw mcu v10.5/cross_tools/arm-none-eabi-gcc-4_7_3/bin/../lib/gcc/arm-none-eabi/4.7.3/armv6-m\libgcc.a(extendsfdf2.o)
                              ./Sources/Peripheral/MMA8451Q.o (__aeabi_f2d)
c:/freescale/cw mcu v10.5/cross_tools/arm-none-eabi-gcc-4_7_3/bin/../lib/gcc/arm-none-eabi/4.7.3/armv6-m\libgcc.a(truncdfsf2.o)
                              ./Sources/Peripheral/MMA8451Q.o (__aeabi_d2f)
c:/freescale/cw mcu v10.5/cross_tools/arm-none-eabi-gcc-4_7_3/bin/../lib/gcc/arm-none-eabi/4.7.3/armv6-m\libgcc.a(_clzsi2.o)
                              c:/freescale/cw mcu v10.5/cross_tools/arm-none-eabi-gcc-4_7_3/bin/../lib/gcc/arm-none-eabi/4.7.3/armv6-m\libgcc.a(floatsisf.o) (__clzsi2)
C:/Freescale/CW MCU v10.5/MCU/ARM_GCC_Support/ewl/lib/armv6-m\librt.a(gcc_ctor_dtor.o)
                              ./Project_Settings/Startup_Code/__arm_start.o (__init_cpp)
C:/Freescale/CW MCU v10.5/MCU/ARM_GCC_Support/ewl/lib/armv6-m\librt.a(ROMCopy.o)
                              ./Project_Settings/Startup_Code/__arm_start.o (__copy_rom_sections_to_ram)
C:/Freescale/CW MCU v10.5/MCU/ARM_GCC_Support/ewl/lib/armv6-m\librt.a(__arm_eabi_init.o)
                              C:/Freescale/CW MCU v10.5/MCU/ARM_GCC_Support/ewl/lib/armv6-m\libc.a(exit.o) (__destroy_global_chain)

Allocating common symbols
Common symbol       size              file

SlaveID             0x1               ./Sources/Peripheral/MMA8451Q.o
MasterTransmission  0x1               ./Sources/Peripheral/MMA8451Q.o
menuRoot            0x18              ./Sources/main.o
current_operation_index
                    0x4               ./Sources/Peripheral/menu.o
menuFunction3       0x18              ./Sources/main.o
MMA8451_data        0x6               ./Sources/Peripheral/MMA8451Q.o
lED4_light_flag     0x1               ./Sources/Peripheral/Function.o
lED3_light_flag     0x1               ./Sources/Peripheral/Function.o
menuFunction1       0x18              ./Sources/main.o
lED2_light_flag     0x1               ./Sources/Peripheral/Function.o
OLED_MENU_app       0x8               ./Sources/Peripheral/menu.o
show                0x6               ./Sources/main.o
menuFunction2       0x18              ./Sources/main.o
lED1_light_flag     0x1               ./Sources/Peripheral/Function.o
AppSensorTest_app   0x8               ./Sources/Apps/AppSensorTest.o

Discarded input sections

 .text          0x00000000        0x0 ./Project_Settings/Startup_Code/kinetis_sysinit.o
 .data          0x00000000        0x0 ./Project_Settings/Startup_Code/kinetis_sysinit.o
 .bss           0x00000000        0x0 ./Project_Settings/Startup_Code/kinetis_sysinit.o
 .text          0x00000000        0x0 ./Project_Settings/Startup_Code/__arm_start.o
 .data          0x00000000        0x0 ./Project_Settings/Startup_Code/__arm_start.o
 .bss           0x00000000        0x0 ./Project_Settings/Startup_Code/__arm_start.o
 .text.__iar_program_start
                0x00000000        0x4 ./Project_Settings/Startup_Code/__arm_start.o
 .text          0x00000000        0x0 ./Project_Settings/Startup_Code/__arm_end.o
 .data          0x00000000        0x0 ./Project_Settings/Startup_Code/__arm_end.o
 .bss           0x00000000        0x0 ./Project_Settings/Startup_Code/__arm_end.o
 .text          0x00000000        0x0 ./Sources/Apps/AppSensorTest.o
 .data          0x00000000        0x0 ./Sources/Apps/AppSensorTest.o
 .bss           0x00000000        0x0 ./Sources/Apps/AppSensorTest.o
 .text.AppSensorTest_getApp
                0x00000000       0x10 ./Sources/Apps/AppSensorTest.o
 .text          0x00000000        0x0 ./Sources/Apps/AppFramework.o
 .data          0x00000000        0x0 ./Sources/Apps/AppFramework.o
 .bss           0x00000000        0x0 ./Sources/Apps/AppFramework.o
 .text.App_defaultDrawHandler
                0x00000000        0x8 ./Sources/Apps/AppFramework.o
 .text.App_defaultKeyHandler
                0x00000000        0x8 ./Sources/Apps/AppFramework.o
 .text          0x00000000        0x0 ./Sources/Peripheral/sa_mtb.o
 .data          0x00000000        0x0 ./Sources/Peripheral/sa_mtb.o
 .bss           0x00000000        0x0 ./Sources/Peripheral/sa_mtb.o
 .debug_info    0x00000000       0x21 ./Sources/Peripheral/sa_mtb.o
 .debug_abbrev  0x00000000       0x12 ./Sources/Peripheral/sa_mtb.o
 .debug_aranges
                0x00000000       0x18 ./Sources/Peripheral/sa_mtb.o
 .debug_macinfo
                0x00000000     0x251c ./Sources/Peripheral/sa_mtb.o
 .debug_line    0x00000000       0xb5 ./Sources/Peripheral/sa_mtb.o
 .debug_str     0x00000000       0xb5 ./Sources/Peripheral/sa_mtb.o
 .comment       0x00000000       0x7a ./Sources/Peripheral/sa_mtb.o
 .ARM.attributes
                0x00000000       0x31 ./Sources/Peripheral/sa_mtb.o
 .text          0x00000000        0x0 ./Sources/Peripheral/menu.o
 .data          0x00000000        0x0 ./Sources/Peripheral/menu.o
 .bss           0x00000000        0x0 ./Sources/Peripheral/menu.o
 .text          0x00000000        0x0 ./Sources/Peripheral/UART.o
 .data          0x00000000        0x0 ./Sources/Peripheral/UART.o
 .bss           0x00000000        0x0 ./Sources/Peripheral/UART.o
 .text.uart0_getchar
                0x00000000       0x24 ./Sources/Peripheral/UART.o
 .text.urat0__TransmitArray
                0x00000000       0x34 ./Sources/Peripheral/UART.o
 .rodata        0x00000000        0x4 ./Sources/Peripheral/UART.o
 .text.urat0_TransmitNumeral
                0x00000000       0xa4 ./Sources/Peripheral/UART.o
 .text          0x00000000        0x0 ./Sources/Peripheral/SMG.o
 .data          0x00000000        0x0 ./Sources/Peripheral/SMG.o
 .bss           0x00000000        0x0 ./Sources/Peripheral/SMG.o
 .data.Num      0x00000000        0xc ./Sources/Peripheral/SMG.o
 .data.led      0x00000000       0x18 ./Sources/Peripheral/SMG.o
 .bss.flag_100ms
                0x00000000        0x4 ./Sources/Peripheral/SMG.o
 .bss.number    0x00000000        0x4 ./Sources/Peripheral/SMG.o
 .text.SMG_Init
                0x00000000       0xe0 ./Sources/Peripheral/SMG.o
 .text.SMG_show_data
                0x00000000       0x68 ./Sources/Peripheral/SMG.o
 .text.data_to_array
                0x00000000      0x184 ./Sources/Peripheral/SMG.o
 .text          0x00000000        0x0 ./Sources/Peripheral/OLED.o
 .data          0x00000000        0x0 ./Sources/Peripheral/OLED.o
 .bss           0x00000000        0x0 ./Sources/Peripheral/OLED.o
 .text.OLED_W_Test
                0x00000000       0x60 ./Sources/Peripheral/OLED.o
 .text.OLED_W_Dot
                0x00000000       0x88 ./Sources/Peripheral/OLED.o
 .text.dtoa     0x00000000       0x30 ./Sources/Peripheral/OLED.o
 .text.OLED_W_Bmp
                0x00000000       0x84 ./Sources/Peripheral/OLED.o
 .text          0x00000000        0x0 ./Sources/Peripheral/Music.o
 .data          0x00000000        0x0 ./Sources/Peripheral/Music.o
 .bss           0x00000000        0x0 ./Sources/Peripheral/Music.o
 .text.TPM2_Init
                0x00000000       0x98 ./Sources/Peripheral/Music.o
 .text.SYSTICK_Init
                0x00000000       0x24 ./Sources/Peripheral/Music.o
 .text.MusicPlay
                0x00000000       0x14 ./Sources/Peripheral/Music.o
 .text          0x00000000        0x0 ./Sources/Peripheral/MMA8451Q.o
 .data          0x00000000        0x0 ./Sources/Peripheral/MMA8451Q.o
 .bss           0x00000000        0x0 ./Sources/Peripheral/MMA8451Q.o
 .bss._acc      0x00000000        0x4 ./Sources/Peripheral/MMA8451Q.o
 .text          0x00000000        0x0 ./Sources/Peripheral/Function.o
 .data          0x00000000        0x0 ./Sources/Peripheral/Function.o
 .bss           0x00000000        0x0 ./Sources/Peripheral/Function.o
 .text.delayms  0x00000000       0x58 ./Sources/Peripheral/Function.o
 .text.LED_color
                0x00000000      0x1cc ./Sources/Peripheral/Function.o
 .rodata.LED_color
                0x00000000       0xd4 ./Sources/Peripheral/Function.o
 COMMON         0x00000000        0x4 ./Sources/Peripheral/Function.o
 .text          0x00000000        0x0 ./Sources/Peripheral/ADC.o
 .data          0x00000000        0x0 ./Sources/Peripheral/ADC.o
 .bss           0x00000000        0x0 ./Sources/Peripheral/ADC.o
 .text          0x00000000        0x0 ./Sources/sa_mtb.o
 .data          0x00000000        0x0 ./Sources/sa_mtb.o
 .bss           0x00000000        0x0 ./Sources/sa_mtb.o
 .debug_info    0x00000000       0x21 ./Sources/sa_mtb.o
 .debug_abbrev  0x00000000       0x12 ./Sources/sa_mtb.o
 .debug_aranges
                0x00000000       0x18 ./Sources/sa_mtb.o
 .debug_macinfo
                0x00000000     0x251c ./Sources/sa_mtb.o
 .debug_line    0x00000000       0xaa ./Sources/sa_mtb.o
 .debug_str     0x00000000       0xaa ./Sources/sa_mtb.o
 .comment       0x00000000       0x7a ./Sources/sa_mtb.o
 .ARM.attributes
                0x00000000       0x31 ./Sources/sa_mtb.o
 .text          0x00000000        0x0 ./Sources/main.o
 .data          0x00000000        0x0 ./Sources/main.o
 .bss           0x00000000        0x0 ./Sources/main.o
 .bss.ADC_LightIntensity
                0x00000000        0x4 ./Sources/main.o
 .bss.ADC_Temperature
                0x00000000        0x4 ./Sources/main.o
 .bss.ADC_potentiometer
                0x00000000        0x4 ./Sources/main.o
 .text.delay    0x00000000       0x48 ./Sources/main.o
 .text          0x00000000        0x0 C:/Freescale/CW MCU v10.5/MCU/ARM_GCC_Support/ewl/lib/armv6-m\libc.a(exit.o)
 .data          0x00000000        0x0 C:/Freescale/CW MCU v10.5/MCU/ARM_GCC_Support/ewl/lib/armv6-m\libc.a(exit.o)
 .bss           0x00000000        0x0 C:/Freescale/CW MCU v10.5/MCU/ARM_GCC_Support/ewl/lib/armv6-m\libc.a(exit.o)
 .text          0x00000000        0x0 C:/Freescale/CW MCU v10.5/MCU/ARM_GCC_Support/ewl/lib/armv6-m\libc.a(rand.o)
 .data          0x00000000        0x0 C:/Freescale/CW MCU v10.5/MCU/ARM_GCC_Support/ewl/lib/armv6-m\libc.a(rand.o)
 .bss           0x00000000        0x0 C:/Freescale/CW MCU v10.5/MCU/ARM_GCC_Support/ewl/lib/armv6-m\libc.a(rand.o)
 .text.srand    0x00000000        0xc C:/Freescale/CW MCU v10.5/MCU/ARM_GCC_Support/ewl/lib/armv6-m\libc.a(rand.o)
 .text          0x00000000        0x0 C:/Freescale/CW MCU v10.5/MCU/ARM_GCC_Support/ewl/lib/armv6-m\libc.a(memset.o)
 .data          0x00000000        0x0 C:/Freescale/CW MCU v10.5/MCU/ARM_GCC_Support/ewl/lib/armv6-m\libc.a(memset.o)
 .bss           0x00000000        0x0 C:/Freescale/CW MCU v10.5/MCU/ARM_GCC_Support/ewl/lib/armv6-m\libc.a(memset.o)
 .text          0x00000000        0x0 C:/Freescale/CW MCU v10.5/MCU/ARM_GCC_Support/ewl/lib/armv6-m\libc.a(printformat_.o)
 .data          0x00000000        0x0 C:/Freescale/CW MCU v10.5/MCU/ARM_GCC_Support/ewl/lib/armv6-m\libc.a(printformat_.o)
 .bss           0x00000000        0x0 C:/Freescale/CW MCU v10.5/MCU/ARM_GCC_Support/ewl/lib/armv6-m\libc.a(printformat_.o)
 .text          0x00000000        0x0 C:/Freescale/CW MCU v10.5/MCU/ARM_GCC_Support/ewl/lib/armv6-m\libc.a(scanformat_.o)
 .data          0x00000000        0x0 C:/Freescale/CW MCU v10.5/MCU/ARM_GCC_Support/ewl/lib/armv6-m\libc.a(scanformat_.o)
 .bss           0x00000000        0x0 C:/Freescale/CW MCU v10.5/MCU/ARM_GCC_Support/ewl/lib/armv6-m\libc.a(scanformat_.o)
 .text          0x00000000        0x0 C:/Freescale/CW MCU v10.5/MCU/ARM_GCC_Support/ewl/lib/armv6-m\libc.a(ctype_aeabi.o)
 .data          0x00000000        0x0 C:/Freescale/CW MCU v10.5/MCU/ARM_GCC_Support/ewl/lib/armv6-m\libc.a(ctype_aeabi.o)
 .bss           0x00000000        0x0 C:/Freescale/CW MCU v10.5/MCU/ARM_GCC_Support/ewl/lib/armv6-m\libc.a(ctype_aeabi.o)
 .text.isalnum  0x00000000       0x1c C:/Freescale/CW MCU v10.5/MCU/ARM_GCC_Support/ewl/lib/armv6-m\libc.a(ctype_aeabi.o)
 .text.iscntrl  0x00000000       0x20 C:/Freescale/CW MCU v10.5/MCU/ARM_GCC_Support/ewl/lib/armv6-m\libc.a(ctype_aeabi.o)
 .text.isdigit  0x00000000        0xe C:/Freescale/CW MCU v10.5/MCU/ARM_GCC_Support/ewl/lib/armv6-m\libc.a(ctype_aeabi.o)
 .text.isgraph  0x00000000       0x1c C:/Freescale/CW MCU v10.5/MCU/ARM_GCC_Support/ewl/lib/armv6-m\libc.a(ctype_aeabi.o)
 .text.islower  0x00000000       0x20 C:/Freescale/CW MCU v10.5/MCU/ARM_GCC_Support/ewl/lib/armv6-m\libc.a(ctype_aeabi.o)
 .text.isprint  0x00000000       0x1c C:/Freescale/CW MCU v10.5/MCU/ARM_GCC_Support/ewl/lib/armv6-m\libc.a(ctype_aeabi.o)
 .text.ispunct  0x00000000       0x20 C:/Freescale/CW MCU v10.5/MCU/ARM_GCC_Support/ewl/lib/armv6-m\libc.a(ctype_aeabi.o)
 .text.isupper  0x00000000       0x20 C:/Freescale/CW MCU v10.5/MCU/ARM_GCC_Support/ewl/lib/armv6-m\libc.a(ctype_aeabi.o)
 .text.isxdigit
                0x00000000       0x20 C:/Freescale/CW MCU v10.5/MCU/ARM_GCC_Support/ewl/lib/armv6-m\libc.a(ctype_aeabi.o)
 .text.isblank  0x00000000       0x28 C:/Freescale/CW MCU v10.5/MCU/ARM_GCC_Support/ewl/lib/armv6-m\libc.a(ctype_aeabi.o)
 .text.tolower  0x00000000        0xe C:/Freescale/CW MCU v10.5/MCU/ARM_GCC_Support/ewl/lib/armv6-m\libc.a(ctype_aeabi.o)
 .text          0x00000000        0x0 C:/Freescale/CW MCU v10.5/MCU/ARM_GCC_Support/ewl/lib/armv6-m\libc.a(__strtoul.o)
 .data          0x00000000        0x0 C:/Freescale/CW MCU v10.5/MCU/ARM_GCC_Support/ewl/lib/armv6-m\libc.a(__strtoul.o)
 .bss           0x00000000        0x0 C:/Freescale/CW MCU v10.5/MCU/ARM_GCC_Support/ewl/lib/armv6-m\libc.a(__strtoul.o)
 .text          0x00000000        0x0 C:/Freescale/CW MCU v10.5/MCU/ARM_GCC_Support/ewl/lib/armv6-m\libc.a(__filll_mem.o)
 .data          0x00000000        0x0 C:/Freescale/CW MCU v10.5/MCU/ARM_GCC_Support/ewl/lib/armv6-m\libc.a(__filll_mem.o)
 .bss           0x00000000        0x0 C:/Freescale/CW MCU v10.5/MCU/ARM_GCC_Support/ewl/lib/armv6-m\libc.a(__filll_mem.o)
 .text          0x00000000        0x0 C:/Freescale/CW MCU v10.5/MCU/ARM_GCC_Support/ewl/lib/armv6-m\libc.a(memchr.o)
 .data          0x00000000        0x0 C:/Freescale/CW MCU v10.5/MCU/ARM_GCC_Support/ewl/lib/armv6-m\libc.a(memchr.o)
 .bss           0x00000000        0x0 C:/Freescale/CW MCU v10.5/MCU/ARM_GCC_Support/ewl/lib/armv6-m\libc.a(memchr.o)
 .text          0x00000000        0x0 C:/Freescale/CW MCU v10.5/MCU/ARM_GCC_Support/ewl/lib/armv6-m\libc.a(memcpy.o)
 .data          0x00000000        0x0 C:/Freescale/CW MCU v10.5/MCU/ARM_GCC_Support/ewl/lib/armv6-m\libc.a(memcpy.o)
 .bss           0x00000000        0x0 C:/Freescale/CW MCU v10.5/MCU/ARM_GCC_Support/ewl/lib/armv6-m\libc.a(memcpy.o)
 .text          0x00000000        0x0 C:/Freescale/CW MCU v10.5/MCU/ARM_GCC_Support/ewl/lib/armv6-m\libc.a(strchr.o)
 .data          0x00000000        0x0 C:/Freescale/CW MCU v10.5/MCU/ARM_GCC_Support/ewl/lib/armv6-m\libc.a(strchr.o)
 .bss           0x00000000        0x0 C:/Freescale/CW MCU v10.5/MCU/ARM_GCC_Support/ewl/lib/armv6-m\libc.a(strchr.o)
 .text          0x00000000        0x0 C:/Freescale/CW MCU v10.5/MCU/ARM_GCC_Support/ewl/lib/armv6-m\libc.a(strlen.o)
 .data          0x00000000        0x0 C:/Freescale/CW MCU v10.5/MCU/ARM_GCC_Support/ewl/lib/armv6-m\libc.a(strlen.o)
 .bss           0x00000000        0x0 C:/Freescale/CW MCU v10.5/MCU/ARM_GCC_Support/ewl/lib/armv6-m\libc.a(strlen.o)
 .data          0x00000000        0x0 c:/freescale/cw mcu v10.5/cross_tools/arm-none-eabi-gcc-4_7_3/bin/../lib/gcc/arm-none-eabi/4.7.3/armv6-m\libgcc.a(_thumb1_case_sqi.o)
 .bss           0x00000000        0x0 c:/freescale/cw mcu v10.5/cross_tools/arm-none-eabi-gcc-4_7_3/bin/../lib/gcc/arm-none-eabi/4.7.3/armv6-m\libgcc.a(_thumb1_case_sqi.o)
 .data          0x00000000        0x0 c:/freescale/cw mcu v10.5/cross_tools/arm-none-eabi-gcc-4_7_3/bin/../lib/gcc/arm-none-eabi/4.7.3/armv6-m\libgcc.a(_thumb1_case_uqi.o)
 .bss           0x00000000        0x0 c:/freescale/cw mcu v10.5/cross_tools/arm-none-eabi-gcc-4_7_3/bin/../lib/gcc/arm-none-eabi/4.7.3/armv6-m\libgcc.a(_thumb1_case_uqi.o)
 .data          0x00000000        0x0 c:/freescale/cw mcu v10.5/cross_tools/arm-none-eabi-gcc-4_7_3/bin/../lib/gcc/arm-none-eabi/4.7.3/armv6-m\libgcc.a(_udivsi3.o)
 .bss           0x00000000        0x0 c:/freescale/cw mcu v10.5/cross_tools/arm-none-eabi-gcc-4_7_3/bin/../lib/gcc/arm-none-eabi/4.7.3/armv6-m\libgcc.a(_udivsi3.o)
 .data          0x00000000        0x0 c:/freescale/cw mcu v10.5/cross_tools/arm-none-eabi-gcc-4_7_3/bin/../lib/gcc/arm-none-eabi/4.7.3/armv6-m\libgcc.a(_divsi3.o)
 .bss           0x00000000        0x0 c:/freescale/cw mcu v10.5/cross_tools/arm-none-eabi-gcc-4_7_3/bin/../lib/gcc/arm-none-eabi/4.7.3/armv6-m\libgcc.a(_divsi3.o)
 .data          0x00000000        0x0 c:/freescale/cw mcu v10.5/cross_tools/arm-none-eabi-gcc-4_7_3/bin/../lib/gcc/arm-none-eabi/4.7.3/armv6-m\libgcc.a(_dvmd_tls.o)
 .bss           0x00000000        0x0 c:/freescale/cw mcu v10.5/cross_tools/arm-none-eabi-gcc-4_7_3/bin/../lib/gcc/arm-none-eabi/4.7.3/armv6-m\libgcc.a(_dvmd_tls.o)
 .data          0x00000000        0x0 c:/freescale/cw mcu v10.5/cross_tools/arm-none-eabi-gcc-4_7_3/bin/../lib/gcc/arm-none-eabi/4.7.3/armv6-m\libgcc.a(floatsisf.o)
 .bss           0x00000000        0x0 c:/freescale/cw mcu v10.5/cross_tools/arm-none-eabi-gcc-4_7_3/bin/../lib/gcc/arm-none-eabi/4.7.3/armv6-m\libgcc.a(floatsisf.o)
 .data          0x00000000        0x0 c:/freescale/cw mcu v10.5/cross_tools/arm-none-eabi-gcc-4_7_3/bin/../lib/gcc/arm-none-eabi/4.7.3/armv6-m\libgcc.a(muldf3.o)
 .bss           0x00000000        0x0 c:/freescale/cw mcu v10.5/cross_tools/arm-none-eabi-gcc-4_7_3/bin/../lib/gcc/arm-none-eabi/4.7.3/armv6-m\libgcc.a(muldf3.o)
 .data          0x00000000        0x0 c:/freescale/cw mcu v10.5/cross_tools/arm-none-eabi-gcc-4_7_3/bin/../lib/gcc/arm-none-eabi/4.7.3/armv6-m\libgcc.a(extendsfdf2.o)
 .bss           0x00000000        0x0 c:/freescale/cw mcu v10.5/cross_tools/arm-none-eabi-gcc-4_7_3/bin/../lib/gcc/arm-none-eabi/4.7.3/armv6-m\libgcc.a(extendsfdf2.o)
 .data          0x00000000        0x0 c:/freescale/cw mcu v10.5/cross_tools/arm-none-eabi-gcc-4_7_3/bin/../lib/gcc/arm-none-eabi/4.7.3/armv6-m\libgcc.a(truncdfsf2.o)
 .bss           0x00000000        0x0 c:/freescale/cw mcu v10.5/cross_tools/arm-none-eabi-gcc-4_7_3/bin/../lib/gcc/arm-none-eabi/4.7.3/armv6-m\libgcc.a(truncdfsf2.o)
 .data          0x00000000        0x0 c:/freescale/cw mcu v10.5/cross_tools/arm-none-eabi-gcc-4_7_3/bin/../lib/gcc/arm-none-eabi/4.7.3/armv6-m\libgcc.a(_clzsi2.o)
 .bss           0x00000000        0x0 c:/freescale/cw mcu v10.5/cross_tools/arm-none-eabi-gcc-4_7_3/bin/../lib/gcc/arm-none-eabi/4.7.3/armv6-m\libgcc.a(_clzsi2.o)
 .text          0x00000000        0x0 C:/Freescale/CW MCU v10.5/MCU/ARM_GCC_Support/ewl/lib/armv6-m\librt.a(gcc_ctor_dtor.o)
 .data          0x00000000        0x0 C:/Freescale/CW MCU v10.5/MCU/ARM_GCC_Support/ewl/lib/armv6-m\librt.a(gcc_ctor_dtor.o)
 .bss           0x00000000        0x0 C:/Freescale/CW MCU v10.5/MCU/ARM_GCC_Support/ewl/lib/armv6-m\librt.a(gcc_ctor_dtor.o)
 .bss.__dso_handle
                0x00000000        0x4 C:/Freescale/CW MCU v10.5/MCU/ARM_GCC_Support/ewl/lib/armv6-m\librt.a(gcc_ctor_dtor.o)
 .text          0x00000000        0x0 C:/Freescale/CW MCU v10.5/MCU/ARM_GCC_Support/ewl/lib/armv6-m\librt.a(ROMCopy.o)
 .data          0x00000000        0x0 C:/Freescale/CW MCU v10.5/MCU/ARM_GCC_Support/ewl/lib/armv6-m\librt.a(ROMCopy.o)
 .bss           0x00000000        0x0 C:/Freescale/CW MCU v10.5/MCU/ARM_GCC_Support/ewl/lib/armv6-m\librt.a(ROMCopy.o)
 .text.__flush_cache
                0x00000000        0x2 C:/Freescale/CW MCU v10.5/MCU/ARM_GCC_Support/ewl/lib/armv6-m\librt.a(ROMCopy.o)
 .text          0x00000000        0x0 C:/Freescale/CW MCU v10.5/MCU/ARM_GCC_Support/ewl/lib/armv6-m\librt.a(__arm_eabi_init.o)
 .data          0x00000000        0x0 C:/Freescale/CW MCU v10.5/MCU/ARM_GCC_Support/ewl/lib/armv6-m\librt.a(__arm_eabi_init.o)
 .bss           0x00000000        0x0 C:/Freescale/CW MCU v10.5/MCU/ARM_GCC_Support/ewl/lib/armv6-m\librt.a(__arm_eabi_init.o)
 .text.__register_global_object
                0x00000000       0x14 C:/Freescale/CW MCU v10.5/MCU/ARM_GCC_Support/ewl/lib/armv6-m\librt.a(__arm_eabi_init.o)
 .text.__cxa_atexit
                0x00000000       0x38 C:/Freescale/CW MCU v10.5/MCU/ARM_GCC_Support/ewl/lib/armv6-m\librt.a(__arm_eabi_init.o)
 .text.__aeabi_atexit
                0x00000000        0xe C:/Freescale/CW MCU v10.5/MCU/ARM_GCC_Support/ewl/lib/armv6-m\librt.a(__arm_eabi_init.o)
 .text.__register_atexit
                0x00000000        0xc C:/Freescale/CW MCU v10.5/MCU/ARM_GCC_Support/ewl/lib/armv6-m\librt.a(__arm_eabi_init.o)
 .text.__init_hardware
                0x00000000        0x4 C:/Freescale/CW MCU v10.5/MCU/ARM_GCC_Support/ewl/lib/armv6-m\librt.a(__arm_eabi_init.o)
 .bss.atexit_curr_func
                0x00000000        0x4 C:/Freescale/CW MCU v10.5/MCU/ARM_GCC_Support/ewl/lib/armv6-m\librt.a(__arm_eabi_init.o)
 .bss.atexit_funcs
                0x00000000      0x300 C:/Freescale/CW MCU v10.5/MCU/ARM_GCC_Support/ewl/lib/armv6-m\librt.a(__arm_eabi_init.o)

Memory Configuration

Name             Origin             Length             Attributes
m_interrupts     0x00000000         0x000000c0         xr
m_cfmprotrom     0x00000400         0x00000010         xr
m_text           0x00000800         0x0001f800         xr
m_data           0x1ffff000         0x00004000         xrw
*default*        0x00000000         0xffffffff

Linker script and memory map

LOAD ./Project_Settings/Startup_Code/kinetis_sysinit.o
LOAD ./Project_Settings/Startup_Code/__arm_start.o
LOAD ./Project_Settings/Startup_Code/__arm_end.o
LOAD ./Sources/Apps/AppSensorTest.o
LOAD ./Sources/Apps/AppFramework.o
LOAD ./Sources/Peripheral/sa_mtb.o
LOAD ./Sources/Peripheral/menu.o
LOAD ./Sources/Peripheral/UART.o
LOAD ./Sources/Peripheral/SMG.o
LOAD ./Sources/Peripheral/OLED.o
LOAD ./Sources/Peripheral/Music.o
LOAD ./Sources/Peripheral/MMA8451Q.o
LOAD ./Sources/Peripheral/Function.o
LOAD ./Sources/Peripheral/ADC.o
LOAD ./Sources/sa_mtb.o
LOAD ./Sources/main.o
                0x000029b8                __pformatter = __pformatter_
                [0x00002de0]                __sformatter = __sformatter
START GROUP
LOAD C:/Freescale/CW MCU v10.5/MCU/ARM_GCC_Support/ewl/lib/armv6-m\libc.a
LOAD C:/Freescale/CW MCU v10.5/MCU/ARM_GCC_Support/ewl/lib/armv6-m\libm.a
LOAD c:/freescale/cw mcu v10.5/cross_tools/arm-none-eabi-gcc-4_7_3/bin/../lib/gcc/arm-none-eabi/4.7.3/armv6-m\libgcc.a
LOAD C:/Freescale/CW MCU v10.5/MCU/ARM_GCC_Support/ewl/lib/armv6-m\librt.a
LOAD C:/Freescale/CW MCU v10.5/MCU/ARM_GCC_Support/ewl/lib/armv6-m\libuart.a
END GROUP
                0x20003000                _estack = 0x20003000
                0x20003000                __SP_INIT = _estack
                0x00000400                __heap_size = 0x400
                0x00000400                __stack_size = 0x400

.interrupts     0x00000000       0xc0
                0x00000000                __vector_table = .
                0x00000000                . = ALIGN (0x4)
 *(.vectortable)
 .vectortable   0x00000000       0xc0 ./Project_Settings/Startup_Code/kinetis_sysinit.o
                0x00000000                InterruptVector
                0x000000c0                . = ALIGN (0x4)

.cfmprotect     0x00000400        0x0
                0x00000400                . = ALIGN (0x4)
 *(.cfmconfig)
                0x00000400                . = ALIGN (0x4)

.text           0x00000800     0x3678
                0x00000800                . = ALIGN (0x4)
 *(.text)
 .text          0x00000800       0x14 c:/freescale/cw mcu v10.5/cross_tools/arm-none-eabi-gcc-4_7_3/bin/../lib/gcc/arm-none-eabi/4.7.3/armv6-m\libgcc.a(_thumb1_case_sqi.o)
                0x00000800                __gnu_thumb1_case_sqi
 .text          0x00000814       0x14 c:/freescale/cw mcu v10.5/cross_tools/arm-none-eabi-gcc-4_7_3/bin/../lib/gcc/arm-none-eabi/4.7.3/armv6-m\libgcc.a(_thumb1_case_uqi.o)
                0x00000814                __gnu_thumb1_case_uqi
 .text          0x00000828       0x9c c:/freescale/cw mcu v10.5/cross_tools/arm-none-eabi-gcc-4_7_3/bin/../lib/gcc/arm-none-eabi/4.7.3/armv6-m\libgcc.a(_udivsi3.o)
                0x00000828                __aeabi_uidiv
                0x00000828                __udivsi3
                0x000008b0                __aeabi_uidivmod
 .text          0x000008c4       0xc0 c:/freescale/cw mcu v10.5/cross_tools/arm-none-eabi-gcc-4_7_3/bin/../lib/gcc/arm-none-eabi/4.7.3/armv6-m\libgcc.a(_divsi3.o)
                0x000008c4                __divsi3
                0x000008c4                __aeabi_idiv
                0x00000970                __aeabi_idivmod
 .text          0x00000984        0x4 c:/freescale/cw mcu v10.5/cross_tools/arm-none-eabi-gcc-4_7_3/bin/../lib/gcc/arm-none-eabi/4.7.3/armv6-m\libgcc.a(_dvmd_tls.o)
                0x00000984                __aeabi_idiv0
                0x00000984                __aeabi_ldiv0
 .text          0x00000988       0xa8 c:/freescale/cw mcu v10.5/cross_tools/arm-none-eabi-gcc-4_7_3/bin/../lib/gcc/arm-none-eabi/4.7.3/armv6-m\libgcc.a(floatsisf.o)
                0x00000988                __aeabi_i2f
 .text          0x00000a30      0x4e4 c:/freescale/cw mcu v10.5/cross_tools/arm-none-eabi-gcc-4_7_3/bin/../lib/gcc/arm-none-eabi/4.7.3/armv6-m\libgcc.a(muldf3.o)
                0x00000a30                __aeabi_dmul
 .text          0x00000f14       0xa8 c:/freescale/cw mcu v10.5/cross_tools/arm-none-eabi-gcc-4_7_3/bin/../lib/gcc/arm-none-eabi/4.7.3/armv6-m\libgcc.a(extendsfdf2.o)
                0x00000f14                __aeabi_f2d
 .text          0x00000fbc      0x134 c:/freescale/cw mcu v10.5/cross_tools/arm-none-eabi-gcc-4_7_3/bin/../lib/gcc/arm-none-eabi/4.7.3/armv6-m\libgcc.a(truncdfsf2.o)
                0x00000fbc                __aeabi_d2f
 .text          0x000010f0       0x3c c:/freescale/cw mcu v10.5/cross_tools/arm-none-eabi-gcc-4_7_3/bin/../lib/gcc/arm-none-eabi/4.7.3/armv6-m\libgcc.a(_clzsi2.o)
                0x000010f0                __clzsi2
 *(.text*)
 .text.Default_Handler
                0x0000112c        0xc ./Project_Settings/Startup_Code/kinetis_sysinit.o
                0x0000112c                RTC_Alarm_IRQHandler
                0x0000112c                I2C0_IRQHandler
                0x0000112c                HardFault_Handler
                0x0000112c                PendSV_Handler
                0x0000112c                NMI_Handler
                0x0000112c                I2C1_IRQHandler
                0x0000112c                UART1_IRQHandler
                0x0000112c                DMA2_IRQHandler
                0x0000112c                TSI0_IRQHandler
                0x0000112c                ADC0_IRQHandler
                0x0000112c                SPI1_IRQHandler
                0x0000112c                PORTD_IRQHandler
                0x0000112c                LPTimer_IRQHandler
                0x0000112c                FTM1_IRQHandler
                0x0000112c                RTC_Seconds_IRQHandler
                0x0000112c                MCG_IRQHandler
                0x0000112c                UART2_IRQHandler
                0x0000112c                Default_Handler
                0x0000112c                LLW_IRQHandler
                0x0000112c                SVC_Handler
                0x0000112c                USBOTG_IRQHandler
                0x0000112c                DMA3_IRQHandler
                0x0000112c                DMA0_IRQHandler
                0x0000112c                DAC0_IRQHandler
                0x0000112c                PMC_IRQHandler
                0x0000112c                SPI0_IRQHandler
                0x0000112c                FTM0_IRQHandler
                0x0000112c                PORTA_IRQHandler
                0x0000112c                MCM_IRQHandler
                0x0000112c                FTFL_IRQHandler
                0x0000112c                FTM2_IRQHandler
                0x0000112c                CMP0_IRQHandler
                0x0000112c                DMA1_IRQHandler
 .text.__init_hardware
                0x00001138       0x2c ./Project_Settings/Startup_Code/kinetis_sysinit.o
                0x00001138                __init_hardware
 .text.zero_fill_bss
                0x00001164       0x24 ./Project_Settings/Startup_Code/__arm_start.o
 .text.__thumb_startup
                0x00001188       0x30 ./Project_Settings/Startup_Code/__arm_start.o
                0x00001188                __thumb_startup
 .text._ExitProcess
                0x000011b8        0xc ./Project_Settings/Startup_Code/__arm_end.o
                0x000011b8                _ExitProcess
 .text.AppSensorTest_reportData
                0x000011c4       0x58 ./Sources/Apps/AppSensorTest.o
                0x000011c4                AppSensorTest_reportData
 .text.AppSensorTest_drawHandler
                0x0000121c       0xcc ./Sources/Apps/AppSensorTest.o
                0x0000121c                AppSensorTest_drawHandler
 .text.AppSensorTest_onKeyPressed
                0x000012e8       0x58 ./Sources/Apps/AppSensorTest.o
                0x000012e8                AppSensorTest_onKeyPressed
 .text.AppSensorTest_init
                0x00001340       0x24 ./Sources/Apps/AppSensorTest.o
                0x00001340                AppSensorTest_init
 .text.App_create
                0x00001364       0x20 ./Sources/Apps/AppFramework.o
                0x00001364                App_create
 .text.App_switchTo
                0x00001384       0x1c ./Sources/Apps/AppFramework.o
                0x00001384                App_switchTo
 .text.App_getCurrentApp
                0x000013a0       0x14 ./Sources/Apps/AppFramework.o
                0x000013a0                App_getCurrentApp
 .text.OLED_MENU_setRoot
                0x000013b4       0x18 ./Sources/Peripheral/menu.o
                0x000013b4                OLED_MENU_setRoot
 .text.OLED_MENU_buildMenu
                0x000013cc       0x28 ./Sources/Peripheral/menu.o
                0x000013cc                OLED_MENU_buildMenu
 .text.OLED_MENU_drawMenu
                0x000013f4       0xb8 ./Sources/Peripheral/menu.o
                0x000013f4                OLED_MENU_drawMenu
 .text.OLED_MENU_onKeyPressed
                0x000014ac      0x10c ./Sources/Peripheral/menu.o
                0x000014ac                OLED_MENU_onKeyPressed
 .text.OLED_MENU_init
                0x000015b8       0x24 ./Sources/Peripheral/menu.o
                0x000015b8                OLED_MENU_init
 .text.OLED_MENU_getApp
                0x000015dc       0x10 ./Sources/Peripheral/menu.o
                0x000015dc                OLED_MENU_getApp
 .text.UART0_Init
                0x000015ec       0x8c ./Sources/Peripheral/UART.o
                0x000015ec                UART0_Init
 .text.UART0_Config
                0x00001678       0x78 ./Sources/Peripheral/UART.o
                0x00001678                UART0_Config
 .text.uart0_putchar
                0x000016f0       0x30 ./Sources/Peripheral/UART.o
                0x000016f0                uart0_putchar
 .text.PIT_init
                0x00001720       0x74 ./Sources/Peripheral/SMG.o
                0x00001720                PIT_init
 .text.PIT_IRQHandler
                0x00001794       0x20 ./Sources/Peripheral/SMG.o
                0x00001794                PIT_IRQHandler
 .text.OLED_SPI0_Init
                0x000017b4       0xdc ./Sources/Peripheral/OLED.o
                0x000017b4                OLED_SPI0_Init
 .text.OLED_Init
                0x00001890       0x9c ./Sources/Peripheral/OLED.o
                0x00001890                OLED_Init
 .text.OLED_W_Ctl
                0x0000192c       0x64 ./Sources/Peripheral/OLED.o
                0x0000192c                OLED_W_Ctl
 .text.OLED_W_Dat
                0x00001990       0x64 ./Sources/Peripheral/OLED.o
                0x00001990                OLED_W_Dat
 .text.OLED_Clr
                0x000019f4       0x64 ./Sources/Peripheral/OLED.o
                0x000019f4                OLED_Clr
 .text.OLED_W_Ch
                0x00001a58       0xb0 ./Sources/Peripheral/OLED.o
                0x00001a58                OLED_W_Ch
 .text.OLED_W_Str
                0x00001b08       0x60 ./Sources/Peripheral/OLED.o
                0x00001b08                OLED_W_Str
 .text.OLED_W_Numeral
                0x00001b68       0xd4 ./Sources/Peripheral/OLED.o
                0x00001b68                OLED_W_Numeral
 .text.TPM2_Set
                0x00001c3c       0x2c ./Sources/Peripheral/Music.o
                0x00001c3c                TPM2_Set
 .text.SysTick_Handler
                0x00001c68       0x80 ./Sources/Peripheral/Music.o
                0x00001c68                SysTick_Handler
 .text.MMA8451_init_I2C
                0x00001ce8       0x5c ./Sources/Peripheral/MMA8451Q.o
                0x00001ce8                MMA8451_init_I2C
 .text.MMA8451_IIC_StartTransmission
                0x00001d44       0x7c ./Sources/Peripheral/MMA8451Q.o
                0x00001d44                MMA8451_IIC_StartTransmission
 .text.Pause    0x00001dc0       0x20 ./Sources/Peripheral/MMA8451Q.o
                0x00001dc0                Pause
 .text.MMA8451_ReadRegister
                0x00001de0      0x134 ./Sources/Peripheral/MMA8451Q.o
                0x00001de0                MMA8451_ReadRegister
 .text.MMA8451_WriteRegister
                0x00001f14       0xbc ./Sources/Peripheral/MMA8451Q.o
                0x00001f14                MMA8451_WriteRegister
 .text.MMA8451_Init
                0x00001fd0       0x14 ./Sources/Peripheral/MMA8451Q.o
                0x00001fd0                MMA8451_Init
 .text.UART0_IRQHandler
                0x00001fe4       0xa0 ./Sources/Peripheral/MMA8451Q.o
                0x00001fe4                UART0_IRQHandler
 *fill*         0x00002084        0x4 00
 .text.Demo_accMeasure
                0x00002088      0x128 ./Sources/Peripheral/MMA8451Q.o
                0x00002088                Demo_accMeasure
 .text.enable_irq
                0x000021b0       0x70 ./Sources/Peripheral/Function.o
                0x000021b0                enable_irq
 .text.EN_Init  0x00002220       0x10 ./Sources/Peripheral/Function.o
                0x00002220                EN_Init
 .text.KEY_Init
                0x00002230       0x60 ./Sources/Peripheral/Function.o
                0x00002230                KEY_Init
 .text.PORTB_Handler
                0x00002290      0x138 ./Sources/Peripheral/Function.o
                0x00002290                PORTB_Handler
 .text.PORTE_Handler
                0x000023c8       0x54 ./Sources/Peripheral/Function.o
                0x000023c8                PORTE_Handler
 .text.LED_Init
                0x0000241c       0xa0 ./Sources/Peripheral/Function.o
                0x0000241c                LED_Init
 .text.LED_light
                0x000024bc       0x9c ./Sources/Peripheral/Function.o
                0x000024bc                LED_light
 .text.ADC0_initial
                0x00002558       0x68 ./Sources/Peripheral/ADC.o
                0x00002558                ADC0_initial
 .text.ADC_Init
                0x000025c0        0xc ./Sources/Peripheral/ADC.o
                0x000025c0                ADC_Init
 .text.ADC0_TR_DATA
                0x000025cc       0x34 ./Sources/Peripheral/ADC.o
                0x000025cc                ADC0_TR_DATA
 .text.ADC_channel_temperature
                0x00002600       0x14 ./Sources/Peripheral/ADC.o
                0x00002600                ADC_channel_temperature
 .text.ADC_channel_potentiometer
                0x00002614       0x14 ./Sources/Peripheral/ADC.o
                0x00002614                ADC_channel_potentiometer
 .text.ADC_channel_photosensor
                0x00002628       0x14 ./Sources/Peripheral/ADC.o
                0x00002628                ADC_channel_photosensor
 .text.initMenu
                0x0000263c       0xec ./Sources/main.o
                0x0000263c                initMenu
 .text.main     0x00002728       0x90 ./Sources/main.o
                0x00002728                main
 .text.exit     0x000027b8       0x38 C:/Freescale/CW MCU v10.5/MCU/ARM_GCC_Support/ewl/lib/armv6-m\libc.a(exit.o)
                0x000027b8                exit
 .text.rand     0x000027f0       0x20 C:/Freescale/CW MCU v10.5/MCU/ARM_GCC_Support/ewl/lib/armv6-m\libc.a(rand.o)
                0x000027f0                rand
 .text.memset   0x00002810        0xc C:/Freescale/CW MCU v10.5/MCU/ARM_GCC_Support/ewl/lib/armv6-m\libc.a(memset.o)
                0x00002810                memset
 .text.long2str.isra.0
                0x0000281c      0x19c C:/Freescale/CW MCU v10.5/MCU/ARM_GCC_Support/ewl/lib/armv6-m\libc.a(printformat_.o)
 .text.__pformatter_
                0x000029b8      0x428 C:/Freescale/CW MCU v10.5/MCU/ARM_GCC_Support/ewl/lib/armv6-m\libc.a(printformat_.o)
                0x000029b8                __pformatter_
 .text.__sformatter
                0x00002de0      0x698 C:/Freescale/CW MCU v10.5/MCU/ARM_GCC_Support/ewl/lib/armv6-m\libc.a(scanformat_.o)
                0x00002de0                __sformatter
 .text.isalpha  0x00003478       0x20 C:/Freescale/CW MCU v10.5/MCU/ARM_GCC_Support/ewl/lib/armv6-m\libc.a(ctype_aeabi.o)
                0x00003478                isalpha
 .text.isspace  0x00003498       0x20 C:/Freescale/CW MCU v10.5/MCU/ARM_GCC_Support/ewl/lib/armv6-m\libc.a(ctype_aeabi.o)
                0x00003498                isspace
 .text.toupper  0x000034b8        0xe C:/Freescale/CW MCU v10.5/MCU/ARM_GCC_Support/ewl/lib/armv6-m\libc.a(ctype_aeabi.o)
                0x000034b8                toupper
 .text.__strtoul
                0x000034c6      0x1ce C:/Freescale/CW MCU v10.5/MCU/ARM_GCC_Support/ewl/lib/armv6-m\libc.a(__strtoul.o)
                0x000034c6                __strtoul
 .text.__fill_mem
                0x00003694       0x7e C:/Freescale/CW MCU v10.5/MCU/ARM_GCC_Support/ewl/lib/armv6-m\libc.a(__filll_mem.o)
                0x00003694                __fill_mem
 .text.memchr   0x00003712       0x1a C:/Freescale/CW MCU v10.5/MCU/ARM_GCC_Support/ewl/lib/armv6-m\libc.a(memchr.o)
                0x00003712                memchr
 .text.memcpy   0x0000372c       0x12 C:/Freescale/CW MCU v10.5/MCU/ARM_GCC_Support/ewl/lib/armv6-m\libc.a(memcpy.o)
                0x0000372c                memcpy
 .text.strchr   0x0000373e       0x1e C:/Freescale/CW MCU v10.5/MCU/ARM_GCC_Support/ewl/lib/armv6-m\libc.a(strchr.o)
                0x0000373e                strchr
 .text.strlen   0x0000375c       0x10 C:/Freescale/CW MCU v10.5/MCU/ARM_GCC_Support/ewl/lib/armv6-m\libc.a(strlen.o)
                0x0000375c                strlen
 .text.__init_cpp
                0x0000376c       0x48 C:/Freescale/CW MCU v10.5/MCU/ARM_GCC_Support/ewl/lib/armv6-m\librt.a(gcc_ctor_dtor.o)
                0x0000376c                __init_cpp
 .text.__fini_cpp
                0x000037b4       0x34 C:/Freescale/CW MCU v10.5/MCU/ARM_GCC_Support/ewl/lib/armv6-m\librt.a(gcc_ctor_dtor.o)
                0x000037b4                __fini_cpp
 .text.__copy_rom_section
                0x000037e8       0x48 C:/Freescale/CW MCU v10.5/MCU/ARM_GCC_Support/ewl/lib/armv6-m\librt.a(ROMCopy.o)
                0x000037e8                __copy_rom_section
 .text.__copy_rom_sections_to_ram
                0x00003830       0x34 C:/Freescale/CW MCU v10.5/MCU/ARM_GCC_Support/ewl/lib/armv6-m\librt.a(ROMCopy.o)
                0x00003830                __copy_rom_sections_to_ram
 .text.__destroy_global_chain
                0x00003864       0x1c C:/Freescale/CW MCU v10.5/MCU/ARM_GCC_Support/ewl/lib/armv6-m\librt.a(__arm_eabi_init.o)
                0x00003864                __destroy_global_chain
 .text.__init_registers
                0x00003880       0x1c C:/Freescale/CW MCU v10.5/MCU/ARM_GCC_Support/ewl/lib/armv6-m\librt.a(__arm_eabi_init.o)
                0x00003880                __init_registers
 .text.__init_user
                0x0000389c        0x4 C:/Freescale/CW MCU v10.5/MCU/ARM_GCC_Support/ewl/lib/armv6-m\librt.a(__arm_eabi_init.o)
                0x0000389c                __init_user
 *(.rodata)
 .rodata        0x000038a0       0x38 ./Sources/Apps/AppSensorTest.o
 .rodata        0x000038d8        0xc ./Sources/Peripheral/menu.o
 .rodata        0x000038e4        0x4 ./Sources/Peripheral/OLED.o
 .rodata        0x000038e8       0x7c ./Sources/main.o
 .rodata        0x00003964       0x40 c:/freescale/cw mcu v10.5/cross_tools/arm-none-eabi-gcc-4_7_3/bin/../lib/gcc/arm-none-eabi/4.7.3/armv6-m\libgcc.a(muldf3.o)
 *(.rodata*)
 .rodata.ASCII  0x000039a4      0x300 ./Sources/Peripheral/OLED.o
                0x000039a4                ASCII
 .rodata.note   0x00003ca4       0x64 ./Sources/Peripheral/Music.o
                0x00003ca4                note
 .rodata.duration
                0x00003d08       0x64 ./Sources/Peripheral/Music.o
                0x00003d08                duration
 .rodata.str1.1
                0x00003d6c        0x1 C:/Freescale/CW MCU v10.5/MCU/ARM_GCC_Support/ewl/lib/armv6-m\libc.a(printformat_.o)
 .rodata.CSWTCH.20
                0x00003d6d        0x5 C:/Freescale/CW MCU v10.5/MCU/ARM_GCC_Support/ewl/lib/armv6-m\libc.a(printformat_.o)
 .rodata.CSWTCH.21
                0x00003d72        0x5 C:/Freescale/CW MCU v10.5/MCU/ARM_GCC_Support/ewl/lib/armv6-m\libc.a(printformat_.o)
 .rodata.__aeabi_ctype_table_C
                0x00003d77      0x101 C:/Freescale/CW MCU v10.5/MCU/ARM_GCC_Support/ewl/lib/armv6-m\libc.a(ctype_aeabi.o)
                0x00003d77                __aeabi_ctype_table_C
 *(.glue_7)
 .glue_7        0x00000000        0x0 linker stubs
 *(.glue_7t)
 .glue_7t       0x00000000        0x0 linker stubs
 *(.eh_frame)
 *(.init)
 *(.fini)
                0x00003e78                . = ALIGN (0x4)
                0x00003e78                _etext = .

.vfp11_veneer   0x00003e78        0x0
 .vfp11_veneer  0x00000000        0x0 linker stubs

.v4_bx          0x00003e78        0x0
 .v4_bx         0x00000000        0x0 linker stubs

.iplt           0x00003e78        0x0
 .iplt          0x00000000        0x0 ./Project_Settings/Startup_Code/kinetis_sysinit.o

.rel.dyn        0x00003e78        0x0
 .rel.iplt      0x00000000        0x0 ./Project_Settings/Startup_Code/kinetis_sysinit.o

.ARM.extab
 *(.ARM.extab* .gnu.linkonce.armextab.*)

.ARM            0x00003e78        0x0
                0x00003e78                __exidx_start = .
 *(.ARM.exidx*)
                0x00003e78                __exidx_end = .

.ctors          0x00003e78        0x0
                0x00003e78                __CTOR_LIST__ = .
 *crtbegin.o(.ctors)
 *(EXCLUDE_FILE(*crtend.o) .ctors)
 *(SORT(.ctors.*))
 *(.ctors)
                0x00003e78                __CTOR_END__ = .

.dtors          0x00003e78        0x0
                0x00003e78                __DTOR_LIST__ = .
 *crtbegin.o(.dtors)
 *(EXCLUDE_FILE(*crtend.o) .dtors)
 *(SORT(.dtors.*))
 *(.dtors)
                0x00003e78                __DTOR_END__ = .

.preinit_array  0x00003e78        0x0
                0x00003e78                PROVIDE (__preinit_array_start, .)
 *(.preinit_array*)
                0x00003e78                PROVIDE (__preinit_array_end, .)

.init_array     0x00003e78        0x0
                0x00003e78                PROVIDE (__init_array_start, .)
 *(SORT(.init_array.*))
 *(.init_array*)
                0x00003e78                PROVIDE (__init_array_end, .)

.fini_array     0x00003e78        0x0
                0x00003e78                PROVIDE (__fini_array_start, .)
 *(SORT(.fini_array.*))
 *(.fini_array*)
                0x00003e78                PROVIDE (__fini_array_end, .)
                0x00003e78                ___ROM_AT = .

.mtb            0x1ffff000        0x0
                0x1ffff000                . = ALIGN (0x8)
                0x1ffff000                _mtb_start = .
 *(.mtb_buf)
                0x1ffff000                . = ALIGN (0x8)
                0x1ffff000                _mtb_end = .

.data           0x1ffff000       0x4c load address 0x00003e78
                0x1ffff000                . = ALIGN (0x4)
                0x1ffff000                _sdata = .
 *(.data)
 *(.data*)
 .data.entriesRoot.4777
                0x1ffff000        0xc ./Sources/main.o
 .data.rootChildren.4778
                0x1ffff00c        0xc ./Sources/main.o
 .data.func1Root.4779
                0x1ffff018        0xc ./Sources/main.o
 .data.func1ChildrenApplication.4783
                0x1ffff024        0xc ./Sources/main.o
 .data.func2Root.4780
                0x1ffff030        0xc ./Sources/main.o
 .data.func3Root.4781
                0x1ffff03c        0xc ./Sources/main.o
 .data.random_next
                0x1ffff048        0x4 C:/Freescale/CW MCU v10.5/MCU/ARM_GCC_Support/ewl/lib/armv6-m\libc.a(rand.o)
                0x1ffff04c                . = ALIGN (0x4)
                0x1ffff04c                _edata = .
                0x0000004c                ___data_size = (_edata - _sdata)

.igot.plt       0x1ffff04c        0x0 load address 0x00003ec4
 .igot.plt      0x00000000        0x0 ./Project_Settings/Startup_Code/kinetis_sysinit.o
                0x1ffff04c                . = ALIGN (0x4)

.bss            0x1ffff04c       0xec load address 0x00003ec4
                0x1ffff04c                __START_BSS = .
                0x1ffff04c                PROVIDE (__bss_start__, __START_BSS)
 *(.bss)
 *(.bss*)
 .bss.argv      0x1ffff04c        0x4 ./Project_Settings/Startup_Code/__arm_start.o
 .bss.counter.4759
                0x1ffff050        0x4 ./Sources/Apps/AppSensorTest.o
 .bss.ADC_potentiometer.4762
                0x1ffff054        0x4 ./Sources/Apps/AppSensorTest.o
 .bss.ADC_Temperature.4761
                0x1ffff058        0x4 ./Sources/Apps/AppSensorTest.o
 .bss.ADC_LightIntensity.4760
                0x1ffff05c        0x4 ./Sources/Apps/AppSensorTest.o
 .bss.currentApp
                0x1ffff060        0x4 ./Sources/Apps/AppFramework.o
                0x1ffff060                currentApp
 .bss.currentMenu
                0x1ffff064        0x4 ./Sources/Peripheral/menu.o
                0x1ffff064                currentMenu
 .bss.pNote     0x1ffff068        0x2 ./Sources/Peripheral/Music.o
                0x1ffff068                pNote
 .bss.nDuration
                0x1ffff06a        0x2 ./Sources/Peripheral/Music.o
                0x1ffff06a                nDuration
 .bss.acc_x     0x1ffff06c        0x4 ./Sources/Peripheral/MMA8451Q.o
                0x1ffff06c                acc_x
 .bss.acc_y     0x1ffff070        0x4 ./Sources/Peripheral/MMA8451Q.o
                0x1ffff070                acc_y
 .bss.acc_z     0x1ffff074        0x4 ./Sources/Peripheral/MMA8451Q.o
                0x1ffff074                acc_z
 .bss.acc_0     0x1ffff078        0x4 ./Sources/Peripheral/MMA8451Q.o
                0x1ffff078                acc_0
 .bss.keyRecord
                0x1ffff07c        0x1 ./Sources/Peripheral/Function.o
 *fill*         0x1ffff07d        0x3 00
 .bss.funcChildrenMenu.4782
                0x1ffff080        0xc ./Sources/main.o
 .bss.funcChildrenApplication.4784
                0x1ffff08c        0xc ./Sources/main.o
 .bss.__stdio_exit
                0x1ffff098        0x4 C:/Freescale/CW MCU v10.5/MCU/ARM_GCC_Support/ewl/lib/armv6-m\libc.a(exit.o)
                0x1ffff098                __stdio_exit
 .bss.__console_exit
                0x1ffff09c        0x4 C:/Freescale/CW MCU v10.5/MCU/ARM_GCC_Support/ewl/lib/armv6-m\libc.a(exit.o)
                0x1ffff09c                __console_exit
 .bss.__S_romp  0x1ffff0a0        0xc C:/Freescale/CW MCU v10.5/MCU/ARM_GCC_Support/ewl/lib/armv6-m\librt.a(ROMCopy.o)
 .bss.__global_destructor_chain
                0x1ffff0ac        0x4 C:/Freescale/CW MCU v10.5/MCU/ARM_GCC_Support/ewl/lib/armv6-m\librt.a(__arm_eabi_init.o)
                0x1ffff0ac                __global_destructor_chain
 *(COMMON)
 COMMON         0x1ffff0b0        0x8 ./Sources/Apps/AppSensorTest.o
                0x1ffff0b0                AppSensorTest_app
 COMMON         0x1ffff0b8        0xc ./Sources/Peripheral/menu.o
                0x1ffff0b8                current_operation_index
                0x1ffff0bc                OLED_MENU_app
 COMMON         0x1ffff0c4        0xa ./Sources/Peripheral/MMA8451Q.o
                0x1ffff0c4                SlaveID
                0x1ffff0c5                MasterTransmission
                0x1ffff0c8                MMA8451_data
 *fill*         0x1ffff0ce        0x2 00
 COMMON         0x1ffff0d0       0x68 ./Sources/main.o
                0x1ffff0d0                menuRoot
                0x1ffff0e8                menuFunction3
                0x1ffff100                menuFunction1
                0x1ffff118                show
                0x1ffff120                menuFunction2
                0x1ffff138                . = ALIGN (0x4)
                0x1ffff138                __END_BSS = .
                0x1ffff138                PROVIDE (__bss_end__, __END_BSS)
                0x00003ec4                _romp_at = (___ROM_AT + SIZEOF (.data))

.romp           0x1ffff138       0x18 load address 0x00003ec4
                0x00003ec4                __S_romp = _romp_at
                0x1ffff138        0x4 LONG 0x3e78 ___ROM_AT
                0x1ffff13c        0x4 LONG 0x1ffff000 _sdata
                0x1ffff140        0x4 LONG 0x4c ___data_size
                0x1ffff144        0x4 LONG 0x0
                0x1ffff148        0x4 LONG 0x0
                0x1ffff14c        0x4 LONG 0x0

._user_heap_stack
                0x1ffff150      0x800 load address 0x00003edc
                0x1ffff150                . = ALIGN (0x4)
                0x1ffff150                PROVIDE (end, .)
                0x1ffff150                PROVIDE (_end, .)
                0x1ffff150                __heap_addr = .
                0x1ffff550                . = (. + __heap_size)
 *fill*         0x1ffff150      0x400 00
                0x1ffff950                . = (. + __stack_size)
 *fill*         0x1ffff550      0x400 00
                0x1ffff950                . = ALIGN (0x4)

.ARM.attributes
                0x00000000       0x31
 *(.ARM.attributes)
 .ARM.attributes
                0x00000000       0x31 ./Project_Settings/Startup_Code/kinetis_sysinit.o
 .ARM.attributes
                0x00000031       0x31 ./Project_Settings/Startup_Code/__arm_start.o
 .ARM.attributes
                0x00000062       0x31 ./Project_Settings/Startup_Code/__arm_end.o
 .ARM.attributes
                0x00000093       0x31 ./Sources/Apps/AppSensorTest.o
 .ARM.attributes
                0x000000c4       0x31 ./Sources/Apps/AppFramework.o
 .ARM.attributes
                0x000000f5       0x31 ./Sources/Peripheral/menu.o
 .ARM.attributes
                0x00000126       0x31 ./Sources/Peripheral/UART.o
 .ARM.attributes
                0x00000157       0x31 ./Sources/Peripheral/SMG.o
 .ARM.attributes
                0x00000188       0x31 ./Sources/Peripheral/OLED.o
 .ARM.attributes
                0x000001b9       0x31 ./Sources/Peripheral/Music.o
 .ARM.attributes
                0x000001ea       0x31 ./Sources/Peripheral/MMA8451Q.o
 .ARM.attributes
                0x0000021b       0x31 ./Sources/Peripheral/Function.o
 .ARM.attributes
                0x0000024c       0x31 ./Sources/Peripheral/ADC.o
 .ARM.attributes
                0x0000027d       0x31 ./Sources/main.o
 .ARM.attributes
                0x000002ae       0x31 C:/Freescale/CW MCU v10.5/MCU/ARM_GCC_Support/ewl/lib/armv6-m\libc.a(exit.o)
 .ARM.attributes
                0x000002df       0x31 C:/Freescale/CW MCU v10.5/MCU/ARM_GCC_Support/ewl/lib/armv6-m\libc.a(rand.o)
 .ARM.attributes
                0x00000310       0x31 C:/Freescale/CW MCU v10.5/MCU/ARM_GCC_Support/ewl/lib/armv6-m\libc.a(memset.o)
 .ARM.attributes
                0x00000341       0x31 C:/Freescale/CW MCU v10.5/MCU/ARM_GCC_Support/ewl/lib/armv6-m\libc.a(printformat_.o)
 .ARM.attributes
                0x00000372       0x31 C:/Freescale/CW MCU v10.5/MCU/ARM_GCC_Support/ewl/lib/armv6-m\libc.a(scanformat_.o)
 .ARM.attributes
                0x000003a3       0x31 C:/Freescale/CW MCU v10.5/MCU/ARM_GCC_Support/ewl/lib/armv6-m\libc.a(ctype_aeabi.o)
 .ARM.attributes
                0x000003d4       0x31 C:/Freescale/CW MCU v10.5/MCU/ARM_GCC_Support/ewl/lib/armv6-m\libc.a(__strtoul.o)
 .ARM.attributes
                0x00000405       0x31 C:/Freescale/CW MCU v10.5/MCU/ARM_GCC_Support/ewl/lib/armv6-m\libc.a(__filll_mem.o)
 .ARM.attributes
                0x00000436       0x31 C:/Freescale/CW MCU v10.5/MCU/ARM_GCC_Support/ewl/lib/armv6-m\libc.a(memchr.o)
 .ARM.attributes
                0x00000467       0x31 C:/Freescale/CW MCU v10.5/MCU/ARM_GCC_Support/ewl/lib/armv6-m\libc.a(memcpy.o)
 .ARM.attributes
                0x00000498       0x31 C:/Freescale/CW MCU v10.5/MCU/ARM_GCC_Support/ewl/lib/armv6-m\libc.a(strchr.o)
 .ARM.attributes
                0x000004c9       0x31 C:/Freescale/CW MCU v10.5/MCU/ARM_GCC_Support/ewl/lib/armv6-m\libc.a(strlen.o)
 .ARM.attributes
                0x000004fa       0x1e c:/freescale/cw mcu v10.5/cross_tools/arm-none-eabi-gcc-4_7_3/bin/../lib/gcc/arm-none-eabi/4.7.3/armv6-m\libgcc.a(_thumb1_case_sqi.o)
 .ARM.attributes
                0x00000518       0x1e c:/freescale/cw mcu v10.5/cross_tools/arm-none-eabi-gcc-4_7_3/bin/../lib/gcc/arm-none-eabi/4.7.3/armv6-m\libgcc.a(_thumb1_case_uqi.o)
 .ARM.attributes
                0x00000536       0x1e c:/freescale/cw mcu v10.5/cross_tools/arm-none-eabi-gcc-4_7_3/bin/../lib/gcc/arm-none-eabi/4.7.3/armv6-m\libgcc.a(_udivsi3.o)
 .ARM.attributes
                0x00000554       0x1e c:/freescale/cw mcu v10.5/cross_tools/arm-none-eabi-gcc-4_7_3/bin/../lib/gcc/arm-none-eabi/4.7.3/armv6-m\libgcc.a(_divsi3.o)
 .ARM.attributes
                0x00000572       0x1e c:/freescale/cw mcu v10.5/cross_tools/arm-none-eabi-gcc-4_7_3/bin/../lib/gcc/arm-none-eabi/4.7.3/armv6-m\libgcc.a(_dvmd_tls.o)
 .ARM.attributes
                0x00000590       0x2c c:/freescale/cw mcu v10.5/cross_tools/arm-none-eabi-gcc-4_7_3/bin/../lib/gcc/arm-none-eabi/4.7.3/armv6-m\libgcc.a(floatsisf.o)
 .ARM.attributes
                0x000005bc       0x2c c:/freescale/cw mcu v10.5/cross_tools/arm-none-eabi-gcc-4_7_3/bin/../lib/gcc/arm-none-eabi/4.7.3/armv6-m\libgcc.a(muldf3.o)
 .ARM.attributes
                0x000005e8       0x2c c:/freescale/cw mcu v10.5/cross_tools/arm-none-eabi-gcc-4_7_3/bin/../lib/gcc/arm-none-eabi/4.7.3/armv6-m\libgcc.a(extendsfdf2.o)
 .ARM.attributes
                0x00000614       0x2c c:/freescale/cw mcu v10.5/cross_tools/arm-none-eabi-gcc-4_7_3/bin/../lib/gcc/arm-none-eabi/4.7.3/armv6-m\libgcc.a(truncdfsf2.o)
 .ARM.attributes
                0x00000640       0x1e c:/freescale/cw mcu v10.5/cross_tools/arm-none-eabi-gcc-4_7_3/bin/../lib/gcc/arm-none-eabi/4.7.3/armv6-m\libgcc.a(_clzsi2.o)
 .ARM.attributes
                0x0000065e       0x31 C:/Freescale/CW MCU v10.5/MCU/ARM_GCC_Support/ewl/lib/armv6-m\librt.a(gcc_ctor_dtor.o)
 .ARM.attributes
                0x0000068f       0x31 C:/Freescale/CW MCU v10.5/MCU/ARM_GCC_Support/ewl/lib/armv6-m\librt.a(ROMCopy.o)
 .ARM.attributes
                0x000006c0       0x31 C:/Freescale/CW MCU v10.5/MCU/ARM_GCC_Support/ewl/lib/armv6-m\librt.a(__arm_eabi_init.o)
OUTPUT(All_Functions2.1b.elf elf32-littlearm)

.debug_info     0x00000000     0x58ca
 .debug_info    0x00000000      0x447 ./Project_Settings/Startup_Code/kinetis_sysinit.o
 .debug_info    0x00000447      0x12a ./Project_Settings/Startup_Code/__arm_start.o
 .debug_info    0x00000571       0x54 ./Project_Settings/Startup_Code/__arm_end.o
 .debug_info    0x000005c5      0x1fd ./Sources/Apps/AppSensorTest.o
 .debug_info    0x000007c2      0x186 ./Sources/Apps/AppFramework.o
 .debug_info    0x00000948      0x2a2 ./Sources/Peripheral/menu.o
 .debug_info    0x00000bea      0x515 ./Sources/Peripheral/UART.o
 .debug_info    0x000010ff      0x60e ./Sources/Peripheral/SMG.o
 .debug_info    0x0000170d      0x7b2 ./Sources/Peripheral/OLED.o
 .debug_info    0x00001ebf      0x589 ./Sources/Peripheral/Music.o
 .debug_info    0x00002448      0x6c4 ./Sources/Peripheral/MMA8451Q.o
 .debug_info    0x00002b0c      0x6ce ./Sources/Peripheral/Function.o
 .debug_info    0x000031da      0x56e ./Sources/Peripheral/ADC.o
 .debug_info    0x00003748      0x46a ./Sources/main.o
 .debug_info    0x00003bb2       0xe8 C:/Freescale/CW MCU v10.5/MCU/ARM_GCC_Support/ewl/lib/armv6-m\libc.a(exit.o)
 .debug_info    0x00003c9a      0x100 C:/Freescale/CW MCU v10.5/MCU/ARM_GCC_Support/ewl/lib/armv6-m\libc.a(rand.o)
 .debug_info    0x00003d9a       0xec C:/Freescale/CW MCU v10.5/MCU/ARM_GCC_Support/ewl/lib/armv6-m\libc.a(memset.o)
 .debug_info    0x00003e86      0x50d C:/Freescale/CW MCU v10.5/MCU/ARM_GCC_Support/ewl/lib/armv6-m\libc.a(printformat_.o)
 .debug_info    0x00004393      0x568 C:/Freescale/CW MCU v10.5/MCU/ARM_GCC_Support/ewl/lib/armv6-m\libc.a(scanformat_.o)
 .debug_info    0x000048fb      0x313 C:/Freescale/CW MCU v10.5/MCU/ARM_GCC_Support/ewl/lib/armv6-m\libc.a(ctype_aeabi.o)
 .debug_info    0x00004c0e      0x1d6 C:/Freescale/CW MCU v10.5/MCU/ARM_GCC_Support/ewl/lib/armv6-m\libc.a(__strtoul.o)
 .debug_info    0x00004de4      0x137 C:/Freescale/CW MCU v10.5/MCU/ARM_GCC_Support/ewl/lib/armv6-m\libc.a(__filll_mem.o)
 .debug_info    0x00004f1b      0x121 C:/Freescale/CW MCU v10.5/MCU/ARM_GCC_Support/ewl/lib/armv6-m\libc.a(memchr.o)
 .debug_info    0x0000503c      0x10f C:/Freescale/CW MCU v10.5/MCU/ARM_GCC_Support/ewl/lib/armv6-m\libc.a(memcpy.o)
 .debug_info    0x0000514b      0x10b C:/Freescale/CW MCU v10.5/MCU/ARM_GCC_Support/ewl/lib/armv6-m\libc.a(strchr.o)
 .debug_info    0x00005256       0xea C:/Freescale/CW MCU v10.5/MCU/ARM_GCC_Support/ewl/lib/armv6-m\libc.a(strlen.o)
 .debug_info    0x00005340      0x136 C:/Freescale/CW MCU v10.5/MCU/ARM_GCC_Support/ewl/lib/armv6-m\librt.a(gcc_ctor_dtor.o)
 .debug_info    0x00005476      0x19b C:/Freescale/CW MCU v10.5/MCU/ARM_GCC_Support/ewl/lib/armv6-m\librt.a(ROMCopy.o)
 .debug_info    0x00005611      0x2b9 C:/Freescale/CW MCU v10.5/MCU/ARM_GCC_Support/ewl/lib/armv6-m\librt.a(__arm_eabi_init.o)

.debug_abbrev   0x00000000     0x1c15
 .debug_abbrev  0x00000000       0xe7 ./Project_Settings/Startup_Code/kinetis_sysinit.o
 .debug_abbrev  0x000000e7       0x92 ./Project_Settings/Startup_Code/__arm_start.o
 .debug_abbrev  0x00000179       0x4c ./Project_Settings/Startup_Code/__arm_end.o
 .debug_abbrev  0x000001c5      0x135 ./Sources/Apps/AppSensorTest.o
 .debug_abbrev  0x000002fa       0xe6 ./Sources/Apps/AppFramework.o
 .debug_abbrev  0x000003e0      0x147 ./Sources/Peripheral/menu.o
 .debug_abbrev  0x00000527      0x133 ./Sources/Peripheral/UART.o
 .debug_abbrev  0x0000065a      0x144 ./Sources/Peripheral/SMG.o
 .debug_abbrev  0x0000079e      0x193 ./Sources/Peripheral/OLED.o
 .debug_abbrev  0x00000931      0x118 ./Sources/Peripheral/Music.o
 .debug_abbrev  0x00000a49      0x13f ./Sources/Peripheral/MMA8451Q.o
 .debug_abbrev  0x00000b88      0x17c ./Sources/Peripheral/Function.o
 .debug_abbrev  0x00000d04      0x10f ./Sources/Peripheral/ADC.o
 .debug_abbrev  0x00000e13      0x146 ./Sources/main.o
 .debug_abbrev  0x00000f59       0x7a C:/Freescale/CW MCU v10.5/MCU/ARM_GCC_Support/ewl/lib/armv6-m\libc.a(exit.o)
 .debug_abbrev  0x00000fd3       0x8e C:/Freescale/CW MCU v10.5/MCU/ARM_GCC_Support/ewl/lib/armv6-m\libc.a(rand.o)
 .debug_abbrev  0x00001061       0x62 C:/Freescale/CW MCU v10.5/MCU/ARM_GCC_Support/ewl/lib/armv6-m\libc.a(memset.o)
 .debug_abbrev  0x000010c3      0x200 C:/Freescale/CW MCU v10.5/MCU/ARM_GCC_Support/ewl/lib/armv6-m\libc.a(printformat_.o)
 .debug_abbrev  0x000012c3      0x1f0 C:/Freescale/CW MCU v10.5/MCU/ARM_GCC_Support/ewl/lib/armv6-m\libc.a(scanformat_.o)
 .debug_abbrev  0x000014b3       0x9e C:/Freescale/CW MCU v10.5/MCU/ARM_GCC_Support/ewl/lib/armv6-m\libc.a(ctype_aeabi.o)
 .debug_abbrev  0x00001551       0xc2 C:/Freescale/CW MCU v10.5/MCU/ARM_GCC_Support/ewl/lib/armv6-m\libc.a(__strtoul.o)
 .debug_abbrev  0x00001613       0x78 C:/Freescale/CW MCU v10.5/MCU/ARM_GCC_Support/ewl/lib/armv6-m\libc.a(__filll_mem.o)
 .debug_abbrev  0x0000168b       0x95 C:/Freescale/CW MCU v10.5/MCU/ARM_GCC_Support/ewl/lib/armv6-m\libc.a(memchr.o)
 .debug_abbrev  0x00001720       0x95 C:/Freescale/CW MCU v10.5/MCU/ARM_GCC_Support/ewl/lib/armv6-m\libc.a(memcpy.o)
 .debug_abbrev  0x000017b5       0x7a C:/Freescale/CW MCU v10.5/MCU/ARM_GCC_Support/ewl/lib/armv6-m\libc.a(strchr.o)
 .debug_abbrev  0x0000182f       0x7a C:/Freescale/CW MCU v10.5/MCU/ARM_GCC_Support/ewl/lib/armv6-m\libc.a(strlen.o)
 .debug_abbrev  0x000018a9       0x99 C:/Freescale/CW MCU v10.5/MCU/ARM_GCC_Support/ewl/lib/armv6-m\librt.a(gcc_ctor_dtor.o)
 .debug_abbrev  0x00001942      0x120 C:/Freescale/CW MCU v10.5/MCU/ARM_GCC_Support/ewl/lib/armv6-m\librt.a(ROMCopy.o)
 .debug_abbrev  0x00001a62      0x1b3 C:/Freescale/CW MCU v10.5/MCU/ARM_GCC_Support/ewl/lib/armv6-m\librt.a(__arm_eabi_init.o)

.debug_loc      0x00000000     0x358f
 .debug_loc     0x00000000       0x58 ./Project_Settings/Startup_Code/kinetis_sysinit.o
 .debug_loc     0x00000058       0x2c ./Project_Settings/Startup_Code/__arm_start.o
 .debug_loc     0x00000084       0x38 ./Project_Settings/Startup_Code/__arm_end.o
 .debug_loc     0x000000bc       0xf4 ./Sources/Apps/AppSensorTest.o
 .debug_loc     0x000001b0       0xf4 ./Sources/Apps/AppFramework.o
 .debug_loc     0x000002a4      0x138 ./Sources/Peripheral/menu.o
 .debug_loc     0x000003dc      0x12c ./Sources/Peripheral/UART.o
 .debug_loc     0x00000508      0x100 ./Sources/Peripheral/SMG.o
 .debug_loc     0x00000608      0x294 ./Sources/Peripheral/OLED.o
 .debug_loc     0x0000089c       0xf4 ./Sources/Peripheral/Music.o
 .debug_loc     0x00000990      0x19c ./Sources/Peripheral/MMA8451Q.o
 .debug_loc     0x00000b2c      0x1c8 ./Sources/Peripheral/Function.o
 .debug_loc     0x00000cf4      0x114 ./Sources/Peripheral/ADC.o
 .debug_loc     0x00000e08       0x9c ./Sources/main.o
 .debug_loc     0x00000ea4       0x3e C:/Freescale/CW MCU v10.5/MCU/ARM_GCC_Support/ewl/lib/armv6-m\libc.a(exit.o)
 .debug_loc     0x00000ee2       0x6f C:/Freescale/CW MCU v10.5/MCU/ARM_GCC_Support/ewl/lib/armv6-m\libc.a(memset.o)
 .debug_loc     0x00000f51     0x104b C:/Freescale/CW MCU v10.5/MCU/ARM_GCC_Support/ewl/lib/armv6-m\libc.a(printformat_.o)
 .debug_loc     0x00001f9c      0x9d8 C:/Freescale/CW MCU v10.5/MCU/ARM_GCC_Support/ewl/lib/armv6-m\libc.a(scanformat_.o)
 .debug_loc     0x00002974      0x30d C:/Freescale/CW MCU v10.5/MCU/ARM_GCC_Support/ewl/lib/armv6-m\libc.a(ctype_aeabi.o)
 .debug_loc     0x00002c81      0x305 C:/Freescale/CW MCU v10.5/MCU/ARM_GCC_Support/ewl/lib/armv6-m\libc.a(__strtoul.o)
 .debug_loc     0x00002f86      0x14a C:/Freescale/CW MCU v10.5/MCU/ARM_GCC_Support/ewl/lib/armv6-m\libc.a(__filll_mem.o)
 .debug_loc     0x000030d0       0x77 C:/Freescale/CW MCU v10.5/MCU/ARM_GCC_Support/ewl/lib/armv6-m\libc.a(memchr.o)
 .debug_loc     0x00003147       0x59 C:/Freescale/CW MCU v10.5/MCU/ARM_GCC_Support/ewl/lib/armv6-m\libc.a(memcpy.o)
 .debug_loc     0x000031a0       0xaf C:/Freescale/CW MCU v10.5/MCU/ARM_GCC_Support/ewl/lib/armv6-m\libc.a(strchr.o)
 .debug_loc     0x0000324f       0x33 C:/Freescale/CW MCU v10.5/MCU/ARM_GCC_Support/ewl/lib/armv6-m\libc.a(strlen.o)
 .debug_loc     0x00003282       0x9d C:/Freescale/CW MCU v10.5/MCU/ARM_GCC_Support/ewl/lib/armv6-m\librt.a(gcc_ctor_dtor.o)
 .debug_loc     0x0000331f       0xd9 C:/Freescale/CW MCU v10.5/MCU/ARM_GCC_Support/ewl/lib/armv6-m\librt.a(ROMCopy.o)
 .debug_loc     0x000033f8      0x197 C:/Freescale/CW MCU v10.5/MCU/ARM_GCC_Support/ewl/lib/armv6-m\librt.a(__arm_eabi_init.o)

.debug_aranges  0x00000000      0x658
 .debug_aranges
                0x00000000       0x28 ./Project_Settings/Startup_Code/kinetis_sysinit.o
 .debug_aranges
                0x00000028       0x30 ./Project_Settings/Startup_Code/__arm_start.o
 .debug_aranges
                0x00000058       0x20 ./Project_Settings/Startup_Code/__arm_end.o
 .debug_aranges
                0x00000078       0x40 ./Sources/Apps/AppSensorTest.o
 .debug_aranges
                0x000000b8       0x40 ./Sources/Apps/AppFramework.o
 .debug_aranges
                0x000000f8       0x48 ./Sources/Peripheral/menu.o
 .debug_aranges
                0x00000140       0x48 ./Sources/Peripheral/UART.o
 .debug_aranges
                0x00000188       0x40 ./Sources/Peripheral/SMG.o
 .debug_aranges
                0x000001c8       0x78 ./Sources/Peripheral/OLED.o
 .debug_aranges
                0x00000240       0x40 ./Sources/Peripheral/Music.o
 .debug_aranges
                0x00000280       0x58 ./Sources/Peripheral/MMA8451Q.o
 .debug_aranges
                0x000002d8       0x60 ./Sources/Peripheral/Function.o
 .debug_aranges
                0x00000338       0x48 ./Sources/Peripheral/ADC.o
 .debug_aranges
                0x00000380       0x30 ./Sources/main.o
 .debug_aranges
                0x000003b0       0x20 C:/Freescale/CW MCU v10.5/MCU/ARM_GCC_Support/ewl/lib/armv6-m\libc.a(exit.o)
 .debug_aranges
                0x000003d0       0x28 C:/Freescale/CW MCU v10.5/MCU/ARM_GCC_Support/ewl/lib/armv6-m\libc.a(rand.o)
 .debug_aranges
                0x000003f8       0x20 C:/Freescale/CW MCU v10.5/MCU/ARM_GCC_Support/ewl/lib/armv6-m\libc.a(memset.o)
 .debug_aranges
                0x00000418       0x28 C:/Freescale/CW MCU v10.5/MCU/ARM_GCC_Support/ewl/lib/armv6-m\libc.a(printformat_.o)
 .debug_aranges
                0x00000440       0x20 C:/Freescale/CW MCU v10.5/MCU/ARM_GCC_Support/ewl/lib/armv6-m\libc.a(scanformat_.o)
 .debug_aranges
                0x00000460       0x88 C:/Freescale/CW MCU v10.5/MCU/ARM_GCC_Support/ewl/lib/armv6-m\libc.a(ctype_aeabi.o)
 .debug_aranges
                0x000004e8       0x20 C:/Freescale/CW MCU v10.5/MCU/ARM_GCC_Support/ewl/lib/armv6-m\libc.a(__strtoul.o)
 .debug_aranges
                0x00000508       0x20 C:/Freescale/CW MCU v10.5/MCU/ARM_GCC_Support/ewl/lib/armv6-m\libc.a(__filll_mem.o)
 .debug_aranges
                0x00000528       0x20 C:/Freescale/CW MCU v10.5/MCU/ARM_GCC_Support/ewl/lib/armv6-m\libc.a(memchr.o)
 .debug_aranges
                0x00000548       0x20 C:/Freescale/CW MCU v10.5/MCU/ARM_GCC_Support/ewl/lib/armv6-m\libc.a(memcpy.o)
 .debug_aranges
                0x00000568       0x20 C:/Freescale/CW MCU v10.5/MCU/ARM_GCC_Support/ewl/lib/armv6-m\libc.a(strchr.o)
 .debug_aranges
                0x00000588       0x20 C:/Freescale/CW MCU v10.5/MCU/ARM_GCC_Support/ewl/lib/armv6-m\libc.a(strlen.o)
 .debug_aranges
                0x000005a8       0x28 C:/Freescale/CW MCU v10.5/MCU/ARM_GCC_Support/ewl/lib/armv6-m\librt.a(gcc_ctor_dtor.o)
 .debug_aranges
                0x000005d0       0x30 C:/Freescale/CW MCU v10.5/MCU/ARM_GCC_Support/ewl/lib/armv6-m\librt.a(ROMCopy.o)
 .debug_aranges
                0x00000600       0x58 C:/Freescale/CW MCU v10.5/MCU/ARM_GCC_Support/ewl/lib/armv6-m\librt.a(__arm_eabi_init.o)

.debug_macinfo  0x00000000   0x1d7723
 .debug_macinfo
                0x00000000    0x26534 ./Project_Settings/Startup_Code/kinetis_sysinit.o
 .debug_macinfo
                0x00026534     0x3eb1 ./Project_Settings/Startup_Code/__arm_start.o
 .debug_macinfo
                0x0002a3e5     0x349a ./Project_Settings/Startup_Code/__arm_end.o
 .debug_macinfo
                0x0002d87f    0x26b69 ./Sources/Apps/AppSensorTest.o
 .debug_macinfo
                0x000543e8    0x26b59 ./Sources/Apps/AppFramework.o
 .debug_macinfo
                0x0007af41    0x26b55 ./Sources/Peripheral/menu.o
 .debug_macinfo
                0x000a1a96    0x26b55 ./Sources/Peripheral/UART.o
 .debug_macinfo
                0x000c85eb    0x26b55 ./Sources/Peripheral/SMG.o
 .debug_macinfo
                0x000ef140    0x26b55 ./Sources/Peripheral/OLED.o
 .debug_macinfo
                0x00115c95    0x26d22 ./Sources/Peripheral/Music.o
 .debug_macinfo
                0x0013c9b7    0x26b55 ./Sources/Peripheral/MMA8451Q.o
 .debug_macinfo
                0x0016350c    0x26b55 ./Sources/Peripheral/Function.o
 .debug_macinfo
                0x0018a061    0x26b55 ./Sources/Peripheral/ADC.o
 .debug_macinfo
                0x001b0bb6    0x26b6d ./Sources/main.o

.debug_line     0x00000000     0x3848
 .debug_line    0x00000000      0x22b ./Project_Settings/Startup_Code/kinetis_sysinit.o
 .debug_line    0x0000022b      0x2ae ./Project_Settings/Startup_Code/__arm_start.o
 .debug_line    0x000004d9      0x266 ./Project_Settings/Startup_Code/__arm_end.o
 .debug_line    0x0000073f      0x2d2 ./Sources/Apps/AppSensorTest.o
 .debug_line    0x00000a11      0x2b7 ./Sources/Apps/AppFramework.o
 .debug_line    0x00000cc8      0x2f8 ./Sources/Peripheral/menu.o
 .debug_line    0x00000fc0      0x2f1 ./Sources/Peripheral/UART.o
 .debug_line    0x000012b1      0x2fe ./Sources/Peripheral/SMG.o
 .debug_line    0x000015af      0x3d0 ./Sources/Peripheral/OLED.o
 .debug_line    0x0000197f      0x2d1 ./Sources/Peripheral/Music.o
 .debug_line    0x00001c50      0x34b ./Sources/Peripheral/MMA8451Q.o
 .debug_line    0x00001f9b      0x38f ./Sources/Peripheral/Function.o
 .debug_line    0x0000232a      0x2d3 ./Sources/Peripheral/ADC.o
 .debug_line    0x000025fd      0x2dc ./Sources/main.o
 .debug_line    0x000028d9       0x8d C:/Freescale/CW MCU v10.5/MCU/ARM_GCC_Support/ewl/lib/armv6-m\libc.a(exit.o)
 .debug_line    0x00002966       0x93 C:/Freescale/CW MCU v10.5/MCU/ARM_GCC_Support/ewl/lib/armv6-m\libc.a(rand.o)
 .debug_line    0x000029f9       0x90 C:/Freescale/CW MCU v10.5/MCU/ARM_GCC_Support/ewl/lib/armv6-m\libc.a(memset.o)
 .debug_line    0x00002a89      0x2c3 C:/Freescale/CW MCU v10.5/MCU/ARM_GCC_Support/ewl/lib/armv6-m\libc.a(printformat_.o)
 .debug_line    0x00002d4c      0x2be C:/Freescale/CW MCU v10.5/MCU/ARM_GCC_Support/ewl/lib/armv6-m\libc.a(scanformat_.o)
 .debug_line    0x0000300a      0x1be C:/Freescale/CW MCU v10.5/MCU/ARM_GCC_Support/ewl/lib/armv6-m\libc.a(ctype_aeabi.o)
 .debug_line    0x000031c8      0x11e C:/Freescale/CW MCU v10.5/MCU/ARM_GCC_Support/ewl/lib/armv6-m\libc.a(__strtoul.o)
 .debug_line    0x000032e6       0xf6 C:/Freescale/CW MCU v10.5/MCU/ARM_GCC_Support/ewl/lib/armv6-m\libc.a(__filll_mem.o)
 .debug_line    0x000033dc       0x9f C:/Freescale/CW MCU v10.5/MCU/ARM_GCC_Support/ewl/lib/armv6-m\libc.a(memchr.o)
 .debug_line    0x0000347b       0x8b C:/Freescale/CW MCU v10.5/MCU/ARM_GCC_Support/ewl/lib/armv6-m\libc.a(memcpy.o)
 .debug_line    0x00003506       0x7d C:/Freescale/CW MCU v10.5/MCU/ARM_GCC_Support/ewl/lib/armv6-m\libc.a(strchr.o)
 .debug_line    0x00003583       0x85 C:/Freescale/CW MCU v10.5/MCU/ARM_GCC_Support/ewl/lib/armv6-m\libc.a(strlen.o)
 .debug_line    0x00003608       0x6c C:/Freescale/CW MCU v10.5/MCU/ARM_GCC_Support/ewl/lib/armv6-m\librt.a(gcc_ctor_dtor.o)
 .debug_line    0x00003674       0xbd C:/Freescale/CW MCU v10.5/MCU/ARM_GCC_Support/ewl/lib/armv6-m\librt.a(ROMCopy.o)
 .debug_line    0x00003731      0x117 C:/Freescale/CW MCU v10.5/MCU/ARM_GCC_Support/ewl/lib/armv6-m\librt.a(__arm_eabi_init.o)

.debug_str      0x00000000     0x1696
 .debug_str     0x00000000      0x2ac ./Project_Settings/Startup_Code/kinetis_sysinit.o
                                0x2d3 (size before relaxing)
 .debug_str     0x000002ac       0x85 ./Project_Settings/Startup_Code/__arm_start.o
                                0x1ad (size before relaxing)
 .debug_str     0x00000331       0x41 ./Project_Settings/Startup_Code/__arm_end.o
                                 0xe4 (size before relaxing)
 .debug_str     0x00000372      0x115 ./Sources/Apps/AppSensorTest.o
                                0x24c (size before relaxing)
 .debug_str     0x00000487       0x91 ./Sources/Apps/AppFramework.o
                                0x1ca (size before relaxing)
 .debug_str     0x00000518      0x10f ./Sources/Peripheral/menu.o
                                0x253 (size before relaxing)
 .debug_str     0x00000627       0xe4 ./Sources/Peripheral/UART.o
                                0x301 (size before relaxing)
 .debug_str     0x0000070b      0x10f ./Sources/Peripheral/SMG.o
                                0x36a (size before relaxing)
 .debug_str     0x0000081a       0xd5 ./Sources/Peripheral/OLED.o
                                0x36b (size before relaxing)
 .debug_str     0x000008ef       0xd7 ./Sources/Peripheral/Music.o
                                0x322 (size before relaxing)
 .debug_str     0x000009c6      0x13c ./Sources/Peripheral/MMA8451Q.o
                                0x3aa (size before relaxing)
 .debug_str     0x00000b02      0x125 ./Sources/Peripheral/Function.o
                                0x3dc (size before relaxing)
 .debug_str     0x00000c27       0xdb ./Sources/Peripheral/ADC.o
                                0x348 (size before relaxing)
 .debug_str     0x00000d02       0xe5 ./Sources/main.o
                                0x2ee (size before relaxing)
 .debug_str     0x00000de7       0x54 C:/Freescale/CW MCU v10.5/MCU/ARM_GCC_Support/ewl/lib/armv6-m\libc.a(exit.o)
                                0x157 (size before relaxing)
 .debug_str     0x00000e3b       0x30 C:/Freescale/CW MCU v10.5/MCU/ARM_GCC_Support/ewl/lib/armv6-m\libc.a(rand.o)
                                0x152 (size before relaxing)
 .debug_str     0x00000e6b       0x23 C:/Freescale/CW MCU v10.5/MCU/ARM_GCC_Support/ewl/lib/armv6-m\libc.a(memset.o)
                                0x140 (size before relaxing)
 .debug_str     0x00000e8e      0x23d C:/Freescale/CW MCU v10.5/MCU/ARM_GCC_Support/ewl/lib/armv6-m\libc.a(printformat_.o)
                                0x3b3 (size before relaxing)
 .debug_str     0x000010cb      0x184 C:/Freescale/CW MCU v10.5/MCU/ARM_GCC_Support/ewl/lib/armv6-m\libc.a(scanformat_.o)
                                0x3f9 (size before relaxing)
 .debug_str     0x0000124f       0x9d C:/Freescale/CW MCU v10.5/MCU/ARM_GCC_Support/ewl/lib/armv6-m\libc.a(ctype_aeabi.o)
                                0x1bc (size before relaxing)
 .debug_str     0x000012ec       0x61 C:/Freescale/CW MCU v10.5/MCU/ARM_GCC_Support/ewl/lib/armv6-m\libc.a(__strtoul.o)
                                0x1fb (size before relaxing)
 .debug_str     0x0000134d       0x25 C:/Freescale/CW MCU v10.5/MCU/ARM_GCC_Support/ewl/lib/armv6-m\libc.a(__filll_mem.o)
                                0x152 (size before relaxing)
 .debug_str     0x00001372       0x1c C:/Freescale/CW MCU v10.5/MCU/ARM_GCC_Support/ewl/lib/armv6-m\libc.a(memchr.o)
                                0x148 (size before relaxing)
 .debug_str     0x0000138e       0x1c C:/Freescale/CW MCU v10.5/MCU/ARM_GCC_Support/ewl/lib/armv6-m\libc.a(memcpy.o)
                                0x138 (size before relaxing)
 .debug_str     0x000013aa       0x1c C:/Freescale/CW MCU v10.5/MCU/ARM_GCC_Support/ewl/lib/armv6-m\libc.a(strchr.o)
                                0x137 (size before relaxing)
 .debug_str     0x000013c6       0x1c C:/Freescale/CW MCU v10.5/MCU/ARM_GCC_Support/ewl/lib/armv6-m\libc.a(strlen.o)
                                0x140 (size before relaxing)
 .debug_str     0x000013e2      0x126 C:/Freescale/CW MCU v10.5/MCU/ARM_GCC_Support/ewl/lib/armv6-m\librt.a(gcc_ctor_dtor.o)
                                0x181 (size before relaxing)
 .debug_str     0x00001508       0x9b C:/Freescale/CW MCU v10.5/MCU/ARM_GCC_Support/ewl/lib/armv6-m\librt.a(ROMCopy.o)
                                0x13c (size before relaxing)
 .debug_str     0x000015a3       0xf3 C:/Freescale/CW MCU v10.5/MCU/ARM_GCC_Support/ewl/lib/armv6-m\librt.a(__arm_eabi_init.o)
                                0x1b5 (size before relaxing)

.comment        0x00000000       0x79
 .comment       0x00000000       0x79 ./Project_Settings/Startup_Code/kinetis_sysinit.o
                                 0x7a (size before relaxing)
 .comment       0x00000000       0x7a ./Project_Settings/Startup_Code/__arm_start.o
 .comment       0x00000000       0x7a ./Project_Settings/Startup_Code/__arm_end.o
 .comment       0x00000000       0x7a ./Sources/Apps/AppSensorTest.o
 .comment       0x00000000       0x7a ./Sources/Apps/AppFramework.o
 .comment       0x00000000       0x7a ./Sources/Peripheral/menu.o
 .comment       0x00000000       0x7a ./Sources/Peripheral/UART.o
 .comment       0x00000000       0x7a ./Sources/Peripheral/SMG.o
 .comment       0x00000000       0x7a ./Sources/Peripheral/OLED.o
 .comment       0x00000000       0x7a ./Sources/Peripheral/Music.o
 .comment       0x00000000       0x7a ./Sources/Peripheral/MMA8451Q.o
 .comment       0x00000000       0x7a ./Sources/Peripheral/Function.o
 .comment       0x00000000       0x7a ./Sources/Peripheral/ADC.o
 .comment       0x00000000       0x7a ./Sources/main.o
 .comment       0x00000000       0x7a C:/Freescale/CW MCU v10.5/MCU/ARM_GCC_Support/ewl/lib/armv6-m\libc.a(exit.o)
 .comment       0x00000000       0x7a C:/Freescale/CW MCU v10.5/MCU/ARM_GCC_Support/ewl/lib/armv6-m\libc.a(rand.o)
 .comment       0x00000000       0x7a C:/Freescale/CW MCU v10.5/MCU/ARM_GCC_Support/ewl/lib/armv6-m\libc.a(memset.o)
 .comment       0x00000000       0x7a C:/Freescale/CW MCU v10.5/MCU/ARM_GCC_Support/ewl/lib/armv6-m\libc.a(printformat_.o)
 .comment       0x00000000       0x7a C:/Freescale/CW MCU v10.5/MCU/ARM_GCC_Support/ewl/lib/armv6-m\libc.a(scanformat_.o)
 .comment       0x00000000       0x7a C:/Freescale/CW MCU v10.5/MCU/ARM_GCC_Support/ewl/lib/armv6-m\libc.a(ctype_aeabi.o)
 .comment       0x00000000       0x7a C:/Freescale/CW MCU v10.5/MCU/ARM_GCC_Support/ewl/lib/armv6-m\libc.a(__strtoul.o)
 .comment       0x00000000       0x7a C:/Freescale/CW MCU v10.5/MCU/ARM_GCC_Support/ewl/lib/armv6-m\libc.a(__filll_mem.o)
 .comment       0x00000000       0x7a C:/Freescale/CW MCU v10.5/MCU/ARM_GCC_Support/ewl/lib/armv6-m\libc.a(memchr.o)
 .comment       0x00000000       0x7a C:/Freescale/CW MCU v10.5/MCU/ARM_GCC_Support/ewl/lib/armv6-m\libc.a(memcpy.o)
 .comment       0x00000000       0x7a C:/Freescale/CW MCU v10.5/MCU/ARM_GCC_Support/ewl/lib/armv6-m\libc.a(strchr.o)
 .comment       0x00000000       0x7a C:/Freescale/CW MCU v10.5/MCU/ARM_GCC_Support/ewl/lib/armv6-m\libc.a(strlen.o)
 .comment       0x00000000       0x7a C:/Freescale/CW MCU v10.5/MCU/ARM_GCC_Support/ewl/lib/armv6-m\librt.a(gcc_ctor_dtor.o)
 .comment       0x00000000       0x7a C:/Freescale/CW MCU v10.5/MCU/ARM_GCC_Support/ewl/lib/armv6-m\librt.a(ROMCopy.o)
 .comment       0x00000000       0x7a C:/Freescale/CW MCU v10.5/MCU/ARM_GCC_Support/ewl/lib/armv6-m\librt.a(__arm_eabi_init.o)

.debug_frame    0x00000000      0xf78
 .debug_frame   0x00000000       0x48 ./Project_Settings/Startup_Code/kinetis_sysinit.o
 .debug_frame   0x00000048       0x4c ./Project_Settings/Startup_Code/__arm_start.o
 .debug_frame   0x00000094       0x30 ./Project_Settings/Startup_Code/__arm_end.o
 .debug_frame   0x000000c4       0xa4 ./Sources/Apps/AppSensorTest.o
 .debug_frame   0x00000168       0xa4 ./Sources/Apps/AppFramework.o
 .debug_frame   0x0000020c       0xc8 ./Sources/Peripheral/menu.o
 .debug_frame   0x000002d4       0xc4 ./Sources/Peripheral/UART.o
 .debug_frame   0x00000398       0xac ./Sources/Peripheral/SMG.o
 .debug_frame   0x00000444      0x18c ./Sources/Peripheral/OLED.o
 .debug_frame   0x000005d0       0xa4 ./Sources/Peripheral/Music.o
 .debug_frame   0x00000674      0x108 ./Sources/Peripheral/MMA8451Q.o
 .debug_frame   0x0000077c      0x120 ./Sources/Peripheral/Function.o
 .debug_frame   0x0000089c       0xbc ./Sources/Peripheral/ADC.o
 .debug_frame   0x00000958       0x6c ./Sources/main.o
 .debug_frame   0x000009c4       0x2c C:/Freescale/CW MCU v10.5/MCU/ARM_GCC_Support/ewl/lib/armv6-m\libc.a(exit.o)
 .debug_frame   0x000009f0       0x30 C:/Freescale/CW MCU v10.5/MCU/ARM_GCC_Support/ewl/lib/armv6-m\libc.a(rand.o)
 .debug_frame   0x00000a20       0x28 C:/Freescale/CW MCU v10.5/MCU/ARM_GCC_Support/ewl/lib/armv6-m\libc.a(memset.o)
 .debug_frame   0x00000a48       0x54 C:/Freescale/CW MCU v10.5/MCU/ARM_GCC_Support/ewl/lib/armv6-m\libc.a(printformat_.o)
 .debug_frame   0x00000a9c       0x34 C:/Freescale/CW MCU v10.5/MCU/ARM_GCC_Support/ewl/lib/armv6-m\libc.a(scanformat_.o)
 .debug_frame   0x00000ad0      0x158 C:/Freescale/CW MCU v10.5/MCU/ARM_GCC_Support/ewl/lib/armv6-m\libc.a(ctype_aeabi.o)
 .debug_frame   0x00000c28       0x30 C:/Freescale/CW MCU v10.5/MCU/ARM_GCC_Support/ewl/lib/armv6-m\libc.a(__strtoul.o)
 .debug_frame   0x00000c58       0x2c C:/Freescale/CW MCU v10.5/MCU/ARM_GCC_Support/ewl/lib/armv6-m\libc.a(__filll_mem.o)
 .debug_frame   0x00000c84       0x28 C:/Freescale/CW MCU v10.5/MCU/ARM_GCC_Support/ewl/lib/armv6-m\libc.a(memchr.o)
 .debug_frame   0x00000cac       0x28 C:/Freescale/CW MCU v10.5/MCU/ARM_GCC_Support/ewl/lib/armv6-m\libc.a(memcpy.o)
 .debug_frame   0x00000cd4       0x28 C:/Freescale/CW MCU v10.5/MCU/ARM_GCC_Support/ewl/lib/armv6-m\libc.a(strchr.o)
 .debug_frame   0x00000cfc       0x28 C:/Freescale/CW MCU v10.5/MCU/ARM_GCC_Support/ewl/lib/armv6-m\libc.a(strlen.o)
 .debug_frame   0x00000d24       0x20 c:/freescale/cw mcu v10.5/cross_tools/arm-none-eabi-gcc-4_7_3/bin/../lib/gcc/arm-none-eabi/4.7.3/armv6-m\libgcc.a(_udivsi3.o)
 .debug_frame   0x00000d44       0x20 c:/freescale/cw mcu v10.5/cross_tools/arm-none-eabi-gcc-4_7_3/bin/../lib/gcc/arm-none-eabi/4.7.3/armv6-m\libgcc.a(_divsi3.o)
 .debug_frame   0x00000d64       0x2c c:/freescale/cw mcu v10.5/cross_tools/arm-none-eabi-gcc-4_7_3/bin/../lib/gcc/arm-none-eabi/4.7.3/armv6-m\libgcc.a(floatsisf.o)
 .debug_frame   0x00000d90       0x3c c:/freescale/cw mcu v10.5/cross_tools/arm-none-eabi-gcc-4_7_3/bin/../lib/gcc/arm-none-eabi/4.7.3/armv6-m\libgcc.a(muldf3.o)
 .debug_frame   0x00000dcc       0x2c c:/freescale/cw mcu v10.5/cross_tools/arm-none-eabi-gcc-4_7_3/bin/../lib/gcc/arm-none-eabi/4.7.3/armv6-m\libgcc.a(extendsfdf2.o)
 .debug_frame   0x00000df8       0x30 c:/freescale/cw mcu v10.5/cross_tools/arm-none-eabi-gcc-4_7_3/bin/../lib/gcc/arm-none-eabi/4.7.3/armv6-m\libgcc.a(truncdfsf2.o)
 .debug_frame   0x00000e28       0x40 C:/Freescale/CW MCU v10.5/MCU/ARM_GCC_Support/ewl/lib/armv6-m\librt.a(gcc_ctor_dtor.o)
 .debug_frame   0x00000e68       0x54 C:/Freescale/CW MCU v10.5/MCU/ARM_GCC_Support/ewl/lib/armv6-m\librt.a(ROMCopy.o)
 .debug_frame   0x00000ebc       0xbc C:/Freescale/CW MCU v10.5/MCU/ARM_GCC_Support/ewl/lib/armv6-m\librt.a(__arm_eabi_init.o)
